<html>
<body>
<pre>
<h1>µVision Build Log</h1>
<h2>Tool Versions:</h2>
IDE-Version: µVision V5.39.0.0
Copyright (C) 2023 ARM Ltd and ARM Germany GmbH. All rights reserved.
License Information: Gena Girkin, CNR, LIC=CZLZX-HKDGA-NNQAF-6UB85-98MH1-Y4FPL
 
Tool Versions:
Toolchain:       MDK-ARM Plus  Version: 5.39.0.0
Toolchain Path:  C:\Keil_v5\ARM\ARMCC\Bin
C Compiler:      Armcc.exe V5.06 update 3 (build 300)
Assembler:       Armasm.exe V5.06 update 3 (build 300)
Linker/Locator:  ArmLink.exe V5.06 update 3 (build 300)
Library Manager: ArmAr.exe V5.06 update 3 (build 300)
Hex Converter:   FromElf.exe V5.06 update 3 (build 300)
CPU DLL:         SARMCM3.DLL V5.39.0.0
Dialog DLL:      DCM.DLL V1.17.5.0
Target DLL:      STLink\ST-LINKIII-KEIL_SWO.dll V3.2.0.0
Dialog DLL:      TCM.DLL V1.56.4.0
 
<h2>Project:</h2>
D:\embeded systems\CUBE_MX DISPLAY test\LCD_test_3\MDK-ARM\LCD_test_3.uvprojx
Project File Date:  11/09/2024

<h2>Output:</h2>
*** Using Compiler 'V5.06 update 3 (build 300)', folder: 'C:\Keil_v5\ARM\ARMCC\Bin'
Build target 'LCD_test_3'
compiling File_Handling.c...
../Core/Inc/main.h(74): warning:  #1295-D: Deprecated declaration LEFT_button_handrel - give arg types
  void LEFT_button_handrel();
../Core/Inc/main.h(75): warning:  #1295-D: Deprecated declaration RIGHT_button_handrel - give arg types
  void RIGHT_button_handrel();
../Core/Inc/main.h(76): warning:  #1295-D: Deprecated declaration UP_button_handrel - give arg types
  void UP_button_handrel();
../Core/Inc/main.h(77): warning:  #1295-D: Deprecated declaration DOWN_button_handrel - give arg types
  void DOWN_button_handrel();
../Core/Inc/main.h(79): warning:  #1295-D: Deprecated declaration view_menu_DOWN_button_handler - give arg types
  void view_menu_DOWN_button_handler();
../Core/Inc/main.h(80): warning:  #1295-D: Deprecated declaration view_menu_UP_button_handler - give arg types
  void view_menu_UP_button_handler();
../Core/Inc/main.h(81): warning:  #1295-D: Deprecated declaration view_menu_LEFT_button_handler - give arg types
  void view_menu_LEFT_button_handler();
../Core/Inc/main.h(82): warning:  #1295-D: Deprecated declaration view_menu_RIGHT_button_handler - give arg types
  void view_menu_RIGHT_button_handler();
../Core/Inc/main.h(84): warning:  #1295-D: Deprecated declaration view_txt_DOWN_button_handler - give arg types
  void view_txt_DOWN_button_handler();
../Core/Inc/main.h(85): warning:  #1295-D: Deprecated declaration view_txt_UP_button_handler - give arg types
  void view_txt_UP_button_handler();
../Core/Inc/main.h(86): warning:  #1295-D: Deprecated declaration view_txt_LEFT_button_handler - give arg types
  void view_txt_LEFT_button_handler();
../Core/Inc/main.h(87): warning:  #1295-D: Deprecated declaration view_txt_RIGHT_button_handler - give arg types
  void view_txt_RIGHT_button_handler();
../Core/Inc/main.h(89): warning:  #1295-D: Deprecated declaration view_image_DOWN_button_handler - give arg types
  void view_image_DOWN_button_handler();
../Core/Inc/main.h(90): warning:  #1295-D: Deprecated declaration view_image_UP_button_handler - give arg types
  void view_image_UP_button_handler();
../Core/Inc/main.h(91): warning:  #1295-D: Deprecated declaration view_image_LEFT_button_handler - give arg types
  void view_image_LEFT_button_handler();
../Core/Inc/main.h(92): warning:  #1295-D: Deprecated declaration view_image_RIGHT_button_handler - give arg types
  void view_image_RIGHT_button_handler();
../Core/Inc/main.h(94): warning:  #1295-D: Deprecated declaration check_for_USB_storage_connection - give arg types
  void check_for_USB_storage_connection();
../Core/Inc/cg9a01.h(74): warning:  #47-D: incompatible redefinition of macro "RAINBOW_YELLOW" (declared at line 104 of "../Core/Inc/GC9A01.h")
  #define RAINBOW_YELLOW   0xFFE0
..\Core\Src\File_Handling.c: 18 warnings, 0 errors
compiling GC9A01.c...
../Core/Inc/main.h(74): warning:  #1295-D: Deprecated declaration LEFT_button_handrel - give arg types
  void LEFT_button_handrel();
../Core/Inc/main.h(75): warning:  #1295-D: Deprecated declaration RIGHT_button_handrel - give arg types
  void RIGHT_button_handrel();
../Core/Inc/main.h(76): warning:  #1295-D: Deprecated declaration UP_button_handrel - give arg types
  void UP_button_handrel();
../Core/Inc/main.h(77): warning:  #1295-D: Deprecated declaration DOWN_button_handrel - give arg types
  void DOWN_button_handrel();
../Core/Inc/main.h(79): warning:  #1295-D: Deprecated declaration view_menu_DOWN_button_handler - give arg types
  void view_menu_DOWN_button_handler();
../Core/Inc/main.h(80): warning:  #1295-D: Deprecated declaration view_menu_UP_button_handler - give arg types
  void view_menu_UP_button_handler();
../Core/Inc/main.h(81): warning:  #1295-D: Deprecated declaration view_menu_LEFT_button_handler - give arg types
  void view_menu_LEFT_button_handler();
../Core/Inc/main.h(82): warning:  #1295-D: Deprecated declaration view_menu_RIGHT_button_handler - give arg types
  void view_menu_RIGHT_button_handler();
../Core/Inc/main.h(84): warning:  #1295-D: Deprecated declaration view_txt_DOWN_button_handler - give arg types
  void view_txt_DOWN_button_handler();
../Core/Inc/main.h(85): warning:  #1295-D: Deprecated declaration view_txt_UP_button_handler - give arg types
  void view_txt_UP_button_handler();
../Core/Inc/main.h(86): warning:  #1295-D: Deprecated declaration view_txt_LEFT_button_handler - give arg types
  void view_txt_LEFT_button_handler();
../Core/Inc/main.h(87): warning:  #1295-D: Deprecated declaration view_txt_RIGHT_button_handler - give arg types
  void view_txt_RIGHT_button_handler();
../Core/Inc/main.h(89): warning:  #1295-D: Deprecated declaration view_image_DOWN_button_handler - give arg types
  void view_image_DOWN_button_handler();
../Core/Inc/main.h(90): warning:  #1295-D: Deprecated declaration view_image_UP_button_handler - give arg types
  void view_image_UP_button_handler();
../Core/Inc/main.h(91): warning:  #1295-D: Deprecated declaration view_image_LEFT_button_handler - give arg types
  void view_image_LEFT_button_handler();
../Core/Inc/main.h(92): warning:  #1295-D: Deprecated declaration view_image_RIGHT_button_handler - give arg types
  void view_image_RIGHT_button_handler();
../Core/Inc/main.h(94): warning:  #1295-D: Deprecated declaration check_for_USB_storage_connection - give arg types
  void check_for_USB_storage_connection();
..\Core\Src\GC9A01.c(785): warning:  #940-D: missing return statement at end of non-void function "get_active_menu_member"
  }
..\Core\Src\GC9A01.c: 18 warnings, 0 errors
compiling main.c...
../Core/Inc/main.h(74): warning:  #1295-D: Deprecated declaration LEFT_button_handrel - give arg types
  void LEFT_button_handrel();
../Core/Inc/main.h(75): warning:  #1295-D: Deprecated declaration RIGHT_button_handrel - give arg types
  void RIGHT_button_handrel();
../Core/Inc/main.h(76): warning:  #1295-D: Deprecated declaration UP_button_handrel - give arg types
  void UP_button_handrel();
../Core/Inc/main.h(77): warning:  #1295-D: Deprecated declaration DOWN_button_handrel - give arg types
  void DOWN_button_handrel();
../Core/Inc/main.h(79): warning:  #1295-D: Deprecated declaration view_menu_DOWN_button_handler - give arg types
  void view_menu_DOWN_button_handler();
../Core/Inc/main.h(80): warning:  #1295-D: Deprecated declaration view_menu_UP_button_handler - give arg types
  void view_menu_UP_button_handler();
../Core/Inc/main.h(81): warning:  #1295-D: Deprecated declaration view_menu_LEFT_button_handler - give arg types
  void view_menu_LEFT_button_handler();
../Core/Inc/main.h(82): warning:  #1295-D: Deprecated declaration view_menu_RIGHT_button_handler - give arg types
  void view_menu_RIGHT_button_handler();
../Core/Inc/main.h(84): warning:  #1295-D: Deprecated declaration view_txt_DOWN_button_handler - give arg types
  void view_txt_DOWN_button_handler();
../Core/Inc/main.h(85): warning:  #1295-D: Deprecated declaration view_txt_UP_button_handler - give arg types
  void view_txt_UP_button_handler();
../Core/Inc/main.h(86): warning:  #1295-D: Deprecated declaration view_txt_LEFT_button_handler - give arg types
  void view_txt_LEFT_button_handler();
../Core/Inc/main.h(87): warning:  #1295-D: Deprecated declaration view_txt_RIGHT_button_handler - give arg types
  void view_txt_RIGHT_button_handler();
../Core/Inc/main.h(89): warning:  #1295-D: Deprecated declaration view_image_DOWN_button_handler - give arg types
  void view_image_DOWN_button_handler();
../Core/Inc/main.h(90): warning:  #1295-D: Deprecated declaration view_image_UP_button_handler - give arg types
  void view_image_UP_button_handler();
../Core/Inc/main.h(91): warning:  #1295-D: Deprecated declaration view_image_LEFT_button_handler - give arg types
  void view_image_LEFT_button_handler();
../Core/Inc/main.h(92): warning:  #1295-D: Deprecated declaration view_image_RIGHT_button_handler - give arg types
  void view_image_RIGHT_button_handler();
../Core/Inc/main.h(94): warning:  #1295-D: Deprecated declaration check_for_USB_storage_connection - give arg types
  void check_for_USB_storage_connection();
../Core/Src/main.c(700): warning:  #186-D: pointless comparison of unsigned integer with zero
          for (uint16_t i = len - 1; i >= 0; i--) {
../Core/Src/main.c: 18 warnings, 0 errors
compiling stm32f4xx_it.c...
../Core/Inc/main.h(74): warning:  #1295-D: Deprecated declaration LEFT_button_handrel - give arg types
  void LEFT_button_handrel();
../Core/Inc/main.h(75): warning:  #1295-D: Deprecated declaration RIGHT_button_handrel - give arg types
  void RIGHT_button_handrel();
../Core/Inc/main.h(76): warning:  #1295-D: Deprecated declaration UP_button_handrel - give arg types
  void UP_button_handrel();
../Core/Inc/main.h(77): warning:  #1295-D: Deprecated declaration DOWN_button_handrel - give arg types
  void DOWN_button_handrel();
../Core/Inc/main.h(79): warning:  #1295-D: Deprecated declaration view_menu_DOWN_button_handler - give arg types
  void view_menu_DOWN_button_handler();
../Core/Inc/main.h(80): warning:  #1295-D: Deprecated declaration view_menu_UP_button_handler - give arg types
  void view_menu_UP_button_handler();
../Core/Inc/main.h(81): warning:  #1295-D: Deprecated declaration view_menu_LEFT_button_handler - give arg types
  void view_menu_LEFT_button_handler();
../Core/Inc/main.h(82): warning:  #1295-D: Deprecated declaration view_menu_RIGHT_button_handler - give arg types
  void view_menu_RIGHT_button_handler();
../Core/Inc/main.h(84): warning:  #1295-D: Deprecated declaration view_txt_DOWN_button_handler - give arg types
  void view_txt_DOWN_button_handler();
../Core/Inc/main.h(85): warning:  #1295-D: Deprecated declaration view_txt_UP_button_handler - give arg types
  void view_txt_UP_button_handler();
../Core/Inc/main.h(86): warning:  #1295-D: Deprecated declaration view_txt_LEFT_button_handler - give arg types
  void view_txt_LEFT_button_handler();
../Core/Inc/main.h(87): warning:  #1295-D: Deprecated declaration view_txt_RIGHT_button_handler - give arg types
  void view_txt_RIGHT_button_handler();
../Core/Inc/main.h(89): warning:  #1295-D: Deprecated declaration view_image_DOWN_button_handler - give arg types
  void view_image_DOWN_button_handler();
../Core/Inc/main.h(90): warning:  #1295-D: Deprecated declaration view_image_UP_button_handler - give arg types
  void view_image_UP_button_handler();
../Core/Inc/main.h(91): warning:  #1295-D: Deprecated declaration view_image_LEFT_button_handler - give arg types
  void view_image_LEFT_button_handler();
../Core/Inc/main.h(92): warning:  #1295-D: Deprecated declaration view_image_RIGHT_button_handler - give arg types
  void view_image_RIGHT_button_handler();
../Core/Inc/main.h(94): warning:  #1295-D: Deprecated declaration check_for_USB_storage_connection - give arg types
  void check_for_USB_storage_connection();
../Core/Src/stm32f4xx_it.c: 17 warnings, 0 errors
compiling stm32f4xx_hal_msp.c...
../Core/Inc/main.h(74): warning:  #1295-D: Deprecated declaration LEFT_button_handrel - give arg types
  void LEFT_button_handrel();
../Core/Inc/main.h(75): warning:  #1295-D: Deprecated declaration RIGHT_button_handrel - give arg types
  void RIGHT_button_handrel();
../Core/Inc/main.h(76): warning:  #1295-D: Deprecated declaration UP_button_handrel - give arg types
  void UP_button_handrel();
../Core/Inc/main.h(77): warning:  #1295-D: Deprecated declaration DOWN_button_handrel - give arg types
  void DOWN_button_handrel();
../Core/Inc/main.h(79): warning:  #1295-D: Deprecated declaration view_menu_DOWN_button_handler - give arg types
  void view_menu_DOWN_button_handler();
../Core/Inc/main.h(80): warning:  #1295-D: Deprecated declaration view_menu_UP_button_handler - give arg types
  void view_menu_UP_button_handler();
../Core/Inc/main.h(81): warning:  #1295-D: Deprecated declaration view_menu_LEFT_button_handler - give arg types
  void view_menu_LEFT_button_handler();
../Core/Inc/main.h(82): warning:  #1295-D: Deprecated declaration view_menu_RIGHT_button_handler - give arg types
  void view_menu_RIGHT_button_handler();
../Core/Inc/main.h(84): warning:  #1295-D: Deprecated declaration view_txt_DOWN_button_handler - give arg types
  void view_txt_DOWN_button_handler();
../Core/Inc/main.h(85): warning:  #1295-D: Deprecated declaration view_txt_UP_button_handler - give arg types
  void view_txt_UP_button_handler();
../Core/Inc/main.h(86): warning:  #1295-D: Deprecated declaration view_txt_LEFT_button_handler - give arg types
  void view_txt_LEFT_button_handler();
../Core/Inc/main.h(87): warning:  #1295-D: Deprecated declaration view_txt_RIGHT_button_handler - give arg types
  void view_txt_RIGHT_button_handler();
../Core/Inc/main.h(89): warning:  #1295-D: Deprecated declaration view_image_DOWN_button_handler - give arg types
  void view_image_DOWN_button_handler();
../Core/Inc/main.h(90): warning:  #1295-D: Deprecated declaration view_image_UP_button_handler - give arg types
  void view_image_UP_button_handler();
../Core/Inc/main.h(91): warning:  #1295-D: Deprecated declaration view_image_LEFT_button_handler - give arg types
  void view_image_LEFT_button_handler();
../Core/Inc/main.h(92): warning:  #1295-D: Deprecated declaration view_image_RIGHT_button_handler - give arg types
  void view_image_RIGHT_button_handler();
../Core/Inc/main.h(94): warning:  #1295-D: Deprecated declaration check_for_USB_storage_connection - give arg types
  void check_for_USB_storage_connection();
../Core/Src/stm32f4xx_hal_msp.c: 17 warnings, 0 errors
compiling usbh_diskio.c...
../Core/Inc/main.h(74): warning:  #1295-D: Deprecated declaration LEFT_button_handrel - give arg types
  void LEFT_button_handrel();
../Core/Inc/main.h(75): warning:  #1295-D: Deprecated declaration RIGHT_button_handrel - give arg types
  void RIGHT_button_handrel();
../Core/Inc/main.h(76): warning:  #1295-D: Deprecated declaration UP_button_handrel - give arg types
  void UP_button_handrel();
../Core/Inc/main.h(77): warning:  #1295-D: Deprecated declaration DOWN_button_handrel - give arg types
  void DOWN_button_handrel();
../Core/Inc/main.h(79): warning:  #1295-D: Deprecated declaration view_menu_DOWN_button_handler - give arg types
  void view_menu_DOWN_button_handler();
../Core/Inc/main.h(80): warning:  #1295-D: Deprecated declaration view_menu_UP_button_handler - give arg types
  void view_menu_UP_button_handler();
../Core/Inc/main.h(81): warning:  #1295-D: Deprecated declaration view_menu_LEFT_button_handler - give arg types
  void view_menu_LEFT_button_handler();
../Core/Inc/main.h(82): warning:  #1295-D: Deprecated declaration view_menu_RIGHT_button_handler - give arg types
  void view_menu_RIGHT_button_handler();
../Core/Inc/main.h(84): warning:  #1295-D: Deprecated declaration view_txt_DOWN_button_handler - give arg types
  void view_txt_DOWN_button_handler();
../Core/Inc/main.h(85): warning:  #1295-D: Deprecated declaration view_txt_UP_button_handler - give arg types
  void view_txt_UP_button_handler();
../Core/Inc/main.h(86): warning:  #1295-D: Deprecated declaration view_txt_LEFT_button_handler - give arg types
  void view_txt_LEFT_button_handler();
../Core/Inc/main.h(87): warning:  #1295-D: Deprecated declaration view_txt_RIGHT_button_handler - give arg types
  void view_txt_RIGHT_button_handler();
../Core/Inc/main.h(89): warning:  #1295-D: Deprecated declaration view_image_DOWN_button_handler - give arg types
  void view_image_DOWN_button_handler();
../Core/Inc/main.h(90): warning:  #1295-D: Deprecated declaration view_image_UP_button_handler - give arg types
  void view_image_UP_button_handler();
../Core/Inc/main.h(91): warning:  #1295-D: Deprecated declaration view_image_LEFT_button_handler - give arg types
  void view_image_LEFT_button_handler();
../Core/Inc/main.h(92): warning:  #1295-D: Deprecated declaration view_image_RIGHT_button_handler - give arg types
  void view_image_RIGHT_button_handler();
../Core/Inc/main.h(94): warning:  #1295-D: Deprecated declaration check_for_USB_storage_connection - give arg types
  void check_for_USB_storage_connection();
../FATFS/Target/usbh_diskio.c: 17 warnings, 0 errors
compiling fatfs.c...
../Core/Inc/main.h(74): warning:  #1295-D: Deprecated declaration LEFT_button_handrel - give arg types
  void LEFT_button_handrel();
../Core/Inc/main.h(75): warning:  #1295-D: Deprecated declaration RIGHT_button_handrel - give arg types
  void RIGHT_button_handrel();
../Core/Inc/main.h(76): warning:  #1295-D: Deprecated declaration UP_button_handrel - give arg types
  void UP_button_handrel();
../Core/Inc/main.h(77): warning:  #1295-D: Deprecated declaration DOWN_button_handrel - give arg types
  void DOWN_button_handrel();
../Core/Inc/main.h(79): warning:  #1295-D: Deprecated declaration view_menu_DOWN_button_handler - give arg types
  void view_menu_DOWN_button_handler();
../Core/Inc/main.h(80): warning:  #1295-D: Deprecated declaration view_menu_UP_button_handler - give arg types
  void view_menu_UP_button_handler();
../Core/Inc/main.h(81): warning:  #1295-D: Deprecated declaration view_menu_LEFT_button_handler - give arg types
  void view_menu_LEFT_button_handler();
../Core/Inc/main.h(82): warning:  #1295-D: Deprecated declaration view_menu_RIGHT_button_handler - give arg types
  void view_menu_RIGHT_button_handler();
../Core/Inc/main.h(84): warning:  #1295-D: Deprecated declaration view_txt_DOWN_button_handler - give arg types
  void view_txt_DOWN_button_handler();
../Core/Inc/main.h(85): warning:  #1295-D: Deprecated declaration view_txt_UP_button_handler - give arg types
  void view_txt_UP_button_handler();
../Core/Inc/main.h(86): warning:  #1295-D: Deprecated declaration view_txt_LEFT_button_handler - give arg types
  void view_txt_LEFT_button_handler();
../Core/Inc/main.h(87): warning:  #1295-D: Deprecated declaration view_txt_RIGHT_button_handler - give arg types
  void view_txt_RIGHT_button_handler();
../Core/Inc/main.h(89): warning:  #1295-D: Deprecated declaration view_image_DOWN_button_handler - give arg types
  void view_image_DOWN_button_handler();
../Core/Inc/main.h(90): warning:  #1295-D: Deprecated declaration view_image_UP_button_handler - give arg types
  void view_image_UP_button_handler();
../Core/Inc/main.h(91): warning:  #1295-D: Deprecated declaration view_image_LEFT_button_handler - give arg types
  void view_image_LEFT_button_handler();
../Core/Inc/main.h(92): warning:  #1295-D: Deprecated declaration view_image_RIGHT_button_handler - give arg types
  void view_image_RIGHT_button_handler();
../Core/Inc/main.h(94): warning:  #1295-D: Deprecated declaration check_for_USB_storage_connection - give arg types
  void check_for_USB_storage_connection();
../FATFS/App/fatfs.c: 17 warnings, 0 errors
compiling usb_host.c...
../Core/Inc/main.h(74): warning:  #1295-D: Deprecated declaration LEFT_button_handrel - give arg types
  void LEFT_button_handrel();
../Core/Inc/main.h(75): warning:  #1295-D: Deprecated declaration RIGHT_button_handrel - give arg types
  void RIGHT_button_handrel();
../Core/Inc/main.h(76): warning:  #1295-D: Deprecated declaration UP_button_handrel - give arg types
  void UP_button_handrel();
../Core/Inc/main.h(77): warning:  #1295-D: Deprecated declaration DOWN_button_handrel - give arg types
  void DOWN_button_handrel();
../Core/Inc/main.h(79): warning:  #1295-D: Deprecated declaration view_menu_DOWN_button_handler - give arg types
  void view_menu_DOWN_button_handler();
../Core/Inc/main.h(80): warning:  #1295-D: Deprecated declaration view_menu_UP_button_handler - give arg types
  void view_menu_UP_button_handler();
../Core/Inc/main.h(81): warning:  #1295-D: Deprecated declaration view_menu_LEFT_button_handler - give arg types
  void view_menu_LEFT_button_handler();
../Core/Inc/main.h(82): warning:  #1295-D: Deprecated declaration view_menu_RIGHT_button_handler - give arg types
  void view_menu_RIGHT_button_handler();
../Core/Inc/main.h(84): warning:  #1295-D: Deprecated declaration view_txt_DOWN_button_handler - give arg types
  void view_txt_DOWN_button_handler();
../Core/Inc/main.h(85): warning:  #1295-D: Deprecated declaration view_txt_UP_button_handler - give arg types
  void view_txt_UP_button_handler();
../Core/Inc/main.h(86): warning:  #1295-D: Deprecated declaration view_txt_LEFT_button_handler - give arg types
  void view_txt_LEFT_button_handler();
../Core/Inc/main.h(87): warning:  #1295-D: Deprecated declaration view_txt_RIGHT_button_handler - give arg types
  void view_txt_RIGHT_button_handler();
../Core/Inc/main.h(89): warning:  #1295-D: Deprecated declaration view_image_DOWN_button_handler - give arg types
  void view_image_DOWN_button_handler();
../Core/Inc/main.h(90): warning:  #1295-D: Deprecated declaration view_image_UP_button_handler - give arg types
  void view_image_UP_button_handler();
../Core/Inc/main.h(91): warning:  #1295-D: Deprecated declaration view_image_LEFT_button_handler - give arg types
  void view_image_LEFT_button_handler();
../Core/Inc/main.h(92): warning:  #1295-D: Deprecated declaration view_image_RIGHT_button_handler - give arg types
  void view_image_RIGHT_button_handler();
../Core/Inc/main.h(94): warning:  #1295-D: Deprecated declaration check_for_USB_storage_connection - give arg types
  void check_for_USB_storage_connection();
../USB_HOST/App/usb_host.c: 17 warnings, 0 errors
compiling usbh_conf.c...
../Core/Inc/main.h(74): warning:  #1295-D: Deprecated declaration LEFT_button_handrel - give arg types
  void LEFT_button_handrel();
../Core/Inc/main.h(75): warning:  #1295-D: Deprecated declaration RIGHT_button_handrel - give arg types
  void RIGHT_button_handrel();
../Core/Inc/main.h(76): warning:  #1295-D: Deprecated declaration UP_button_handrel - give arg types
  void UP_button_handrel();
../Core/Inc/main.h(77): warning:  #1295-D: Deprecated declaration DOWN_button_handrel - give arg types
  void DOWN_button_handrel();
../Core/Inc/main.h(79): warning:  #1295-D: Deprecated declaration view_menu_DOWN_button_handler - give arg types
  void view_menu_DOWN_button_handler();
../Core/Inc/main.h(80): warning:  #1295-D: Deprecated declaration view_menu_UP_button_handler - give arg types
  void view_menu_UP_button_handler();
../Core/Inc/main.h(81): warning:  #1295-D: Deprecated declaration view_menu_LEFT_button_handler - give arg types
  void view_menu_LEFT_button_handler();
../Core/Inc/main.h(82): warning:  #1295-D: Deprecated declaration view_menu_RIGHT_button_handler - give arg types
  void view_menu_RIGHT_button_handler();
../Core/Inc/main.h(84): warning:  #1295-D: Deprecated declaration view_txt_DOWN_button_handler - give arg types
  void view_txt_DOWN_button_handler();
../Core/Inc/main.h(85): warning:  #1295-D: Deprecated declaration view_txt_UP_button_handler - give arg types
  void view_txt_UP_button_handler();
../Core/Inc/main.h(86): warning:  #1295-D: Deprecated declaration view_txt_LEFT_button_handler - give arg types
  void view_txt_LEFT_button_handler();
../Core/Inc/main.h(87): warning:  #1295-D: Deprecated declaration view_txt_RIGHT_button_handler - give arg types
  void view_txt_RIGHT_button_handler();
../Core/Inc/main.h(89): warning:  #1295-D: Deprecated declaration view_image_DOWN_button_handler - give arg types
  void view_image_DOWN_button_handler();
../Core/Inc/main.h(90): warning:  #1295-D: Deprecated declaration view_image_UP_button_handler - give arg types
  void view_image_UP_button_handler();
../Core/Inc/main.h(91): warning:  #1295-D: Deprecated declaration view_image_LEFT_button_handler - give arg types
  void view_image_LEFT_button_handler();
../Core/Inc/main.h(92): warning:  #1295-D: Deprecated declaration view_image_RIGHT_button_handler - give arg types
  void view_image_RIGHT_button_handler();
../Core/Inc/main.h(94): warning:  #1295-D: Deprecated declaration check_for_USB_storage_connection - give arg types
  void check_for_USB_storage_connection();
../USB_HOST/Target/usbh_conf.c: 17 warnings, 0 errors
compiling diskio.c...
../Core/Inc/main.h(74): warning:  #1295-D: Deprecated declaration LEFT_button_handrel - give arg types
  void LEFT_button_handrel();
../Core/Inc/main.h(75): warning:  #1295-D: Deprecated declaration RIGHT_button_handrel - give arg types
  void RIGHT_button_handrel();
../Core/Inc/main.h(76): warning:  #1295-D: Deprecated declaration UP_button_handrel - give arg types
  void UP_button_handrel();
../Core/Inc/main.h(77): warning:  #1295-D: Deprecated declaration DOWN_button_handrel - give arg types
  void DOWN_button_handrel();
../Core/Inc/main.h(79): warning:  #1295-D: Deprecated declaration view_menu_DOWN_button_handler - give arg types
  void view_menu_DOWN_button_handler();
../Core/Inc/main.h(80): warning:  #1295-D: Deprecated declaration view_menu_UP_button_handler - give arg types
  void view_menu_UP_button_handler();
../Core/Inc/main.h(81): warning:  #1295-D: Deprecated declaration view_menu_LEFT_button_handler - give arg types
  void view_menu_LEFT_button_handler();
../Core/Inc/main.h(82): warning:  #1295-D: Deprecated declaration view_menu_RIGHT_button_handler - give arg types
  void view_menu_RIGHT_button_handler();
../Core/Inc/main.h(84): warning:  #1295-D: Deprecated declaration view_txt_DOWN_button_handler - give arg types
  void view_txt_DOWN_button_handler();
../Core/Inc/main.h(85): warning:  #1295-D: Deprecated declaration view_txt_UP_button_handler - give arg types
  void view_txt_UP_button_handler();
../Core/Inc/main.h(86): warning:  #1295-D: Deprecated declaration view_txt_LEFT_button_handler - give arg types
  void view_txt_LEFT_button_handler();
../Core/Inc/main.h(87): warning:  #1295-D: Deprecated declaration view_txt_RIGHT_button_handler - give arg types
  void view_txt_RIGHT_button_handler();
../Core/Inc/main.h(89): warning:  #1295-D: Deprecated declaration view_image_DOWN_button_handler - give arg types
  void view_image_DOWN_button_handler();
../Core/Inc/main.h(90): warning:  #1295-D: Deprecated declaration view_image_UP_button_handler - give arg types
  void view_image_UP_button_handler();
../Core/Inc/main.h(91): warning:  #1295-D: Deprecated declaration view_image_LEFT_button_handler - give arg types
  void view_image_LEFT_button_handler();
../Core/Inc/main.h(92): warning:  #1295-D: Deprecated declaration view_image_RIGHT_button_handler - give arg types
  void view_image_RIGHT_button_handler();
../Core/Inc/main.h(94): warning:  #1295-D: Deprecated declaration check_for_USB_storage_connection - give arg types
  void check_for_USB_storage_connection();
../Middlewares/Third_Party/FatFs/src/diskio.c: 17 warnings, 0 errors
compiling ff_gen_drv.c...
../Core/Inc/main.h(74): warning:  #1295-D: Deprecated declaration LEFT_button_handrel - give arg types
  void LEFT_button_handrel();
../Core/Inc/main.h(75): warning:  #1295-D: Deprecated declaration RIGHT_button_handrel - give arg types
  void RIGHT_button_handrel();
../Core/Inc/main.h(76): warning:  #1295-D: Deprecated declaration UP_button_handrel - give arg types
  void UP_button_handrel();
../Core/Inc/main.h(77): warning:  #1295-D: Deprecated declaration DOWN_button_handrel - give arg types
  void DOWN_button_handrel();
../Core/Inc/main.h(79): warning:  #1295-D: Deprecated declaration view_menu_DOWN_button_handler - give arg types
  void view_menu_DOWN_button_handler();
../Core/Inc/main.h(80): warning:  #1295-D: Deprecated declaration view_menu_UP_button_handler - give arg types
  void view_menu_UP_button_handler();
../Core/Inc/main.h(81): warning:  #1295-D: Deprecated declaration view_menu_LEFT_button_handler - give arg types
  void view_menu_LEFT_button_handler();
../Core/Inc/main.h(82): warning:  #1295-D: Deprecated declaration view_menu_RIGHT_button_handler - give arg types
  void view_menu_RIGHT_button_handler();
../Core/Inc/main.h(84): warning:  #1295-D: Deprecated declaration view_txt_DOWN_button_handler - give arg types
  void view_txt_DOWN_button_handler();
../Core/Inc/main.h(85): warning:  #1295-D: Deprecated declaration view_txt_UP_button_handler - give arg types
  void view_txt_UP_button_handler();
../Core/Inc/main.h(86): warning:  #1295-D: Deprecated declaration view_txt_LEFT_button_handler - give arg types
  void view_txt_LEFT_button_handler();
../Core/Inc/main.h(87): warning:  #1295-D: Deprecated declaration view_txt_RIGHT_button_handler - give arg types
  void view_txt_RIGHT_button_handler();
../Core/Inc/main.h(89): warning:  #1295-D: Deprecated declaration view_image_DOWN_button_handler - give arg types
  void view_image_DOWN_button_handler();
../Core/Inc/main.h(90): warning:  #1295-D: Deprecated declaration view_image_UP_button_handler - give arg types
  void view_image_UP_button_handler();
../Core/Inc/main.h(91): warning:  #1295-D: Deprecated declaration view_image_LEFT_button_handler - give arg types
  void view_image_LEFT_button_handler();
../Core/Inc/main.h(92): warning:  #1295-D: Deprecated declaration view_image_RIGHT_button_handler - give arg types
  void view_image_RIGHT_button_handler();
../Core/Inc/main.h(94): warning:  #1295-D: Deprecated declaration check_for_USB_storage_connection - give arg types
  void check_for_USB_storage_connection();
../Middlewares/Third_Party/FatFs/src/ff_gen_drv.c: 17 warnings, 0 errors
compiling ff.c...
../Core/Inc/main.h(74): warning:  #1295-D: Deprecated declaration LEFT_button_handrel - give arg types
  void LEFT_button_handrel();
../Core/Inc/main.h(75): warning:  #1295-D: Deprecated declaration RIGHT_button_handrel - give arg types
  void RIGHT_button_handrel();
../Core/Inc/main.h(76): warning:  #1295-D: Deprecated declaration UP_button_handrel - give arg types
  void UP_button_handrel();
../Core/Inc/main.h(77): warning:  #1295-D: Deprecated declaration DOWN_button_handrel - give arg types
  void DOWN_button_handrel();
../Core/Inc/main.h(79): warning:  #1295-D: Deprecated declaration view_menu_DOWN_button_handler - give arg types
  void view_menu_DOWN_button_handler();
../Core/Inc/main.h(80): warning:  #1295-D: Deprecated declaration view_menu_UP_button_handler - give arg types
  void view_menu_UP_button_handler();
../Core/Inc/main.h(81): warning:  #1295-D: Deprecated declaration view_menu_LEFT_button_handler - give arg types
  void view_menu_LEFT_button_handler();
../Core/Inc/main.h(82): warning:  #1295-D: Deprecated declaration view_menu_RIGHT_button_handler - give arg types
  void view_menu_RIGHT_button_handler();
../Core/Inc/main.h(84): warning:  #1295-D: Deprecated declaration view_txt_DOWN_button_handler - give arg types
  void view_txt_DOWN_button_handler();
../Core/Inc/main.h(85): warning:  #1295-D: Deprecated declaration view_txt_UP_button_handler - give arg types
  void view_txt_UP_button_handler();
../Core/Inc/main.h(86): warning:  #1295-D: Deprecated declaration view_txt_LEFT_button_handler - give arg types
  void view_txt_LEFT_button_handler();
../Core/Inc/main.h(87): warning:  #1295-D: Deprecated declaration view_txt_RIGHT_button_handler - give arg types
  void view_txt_RIGHT_button_handler();
../Core/Inc/main.h(89): warning:  #1295-D: Deprecated declaration view_image_DOWN_button_handler - give arg types
  void view_image_DOWN_button_handler();
../Core/Inc/main.h(90): warning:  #1295-D: Deprecated declaration view_image_UP_button_handler - give arg types
  void view_image_UP_button_handler();
../Core/Inc/main.h(91): warning:  #1295-D: Deprecated declaration view_image_LEFT_button_handler - give arg types
  void view_image_LEFT_button_handler();
../Core/Inc/main.h(92): warning:  #1295-D: Deprecated declaration view_image_RIGHT_button_handler - give arg types
  void view_image_RIGHT_button_handler();
../Core/Inc/main.h(94): warning:  #1295-D: Deprecated declaration check_for_USB_storage_connection - give arg types
  void check_for_USB_storage_connection();
../Middlewares/Third_Party/FatFs/src/ff.c: 17 warnings, 0 errors
compiling syscall.c...
../Core/Inc/main.h(74): warning:  #1295-D: Deprecated declaration LEFT_button_handrel - give arg types
  void LEFT_button_handrel();
../Core/Inc/main.h(75): warning:  #1295-D: Deprecated declaration RIGHT_button_handrel - give arg types
  void RIGHT_button_handrel();
../Core/Inc/main.h(76): warning:  #1295-D: Deprecated declaration UP_button_handrel - give arg types
  void UP_button_handrel();
../Core/Inc/main.h(77): warning:  #1295-D: Deprecated declaration DOWN_button_handrel - give arg types
  void DOWN_button_handrel();
../Core/Inc/main.h(79): warning:  #1295-D: Deprecated declaration view_menu_DOWN_button_handler - give arg types
  void view_menu_DOWN_button_handler();
../Core/Inc/main.h(80): warning:  #1295-D: Deprecated declaration view_menu_UP_button_handler - give arg types
  void view_menu_UP_button_handler();
../Core/Inc/main.h(81): warning:  #1295-D: Deprecated declaration view_menu_LEFT_button_handler - give arg types
  void view_menu_LEFT_button_handler();
../Core/Inc/main.h(82): warning:  #1295-D: Deprecated declaration view_menu_RIGHT_button_handler - give arg types
  void view_menu_RIGHT_button_handler();
../Core/Inc/main.h(84): warning:  #1295-D: Deprecated declaration view_txt_DOWN_button_handler - give arg types
  void view_txt_DOWN_button_handler();
../Core/Inc/main.h(85): warning:  #1295-D: Deprecated declaration view_txt_UP_button_handler - give arg types
  void view_txt_UP_button_handler();
../Core/Inc/main.h(86): warning:  #1295-D: Deprecated declaration view_txt_LEFT_button_handler - give arg types
  void view_txt_LEFT_button_handler();
../Core/Inc/main.h(87): warning:  #1295-D: Deprecated declaration view_txt_RIGHT_button_handler - give arg types
  void view_txt_RIGHT_button_handler();
../Core/Inc/main.h(89): warning:  #1295-D: Deprecated declaration view_image_DOWN_button_handler - give arg types
  void view_image_DOWN_button_handler();
../Core/Inc/main.h(90): warning:  #1295-D: Deprecated declaration view_image_UP_button_handler - give arg types
  void view_image_UP_button_handler();
../Core/Inc/main.h(91): warning:  #1295-D: Deprecated declaration view_image_LEFT_button_handler - give arg types
  void view_image_LEFT_button_handler();
../Core/Inc/main.h(92): warning:  #1295-D: Deprecated declaration view_image_RIGHT_button_handler - give arg types
  void view_image_RIGHT_button_handler();
../Core/Inc/main.h(94): warning:  #1295-D: Deprecated declaration check_for_USB_storage_connection - give arg types
  void check_for_USB_storage_connection();
../Middlewares/Third_Party/FatFs/src/option/syscall.c: 17 warnings, 0 errors
compiling ccsbcs.c...
../Core/Inc/main.h(74): warning:  #1295-D: Deprecated declaration LEFT_button_handrel - give arg types
  void LEFT_button_handrel();
../Core/Inc/main.h(75): warning:  #1295-D: Deprecated declaration RIGHT_button_handrel - give arg types
  void RIGHT_button_handrel();
../Core/Inc/main.h(76): warning:  #1295-D: Deprecated declaration UP_button_handrel - give arg types
  void UP_button_handrel();
../Core/Inc/main.h(77): warning:  #1295-D: Deprecated declaration DOWN_button_handrel - give arg types
  void DOWN_button_handrel();
../Core/Inc/main.h(79): warning:  #1295-D: Deprecated declaration view_menu_DOWN_button_handler - give arg types
  void view_menu_DOWN_button_handler();
../Core/Inc/main.h(80): warning:  #1295-D: Deprecated declaration view_menu_UP_button_handler - give arg types
  void view_menu_UP_button_handler();
../Core/Inc/main.h(81): warning:  #1295-D: Deprecated declaration view_menu_LEFT_button_handler - give arg types
  void view_menu_LEFT_button_handler();
../Core/Inc/main.h(82): warning:  #1295-D: Deprecated declaration view_menu_RIGHT_button_handler - give arg types
  void view_menu_RIGHT_button_handler();
../Core/Inc/main.h(84): warning:  #1295-D: Deprecated declaration view_txt_DOWN_button_handler - give arg types
  void view_txt_DOWN_button_handler();
../Core/Inc/main.h(85): warning:  #1295-D: Deprecated declaration view_txt_UP_button_handler - give arg types
  void view_txt_UP_button_handler();
../Core/Inc/main.h(86): warning:  #1295-D: Deprecated declaration view_txt_LEFT_button_handler - give arg types
  void view_txt_LEFT_button_handler();
../Core/Inc/main.h(87): warning:  #1295-D: Deprecated declaration view_txt_RIGHT_button_handler - give arg types
  void view_txt_RIGHT_button_handler();
../Core/Inc/main.h(89): warning:  #1295-D: Deprecated declaration view_image_DOWN_button_handler - give arg types
  void view_image_DOWN_button_handler();
../Core/Inc/main.h(90): warning:  #1295-D: Deprecated declaration view_image_UP_button_handler - give arg types
  void view_image_UP_button_handler();
../Core/Inc/main.h(91): warning:  #1295-D: Deprecated declaration view_image_LEFT_button_handler - give arg types
  void view_image_LEFT_button_handler();
../Core/Inc/main.h(92): warning:  #1295-D: Deprecated declaration view_image_RIGHT_button_handler - give arg types
  void view_image_RIGHT_button_handler();
../Core/Inc/main.h(94): warning:  #1295-D: Deprecated declaration check_for_USB_storage_connection - give arg types
  void check_for_USB_storage_connection();
../Middlewares/Third_Party/FatFs/src/option/ccsbcs.c: 17 warnings, 0 errors
compiling usbh_core.c...
../Core/Inc/main.h(74): warning:  #1295-D: Deprecated declaration LEFT_button_handrel - give arg types
  void LEFT_button_handrel();
../Core/Inc/main.h(75): warning:  #1295-D: Deprecated declaration RIGHT_button_handrel - give arg types
  void RIGHT_button_handrel();
../Core/Inc/main.h(76): warning:  #1295-D: Deprecated declaration UP_button_handrel - give arg types
  void UP_button_handrel();
../Core/Inc/main.h(77): warning:  #1295-D: Deprecated declaration DOWN_button_handrel - give arg types
  void DOWN_button_handrel();
../Core/Inc/main.h(79): warning:  #1295-D: Deprecated declaration view_menu_DOWN_button_handler - give arg types
  void view_menu_DOWN_button_handler();
../Core/Inc/main.h(80): warning:  #1295-D: Deprecated declaration view_menu_UP_button_handler - give arg types
  void view_menu_UP_button_handler();
../Core/Inc/main.h(81): warning:  #1295-D: Deprecated declaration view_menu_LEFT_button_handler - give arg types
  void view_menu_LEFT_button_handler();
../Core/Inc/main.h(82): warning:  #1295-D: Deprecated declaration view_menu_RIGHT_button_handler - give arg types
  void view_menu_RIGHT_button_handler();
../Core/Inc/main.h(84): warning:  #1295-D: Deprecated declaration view_txt_DOWN_button_handler - give arg types
  void view_txt_DOWN_button_handler();
../Core/Inc/main.h(85): warning:  #1295-D: Deprecated declaration view_txt_UP_button_handler - give arg types
  void view_txt_UP_button_handler();
../Core/Inc/main.h(86): warning:  #1295-D: Deprecated declaration view_txt_LEFT_button_handler - give arg types
  void view_txt_LEFT_button_handler();
../Core/Inc/main.h(87): warning:  #1295-D: Deprecated declaration view_txt_RIGHT_button_handler - give arg types
  void view_txt_RIGHT_button_handler();
../Core/Inc/main.h(89): warning:  #1295-D: Deprecated declaration view_image_DOWN_button_handler - give arg types
  void view_image_DOWN_button_handler();
../Core/Inc/main.h(90): warning:  #1295-D: Deprecated declaration view_image_UP_button_handler - give arg types
  void view_image_UP_button_handler();
../Core/Inc/main.h(91): warning:  #1295-D: Deprecated declaration view_image_LEFT_button_handler - give arg types
  void view_image_LEFT_button_handler();
../Core/Inc/main.h(92): warning:  #1295-D: Deprecated declaration view_image_RIGHT_button_handler - give arg types
  void view_image_RIGHT_button_handler();
../Core/Inc/main.h(94): warning:  #1295-D: Deprecated declaration check_for_USB_storage_connection - give arg types
  void check_for_USB_storage_connection();
../Middlewares/ST/STM32_USB_Host_Library/Core/Src/usbh_core.c: 17 warnings, 0 errors
compiling usbh_ioreq.c...
../Core/Inc/main.h(74): warning:  #1295-D: Deprecated declaration LEFT_button_handrel - give arg types
  void LEFT_button_handrel();
../Core/Inc/main.h(75): warning:  #1295-D: Deprecated declaration RIGHT_button_handrel - give arg types
  void RIGHT_button_handrel();
../Core/Inc/main.h(76): warning:  #1295-D: Deprecated declaration UP_button_handrel - give arg types
  void UP_button_handrel();
../Core/Inc/main.h(77): warning:  #1295-D: Deprecated declaration DOWN_button_handrel - give arg types
  void DOWN_button_handrel();
../Core/Inc/main.h(79): warning:  #1295-D: Deprecated declaration view_menu_DOWN_button_handler - give arg types
  void view_menu_DOWN_button_handler();
../Core/Inc/main.h(80): warning:  #1295-D: Deprecated declaration view_menu_UP_button_handler - give arg types
  void view_menu_UP_button_handler();
../Core/Inc/main.h(81): warning:  #1295-D: Deprecated declaration view_menu_LEFT_button_handler - give arg types
  void view_menu_LEFT_button_handler();
../Core/Inc/main.h(82): warning:  #1295-D: Deprecated declaration view_menu_RIGHT_button_handler - give arg types
  void view_menu_RIGHT_button_handler();
../Core/Inc/main.h(84): warning:  #1295-D: Deprecated declaration view_txt_DOWN_button_handler - give arg types
  void view_txt_DOWN_button_handler();
../Core/Inc/main.h(85): warning:  #1295-D: Deprecated declaration view_txt_UP_button_handler - give arg types
  void view_txt_UP_button_handler();
../Core/Inc/main.h(86): warning:  #1295-D: Deprecated declaration view_txt_LEFT_button_handler - give arg types
  void view_txt_LEFT_button_handler();
../Core/Inc/main.h(87): warning:  #1295-D: Deprecated declaration view_txt_RIGHT_button_handler - give arg types
  void view_txt_RIGHT_button_handler();
../Core/Inc/main.h(89): warning:  #1295-D: Deprecated declaration view_image_DOWN_button_handler - give arg types
  void view_image_DOWN_button_handler();
../Core/Inc/main.h(90): warning:  #1295-D: Deprecated declaration view_image_UP_button_handler - give arg types
  void view_image_UP_button_handler();
../Core/Inc/main.h(91): warning:  #1295-D: Deprecated declaration view_image_LEFT_button_handler - give arg types
  void view_image_LEFT_button_handler();
../Core/Inc/main.h(92): warning:  #1295-D: Deprecated declaration view_image_RIGHT_button_handler - give arg types
  void view_image_RIGHT_button_handler();
../Core/Inc/main.h(94): warning:  #1295-D: Deprecated declaration check_for_USB_storage_connection - give arg types
  void check_for_USB_storage_connection();
../Middlewares/ST/STM32_USB_Host_Library/Core/Src/usbh_ioreq.c: 17 warnings, 0 errors
compiling usbh_pipes.c...
../Core/Inc/main.h(74): warning:  #1295-D: Deprecated declaration LEFT_button_handrel - give arg types
  void LEFT_button_handrel();
../Core/Inc/main.h(75): warning:  #1295-D: Deprecated declaration RIGHT_button_handrel - give arg types
  void RIGHT_button_handrel();
../Core/Inc/main.h(76): warning:  #1295-D: Deprecated declaration UP_button_handrel - give arg types
  void UP_button_handrel();
../Core/Inc/main.h(77): warning:  #1295-D: Deprecated declaration DOWN_button_handrel - give arg types
  void DOWN_button_handrel();
../Core/Inc/main.h(79): warning:  #1295-D: Deprecated declaration view_menu_DOWN_button_handler - give arg types
  void view_menu_DOWN_button_handler();
../Core/Inc/main.h(80): warning:  #1295-D: Deprecated declaration view_menu_UP_button_handler - give arg types
  void view_menu_UP_button_handler();
../Core/Inc/main.h(81): warning:  #1295-D: Deprecated declaration view_menu_LEFT_button_handler - give arg types
  void view_menu_LEFT_button_handler();
../Core/Inc/main.h(82): warning:  #1295-D: Deprecated declaration view_menu_RIGHT_button_handler - give arg types
  void view_menu_RIGHT_button_handler();
../Core/Inc/main.h(84): warning:  #1295-D: Deprecated declaration view_txt_DOWN_button_handler - give arg types
  void view_txt_DOWN_button_handler();
../Core/Inc/main.h(85): warning:  #1295-D: Deprecated declaration view_txt_UP_button_handler - give arg types
  void view_txt_UP_button_handler();
../Core/Inc/main.h(86): warning:  #1295-D: Deprecated declaration view_txt_LEFT_button_handler - give arg types
  void view_txt_LEFT_button_handler();
../Core/Inc/main.h(87): warning:  #1295-D: Deprecated declaration view_txt_RIGHT_button_handler - give arg types
  void view_txt_RIGHT_button_handler();
../Core/Inc/main.h(89): warning:  #1295-D: Deprecated declaration view_image_DOWN_button_handler - give arg types
  void view_image_DOWN_button_handler();
../Core/Inc/main.h(90): warning:  #1295-D: Deprecated declaration view_image_UP_button_handler - give arg types
  void view_image_UP_button_handler();
../Core/Inc/main.h(91): warning:  #1295-D: Deprecated declaration view_image_LEFT_button_handler - give arg types
  void view_image_LEFT_button_handler();
../Core/Inc/main.h(92): warning:  #1295-D: Deprecated declaration view_image_RIGHT_button_handler - give arg types
  void view_image_RIGHT_button_handler();
../Core/Inc/main.h(94): warning:  #1295-D: Deprecated declaration check_for_USB_storage_connection - give arg types
  void check_for_USB_storage_connection();
../Middlewares/ST/STM32_USB_Host_Library/Core/Src/usbh_pipes.c: 17 warnings, 0 errors
compiling usbh_ctlreq.c...
../Core/Inc/main.h(74): warning:  #1295-D: Deprecated declaration LEFT_button_handrel - give arg types
  void LEFT_button_handrel();
../Core/Inc/main.h(75): warning:  #1295-D: Deprecated declaration RIGHT_button_handrel - give arg types
  void RIGHT_button_handrel();
../Core/Inc/main.h(76): warning:  #1295-D: Deprecated declaration UP_button_handrel - give arg types
  void UP_button_handrel();
../Core/Inc/main.h(77): warning:  #1295-D: Deprecated declaration DOWN_button_handrel - give arg types
  void DOWN_button_handrel();
../Core/Inc/main.h(79): warning:  #1295-D: Deprecated declaration view_menu_DOWN_button_handler - give arg types
  void view_menu_DOWN_button_handler();
../Core/Inc/main.h(80): warning:  #1295-D: Deprecated declaration view_menu_UP_button_handler - give arg types
  void view_menu_UP_button_handler();
../Core/Inc/main.h(81): warning:  #1295-D: Deprecated declaration view_menu_LEFT_button_handler - give arg types
  void view_menu_LEFT_button_handler();
../Core/Inc/main.h(82): warning:  #1295-D: Deprecated declaration view_menu_RIGHT_button_handler - give arg types
  void view_menu_RIGHT_button_handler();
../Core/Inc/main.h(84): warning:  #1295-D: Deprecated declaration view_txt_DOWN_button_handler - give arg types
  void view_txt_DOWN_button_handler();
../Core/Inc/main.h(85): warning:  #1295-D: Deprecated declaration view_txt_UP_button_handler - give arg types
  void view_txt_UP_button_handler();
../Core/Inc/main.h(86): warning:  #1295-D: Deprecated declaration view_txt_LEFT_button_handler - give arg types
  void view_txt_LEFT_button_handler();
../Core/Inc/main.h(87): warning:  #1295-D: Deprecated declaration view_txt_RIGHT_button_handler - give arg types
  void view_txt_RIGHT_button_handler();
../Core/Inc/main.h(89): warning:  #1295-D: Deprecated declaration view_image_DOWN_button_handler - give arg types
  void view_image_DOWN_button_handler();
../Core/Inc/main.h(90): warning:  #1295-D: Deprecated declaration view_image_UP_button_handler - give arg types
  void view_image_UP_button_handler();
../Core/Inc/main.h(91): warning:  #1295-D: Deprecated declaration view_image_LEFT_button_handler - give arg types
  void view_image_LEFT_button_handler();
../Core/Inc/main.h(92): warning:  #1295-D: Deprecated declaration view_image_RIGHT_button_handler - give arg types
  void view_image_RIGHT_button_handler();
../Core/Inc/main.h(94): warning:  #1295-D: Deprecated declaration check_for_USB_storage_connection - give arg types
  void check_for_USB_storage_connection();
../Middlewares/ST/STM32_USB_Host_Library/Core/Src/usbh_ctlreq.c: 17 warnings, 0 errors
compiling usbh_msc_scsi.c...
../Core/Inc/main.h(74): warning:  #1295-D: Deprecated declaration LEFT_button_handrel - give arg types
  void LEFT_button_handrel();
../Core/Inc/main.h(75): warning:  #1295-D: Deprecated declaration RIGHT_button_handrel - give arg types
  void RIGHT_button_handrel();
../Core/Inc/main.h(76): warning:  #1295-D: Deprecated declaration UP_button_handrel - give arg types
  void UP_button_handrel();
../Core/Inc/main.h(77): warning:  #1295-D: Deprecated declaration DOWN_button_handrel - give arg types
  void DOWN_button_handrel();
../Core/Inc/main.h(79): warning:  #1295-D: Deprecated declaration view_menu_DOWN_button_handler - give arg types
  void view_menu_DOWN_button_handler();
../Core/Inc/main.h(80): warning:  #1295-D: Deprecated declaration view_menu_UP_button_handler - give arg types
  void view_menu_UP_button_handler();
../Core/Inc/main.h(81): warning:  #1295-D: Deprecated declaration view_menu_LEFT_button_handler - give arg types
  void view_menu_LEFT_button_handler();
../Core/Inc/main.h(82): warning:  #1295-D: Deprecated declaration view_menu_RIGHT_button_handler - give arg types
  void view_menu_RIGHT_button_handler();
../Core/Inc/main.h(84): warning:  #1295-D: Deprecated declaration view_txt_DOWN_button_handler - give arg types
  void view_txt_DOWN_button_handler();
../Core/Inc/main.h(85): warning:  #1295-D: Deprecated declaration view_txt_UP_button_handler - give arg types
  void view_txt_UP_button_handler();
../Core/Inc/main.h(86): warning:  #1295-D: Deprecated declaration view_txt_LEFT_button_handler - give arg types
  void view_txt_LEFT_button_handler();
../Core/Inc/main.h(87): warning:  #1295-D: Deprecated declaration view_txt_RIGHT_button_handler - give arg types
  void view_txt_RIGHT_button_handler();
../Core/Inc/main.h(89): warning:  #1295-D: Deprecated declaration view_image_DOWN_button_handler - give arg types
  void view_image_DOWN_button_handler();
../Core/Inc/main.h(90): warning:  #1295-D: Deprecated declaration view_image_UP_button_handler - give arg types
  void view_image_UP_button_handler();
../Core/Inc/main.h(91): warning:  #1295-D: Deprecated declaration view_image_LEFT_button_handler - give arg types
  void view_image_LEFT_button_handler();
../Core/Inc/main.h(92): warning:  #1295-D: Deprecated declaration view_image_RIGHT_button_handler - give arg types
  void view_image_RIGHT_button_handler();
../Core/Inc/main.h(94): warning:  #1295-D: Deprecated declaration check_for_USB_storage_connection - give arg types
  void check_for_USB_storage_connection();
../Middlewares/ST/STM32_USB_Host_Library/Class/MSC/Src/usbh_msc_scsi.c: 17 warnings, 0 errors
compiling usbh_msc.c...
../Core/Inc/main.h(74): warning:  #1295-D: Deprecated declaration LEFT_button_handrel - give arg types
  void LEFT_button_handrel();
../Core/Inc/main.h(75): warning:  #1295-D: Deprecated declaration RIGHT_button_handrel - give arg types
  void RIGHT_button_handrel();
../Core/Inc/main.h(76): warning:  #1295-D: Deprecated declaration UP_button_handrel - give arg types
  void UP_button_handrel();
../Core/Inc/main.h(77): warning:  #1295-D: Deprecated declaration DOWN_button_handrel - give arg types
  void DOWN_button_handrel();
../Core/Inc/main.h(79): warning:  #1295-D: Deprecated declaration view_menu_DOWN_button_handler - give arg types
  void view_menu_DOWN_button_handler();
../Core/Inc/main.h(80): warning:  #1295-D: Deprecated declaration view_menu_UP_button_handler - give arg types
  void view_menu_UP_button_handler();
../Core/Inc/main.h(81): warning:  #1295-D: Deprecated declaration view_menu_LEFT_button_handler - give arg types
  void view_menu_LEFT_button_handler();
../Core/Inc/main.h(82): warning:  #1295-D: Deprecated declaration view_menu_RIGHT_button_handler - give arg types
  void view_menu_RIGHT_button_handler();
../Core/Inc/main.h(84): warning:  #1295-D: Deprecated declaration view_txt_DOWN_button_handler - give arg types
  void view_txt_DOWN_button_handler();
../Core/Inc/main.h(85): warning:  #1295-D: Deprecated declaration view_txt_UP_button_handler - give arg types
  void view_txt_UP_button_handler();
../Core/Inc/main.h(86): warning:  #1295-D: Deprecated declaration view_txt_LEFT_button_handler - give arg types
  void view_txt_LEFT_button_handler();
../Core/Inc/main.h(87): warning:  #1295-D: Deprecated declaration view_txt_RIGHT_button_handler - give arg types
  void view_txt_RIGHT_button_handler();
../Core/Inc/main.h(89): warning:  #1295-D: Deprecated declaration view_image_DOWN_button_handler - give arg types
  void view_image_DOWN_button_handler();
../Core/Inc/main.h(90): warning:  #1295-D: Deprecated declaration view_image_UP_button_handler - give arg types
  void view_image_UP_button_handler();
../Core/Inc/main.h(91): warning:  #1295-D: Deprecated declaration view_image_LEFT_button_handler - give arg types
  void view_image_LEFT_button_handler();
../Core/Inc/main.h(92): warning:  #1295-D: Deprecated declaration view_image_RIGHT_button_handler - give arg types
  void view_image_RIGHT_button_handler();
../Core/Inc/main.h(94): warning:  #1295-D: Deprecated declaration check_for_USB_storage_connection - give arg types
  void check_for_USB_storage_connection();
../Middlewares/ST/STM32_USB_Host_Library/Class/MSC/Src/usbh_msc.c: 17 warnings, 0 errors
compiling usbh_msc_bot.c...
../Core/Inc/main.h(74): warning:  #1295-D: Deprecated declaration LEFT_button_handrel - give arg types
  void LEFT_button_handrel();
../Core/Inc/main.h(75): warning:  #1295-D: Deprecated declaration RIGHT_button_handrel - give arg types
  void RIGHT_button_handrel();
../Core/Inc/main.h(76): warning:  #1295-D: Deprecated declaration UP_button_handrel - give arg types
  void UP_button_handrel();
../Core/Inc/main.h(77): warning:  #1295-D: Deprecated declaration DOWN_button_handrel - give arg types
  void DOWN_button_handrel();
../Core/Inc/main.h(79): warning:  #1295-D: Deprecated declaration view_menu_DOWN_button_handler - give arg types
  void view_menu_DOWN_button_handler();
../Core/Inc/main.h(80): warning:  #1295-D: Deprecated declaration view_menu_UP_button_handler - give arg types
  void view_menu_UP_button_handler();
../Core/Inc/main.h(81): warning:  #1295-D: Deprecated declaration view_menu_LEFT_button_handler - give arg types
  void view_menu_LEFT_button_handler();
../Core/Inc/main.h(82): warning:  #1295-D: Deprecated declaration view_menu_RIGHT_button_handler - give arg types
  void view_menu_RIGHT_button_handler();
../Core/Inc/main.h(84): warning:  #1295-D: Deprecated declaration view_txt_DOWN_button_handler - give arg types
  void view_txt_DOWN_button_handler();
../Core/Inc/main.h(85): warning:  #1295-D: Deprecated declaration view_txt_UP_button_handler - give arg types
  void view_txt_UP_button_handler();
../Core/Inc/main.h(86): warning:  #1295-D: Deprecated declaration view_txt_LEFT_button_handler - give arg types
  void view_txt_LEFT_button_handler();
../Core/Inc/main.h(87): warning:  #1295-D: Deprecated declaration view_txt_RIGHT_button_handler - give arg types
  void view_txt_RIGHT_button_handler();
../Core/Inc/main.h(89): warning:  #1295-D: Deprecated declaration view_image_DOWN_button_handler - give arg types
  void view_image_DOWN_button_handler();
../Core/Inc/main.h(90): warning:  #1295-D: Deprecated declaration view_image_UP_button_handler - give arg types
  void view_image_UP_button_handler();
../Core/Inc/main.h(91): warning:  #1295-D: Deprecated declaration view_image_LEFT_button_handler - give arg types
  void view_image_LEFT_button_handler();
../Core/Inc/main.h(92): warning:  #1295-D: Deprecated declaration view_image_RIGHT_button_handler - give arg types
  void view_image_RIGHT_button_handler();
../Core/Inc/main.h(94): warning:  #1295-D: Deprecated declaration check_for_USB_storage_connection - give arg types
  void check_for_USB_storage_connection();
../Middlewares/ST/STM32_USB_Host_Library/Class/MSC/Src/usbh_msc_bot.c: 17 warnings, 0 errors
linking...
Program Size: Code=35180 RO-data=11676 RW-data=40588 ZI-data=11268  
FromELF: creating hex file...
"LCD_test_3\LCD_test_3.axf" - 0 Error(s), 360 Warning(s).

<h2>Software Packages used:</h2>

Package Vendor: ARM
                https://www.keil.com/pack/ARM.CMSIS.6.1.0.pack
                ARM::CMSIS@6.1.0
                CMSIS (Common Microcontroller Software Interface Standard)
   * Component: CORE Version: 6.1.0

Package Vendor: Keil
                https://www.keil.com/pack/Keil.STM32F4xx_DFP.3.0.0.pack
                Keil::STM32F4xx_DFP@3.0.0
                STMicroelectronics STM32F4 Series Device Support

<h2>Collection of Component include folders:</h2>
  ./RTE/_LCD_test_3
  C:/Keil_v5/ARM/PACK/ARM/CMSIS/6.1.0/CMSIS/Core/Include

<h2>Collection of Component Files used:</h2>

   * Component: ARM::CMSIS:CORE@6.1.0
      Include file:  CMSIS/Core/Include/tz_context.h
Build Time Elapsed:  00:00:14
</pre>
</body>
</html>
