<html>
<body>
<pre>
<h1>µVision Build Log</h1>
<h2>Tool Versions:</h2>
IDE-Version: µVision V5.39.0.0
Copyright (C) 2023 ARM Ltd and ARM Germany GmbH. All rights reserved.
License Information: Gena Girkin, CNR, LIC=CZLZX-HKDGA-NNQAF-6UB85-98MH1-Y4FPL
 
Tool Versions:
Toolchain:       MDK-ARM Plus  Version: 5.39.0.0
Toolchain Path:  C:\Keil_v5\ARM\ARMCC\Bin
C Compiler:      Armcc.exe V5.06 update 3 (build 300)
Assembler:       Armasm.exe V5.06 update 3 (build 300)
Linker/Locator:  ArmLink.exe V5.06 update 3 (build 300)
Library Manager: ArmAr.exe V5.06 update 3 (build 300)
Hex Converter:   FromElf.exe V5.06 update 3 (build 300)
CPU DLL:         SARMCM3.DLL V5.39.0.0
Dialog DLL:      DCM.DLL V1.17.5.0
Target DLL:      STLink\ST-LINKIII-KEIL_SWO.dll V3.2.0.0
Dialog DLL:      TCM.DLL V1.56.4.0
 
<h2>Project:</h2>
D:\embeded systems\CUBE_MX DISPLAY test\LCD_test_3\MDK-ARM\LCD_test_3.uvprojx
Project File Date:  11/09/2024

<h2>Output:</h2>
*** Using Compiler 'V5.06 update 3 (build 300)', folder: 'C:\Keil_v5\ARM\ARMCC\Bin'
Build target 'LCD_test_3'
compiling File_Handling.c...
../Core/Inc/GC9A01.h(170): warning:  #1-D: last line of file ends without a newline
  void menu_active_member_running_text_animation(struct MenuMember Members[8], uint8_t pos);
../Core/Inc/main.h(74): warning:  #1295-D: Deprecated declaration LEFT_button_handrel - give arg types
  void LEFT_button_handrel();
../Core/Inc/main.h(75): warning:  #1295-D: Deprecated declaration RIGHT_button_handrel - give arg types
  void RIGHT_button_handrel();
../Core/Inc/main.h(76): warning:  #1295-D: Deprecated declaration UP_button_handrel - give arg types
  void UP_button_handrel();
../Core/Inc/main.h(77): warning:  #1295-D: Deprecated declaration DOWN_button_handrel - give arg types
  void DOWN_button_handrel();
../Core/Inc/main.h(79): warning:  #1295-D: Deprecated declaration view_menu_DOWN_button_handler - give arg types
  void view_menu_DOWN_button_handler();
../Core/Inc/main.h(80): warning:  #1295-D: Deprecated declaration view_menu_UP_button_handler - give arg types
  void view_menu_UP_button_handler();
../Core/Inc/main.h(81): warning:  #1295-D: Deprecated declaration view_menu_LEFT_button_handler - give arg types
  void view_menu_LEFT_button_handler();
../Core/Inc/main.h(82): warning:  #1295-D: Deprecated declaration view_menu_RIGHT_button_handler - give arg types
  void view_menu_RIGHT_button_handler();
../Core/Inc/main.h(84): warning:  #1295-D: Deprecated declaration view_txt_DOWN_button_handler - give arg types
  void view_txt_DOWN_button_handler();
../Core/Inc/main.h(85): warning:  #1295-D: Deprecated declaration view_txt_UP_button_handler - give arg types
  void view_txt_UP_button_handler();
../Core/Inc/main.h(86): warning:  #1295-D: Deprecated declaration view_txt_LEFT_button_handler - give arg types
  void view_txt_LEFT_button_handler();
../Core/Inc/main.h(87): warning:  #1295-D: Deprecated declaration view_txt_RIGHT_button_handler - give arg types
  void view_txt_RIGHT_button_handler();
../Core/Inc/main.h(89): warning:  #1295-D: Deprecated declaration view_image_DOWN_button_handler - give arg types
  void view_image_DOWN_button_handler();
../Core/Inc/main.h(90): warning:  #1295-D: Deprecated declaration view_image_UP_button_handler - give arg types
  void view_image_UP_button_handler();
../Core/Inc/main.h(91): warning:  #1295-D: Deprecated declaration view_image_LEFT_button_handler - give arg types
  void view_image_LEFT_button_handler();
../Core/Inc/main.h(92): warning:  #1295-D: Deprecated declaration view_image_RIGHT_button_handler - give arg types
  void view_image_RIGHT_button_handler();
../Core/Inc/main.h(94): warning:  #1295-D: Deprecated declaration check_for_USB_storage_connection - give arg types
  void check_for_USB_storage_connection();
../Core/Inc/cg9a01.h(74): warning:  #47-D: incompatible redefinition of macro "RAINBOW_YELLOW" (declared at line 74 of "../Core/Inc/GC9A01.h")
  #define RAINBOW_YELLOW   0xFFE0
..\Core\Src\File_Handling.c: 19 warnings, 0 errors
linking...
Program Size: Code=40302 RO-data=8634 RW-data=40588 ZI-data=11036  
FromELF: creating hex file...
"LCD_test_3\LCD_test_3.axf" - 0 Error(s), 19 Warning(s).

<h2>Software Packages used:</h2>

Package Vendor: ARM
                https://www.keil.com/pack/ARM.CMSIS.6.1.0.pack
                ARM::CMSIS@6.1.0
                CMSIS (Common Microcontroller Software Interface Standard)
   * Component: CORE Version: 6.1.0

Package Vendor: Keil
                https://www.keil.com/pack/Keil.STM32F4xx_DFP.3.0.0.pack
                Keil::STM32F4xx_DFP@3.0.0
                STMicroelectronics STM32F4 Series Device Support

<h2>Collection of Component include folders:</h2>
  ./RTE/_LCD_test_3
  C:/Keil_v5/ARM/PACK/ARM/CMSIS/6.1.0/CMSIS/Core/Include

<h2>Collection of Component Files used:</h2>

   * Component: ARM::CMSIS:CORE@6.1.0
      Include file:  CMSIS/Core/Include/tz_context.h
Build Time Elapsed:  00:00:02
</pre>
</body>
</html>
