Component: ARM Compiler 5.06 update 3 (build 300) Tool: armlink [4d35c9]

==============================================================================

Section Cross References

    startup_stm32f411xe.o(STACK) refers (Special) to heapauxi.o(.text) for __use_two_region_memory
    startup_stm32f411xe.o(HEAP) refers (Special) to heapauxi.o(.text) for __use_two_region_memory
    startup_stm32f411xe.o(RESET) refers (Special) to heapauxi.o(.text) for __use_two_region_memory
    startup_stm32f411xe.o(RESET) refers to startup_stm32f411xe.o(STACK) for __initial_sp
    startup_stm32f411xe.o(RESET) refers to startup_stm32f411xe.o(.text) for Reset_Handler
    startup_stm32f411xe.o(RESET) refers to stm32f4xx_it.o(i.NMI_Handler) for NMI_Handler
    startup_stm32f411xe.o(RESET) refers to stm32f4xx_it.o(i.HardFault_Handler) for HardFault_Handler
    startup_stm32f411xe.o(RESET) refers to stm32f4xx_it.o(i.MemManage_Handler) for MemManage_Handler
    startup_stm32f411xe.o(RESET) refers to stm32f4xx_it.o(i.BusFault_Handler) for BusFault_Handler
    startup_stm32f411xe.o(RESET) refers to stm32f4xx_it.o(i.UsageFault_Handler) for UsageFault_Handler
    startup_stm32f411xe.o(RESET) refers to stm32f4xx_it.o(i.SVC_Handler) for SVC_Handler
    startup_stm32f411xe.o(RESET) refers to stm32f4xx_it.o(i.DebugMon_Handler) for DebugMon_Handler
    startup_stm32f411xe.o(RESET) refers to stm32f4xx_it.o(i.PendSV_Handler) for PendSV_Handler
    startup_stm32f411xe.o(RESET) refers to stm32f4xx_it.o(i.SysTick_Handler) for SysTick_Handler
    startup_stm32f411xe.o(RESET) refers to stm32f4xx_it.o(i.TIM1_UP_TIM10_IRQHandler) for TIM1_UP_TIM10_IRQHandler
    startup_stm32f411xe.o(RESET) refers to stm32f4xx_it.o(i.DMA2_Stream3_IRQHandler) for DMA2_Stream3_IRQHandler
    startup_stm32f411xe.o(RESET) refers to stm32f4xx_it.o(i.OTG_FS_IRQHandler) for OTG_FS_IRQHandler
    startup_stm32f411xe.o(.text) refers (Special) to heapauxi.o(.text) for __use_two_region_memory
    startup_stm32f411xe.o(.text) refers to system_stm32f4xx.o(i.SystemInit) for SystemInit
    startup_stm32f411xe.o(.text) refers to __main.o(!!!main) for __main
    startup_stm32f411xe.o(.text) refers to startup_stm32f411xe.o(HEAP) for Heap_Mem
    startup_stm32f411xe.o(.text) refers to startup_stm32f411xe.o(STACK) for Stack_Mem
    font8.o(.data) refers to font8.o(.constdata) for Font8_Table
    font12.o(.data) refers to font12.o(.constdata) for Font12_Table
    font16.o(.data) refers to font16.o(.constdata) for Font16_Table
    font20.o(.data) refers to font20.o(.constdata) for Font20_Table
    font24.o(.data) refers to font24.o(.constdata) for Font24_Table
    file_handling.o(i.Mount_USB) refers to ff.o(i.f_mount) for f_mount
    file_handling.o(i.Mount_USB) refers to file_handling.o(i.Send_Uart) for Send_Uart
    file_handling.o(i.Mount_USB) refers to fatfs.o(.data) for USBHPath
    file_handling.o(i.Mount_USB) refers to fatfs.o(.bss) for USBHFatFS
    file_handling.o(i.Mount_USB) refers to file_handling.o(.data) for fresult
    file_handling.o(i.Read_File) refers to _printf_percent.o(.ARM.Collect$$_printf_percent$$00000000) for _printf_percent
    file_handling.o(i.Read_File) refers to _printf_s.o(.ARM.Collect$$_printf_percent$$00000014) for _printf_s
    file_handling.o(i.Read_File) refers to _printf_str.o(.text) for _printf_str
    file_handling.o(i.Read_File) refers to _printf_d.o(.ARM.Collect$$_printf_percent$$00000009) for _printf_d
    file_handling.o(i.Read_File) refers to _printf_dec.o(.text) for _printf_int_dec
    file_handling.o(i.Read_File) refers to ff.o(i.f_stat) for f_stat
    file_handling.o(i.Read_File) refers to h1_alloc.o(.text) for malloc
    file_handling.o(i.Read_File) refers to noretval__2sprintf.o(.text) for __2sprintf
    file_handling.o(i.Read_File) refers to gc9a01.o(i.GC9A01_Text) for GC9A01_Text
    file_handling.o(i.Read_File) refers to h1_free.o(.text) for free
    file_handling.o(i.Read_File) refers to ff.o(i.f_open) for f_open
    file_handling.o(i.Read_File) refers to ff.o(i.f_close) for f_close
    file_handling.o(i.Read_File) refers to ff.o(i.f_read) for f_read
    file_handling.o(i.Read_File) refers to rt_memcpy_v6.o(.text) for __aeabi_memcpy
    file_handling.o(i.Read_File) refers to file_handling.o(.bss) for USBHfno
    file_handling.o(i.Read_File) refers to file_handling.o(.data) for fresult
    file_handling.o(i.Read_File) refers to fatfs.o(.bss) for USBHFile
    file_handling.o(i.Scan_USB) refers to _printf_percent.o(.ARM.Collect$$_printf_percent$$00000000) for _printf_percent
    file_handling.o(i.Scan_USB) refers to _printf_s.o(.ARM.Collect$$_printf_percent$$00000014) for _printf_s
    file_handling.o(i.Scan_USB) refers to _printf_str.o(.text) for _printf_str
    file_handling.o(i.Scan_USB) refers to noretval__2sprintf.o(.text) for __2sprintf
    file_handling.o(i.Scan_USB) refers to ff.o(i.f_opendir) for f_opendir
    file_handling.o(i.Scan_USB) refers to ff.o(i.f_readdir) for f_readdir
[...]
    DMA2_Stream1_IRQHandler                  0x080002b3   Thumb Code     0  startup_stm32f411xe.o(.text)
    DMA2_Stream2_IRQHandler                  0x080002b3   Thumb Code     0  startup_stm32f411xe.o(.text)
    DMA2_Stream4_IRQHandler                  0x080002b3   Thumb Code     0  startup_stm32f411xe.o(.text)
    DMA2_Stream5_IRQHandler                  0x080002b3   Thumb Code     0  startup_stm32f411xe.o(.text)
    DMA2_Stream6_IRQHandler                  0x080002b3   Thumb Code     0  startup_stm32f411xe.o(.text)
    DMA2_Stream7_IRQHandler                  0x080002b3   Thumb Code     0  startup_stm32f411xe.o(.text)
    EXTI0_IRQHandler                         0x080002b3   Thumb Code     0  startup_stm32f411xe.o(.text)
    EXTI15_10_IRQHandler                     0x080002b3   Thumb Code     0  startup_stm32f411xe.o(.text)
    EXTI1_IRQHandler                         0x080002b3   Thumb Code     0  startup_stm32f411xe.o(.text)
    EXTI2_IRQHandler                         0x080002b3   Thumb Code     0  startup_stm32f411xe.o(.text)
    EXTI3_IRQHandler                         0x080002b3   Thumb Code     0  startup_stm32f411xe.o(.text)
    EXTI4_IRQHandler                         0x080002b3   Thumb Code     0  startup_stm32f411xe.o(.text)
    EXTI9_5_IRQHandler                       0x080002b3   Thumb Code     0  startup_stm32f411xe.o(.text)
    FLASH_IRQHandler                         0x080002b3   Thumb Code     0  startup_stm32f411xe.o(.text)
    FPU_IRQHandler                           0x080002b3   Thumb Code     0  startup_stm32f411xe.o(.text)
    I2C1_ER_IRQHandler                       0x080002b3   Thumb Code     0  startup_stm32f411xe.o(.text)
    I2C1_EV_IRQHandler                       0x080002b3   Thumb Code     0  startup_stm32f411xe.o(.text)
    I2C2_ER_IRQHandler                       0x080002b3   Thumb Code     0  startup_stm32f411xe.o(.text)
    I2C2_EV_IRQHandler                       0x080002b3   Thumb Code     0  startup_stm32f411xe.o(.text)
    I2C3_ER_IRQHandler                       0x080002b3   Thumb Code     0  startup_stm32f411xe.o(.text)
    I2C3_EV_IRQHandler                       0x080002b3   Thumb Code     0  startup_stm32f411xe.o(.text)
    OTG_FS_WKUP_IRQHandler                   0x080002b3   Thumb Code     0  startup_stm32f411xe.o(.text)
    PVD_IRQHandler                           0x080002b3   Thumb Code     0  startup_stm32f411xe.o(.text)
    RCC_IRQHandler                           0x080002b3   Thumb Code     0  startup_stm32f411xe.o(.text)
    RTC_Alarm_IRQHandler                     0x080002b3   Thumb Code     0  startup_stm32f411xe.o(.text)
    RTC_WKUP_IRQHandler                      0x080002b3   Thumb Code     0  startup_stm32f411xe.o(.text)
    SDIO_IRQHandler                          0x080002b3   Thumb Code     0  startup_stm32f411xe.o(.text)
    SPI1_IRQHandler                          0x080002b3   Thumb Code     0  startup_stm32f411xe.o(.text)
    SPI2_IRQHandler                          0x080002b3   Thumb Code     0  startup_stm32f411xe.o(.text)
    SPI3_IRQHandler                          0x080002b3   Thumb Code     0  startup_stm32f411xe.o(.text)
    SPI4_IRQHandler                          0x080002b3   Thumb Code     0  startup_stm32f411xe.o(.text)
    SPI5_IRQHandler                          0x080002b3   Thumb Code     0  startup_stm32f411xe.o(.text)
    TAMP_STAMP_IRQHandler                    0x080002b3   Thumb Code     0  startup_stm32f411xe.o(.text)
    TIM1_BRK_TIM9_IRQHandler                 0x080002b3   Thumb Code     0  startup_stm32f411xe.o(.text)
    TIM1_CC_IRQHandler                       0x080002b3   Thumb Code     0  startup_stm32f411xe.o(.text)
    TIM1_TRG_COM_TIM11_IRQHandler            0x080002b3   Thumb Code     0  startup_stm32f411xe.o(.text)
    TIM2_IRQHandler                          0x080002b3   Thumb Code     0  startup_stm32f411xe.o(.text)
    TIM3_IRQHandler                          0x080002b3   Thumb Code     0  startup_stm32f411xe.o(.text)
    TIM4_IRQHandler                          0x080002b3   Thumb Code     0  startup_stm32f411xe.o(.text)
    TIM5_IRQHandler                          0x080002b3   Thumb Code     0  startup_stm32f411xe.o(.text)
    USART1_IRQHandler                        0x080002b3   Thumb Code     0  startup_stm32f411xe.o(.text)
    USART2_IRQHandler                        0x080002b3   Thumb Code     0  startup_stm32f411xe.o(.text)
    USART6_IRQHandler                        0x080002b3   Thumb Code     0  startup_stm32f411xe.o(.text)
    WWDG_IRQHandler                          0x080002b3   Thumb Code     0  startup_stm32f411xe.o(.text)
    __user_initial_stackheap                 0x080002b5   Thumb Code     0  startup_stm32f411xe.o(.text)
    malloc                                   0x080002d9   Thumb Code    94  h1_alloc.o(.text)
    free                                     0x08000337   Thumb Code    78  h1_free.o(.text)
    __2sprintf                               0x08000385   Thumb Code    34  noretval__2sprintf.o(.text)
    __2snprintf                              0x080003ad   Thumb Code    48  noretval__2snprintf.o(.text)
    _printf_str                              0x080003e1   Thumb Code    82  _printf_str.o(.text)
    _printf_int_dec                          0x08000435   Thumb Code   104  _printf_dec.o(.text)
    __printf                                 0x080004ad   Thumb Code   270  __printf_wp.o(.text)
    strcpy                                   0x080005bb   Thumb Code    72  strcpy.o(.text)
    strlen                                   0x08000603   Thumb Code    62  strlen.o(.text)
    __aeabi_memcpy                           0x08000641   Thumb Code     0  rt_memcpy_v6.o(.text)
    __rt_memcpy                              0x08000641   Thumb Code   138  rt_memcpy_v6.o(.text)
    _memcpy_lastbytes                        0x080006a7   Thumb Code     0  rt_memcpy_v6.o(.text)
    __aeabi_memcpy4                          0x080006cb   Thumb Code     0  rt_memcpy_w.o(.text)
    __aeabi_memcpy8                          0x080006cb   Thumb Code     0  rt_memcpy_w.o(.text)
    __rt_memcpy_w                            0x080006cb   Thumb Code   100  rt_memcpy_w.o(.text)
    _memcpy_lastbytes_aligned                0x08000713   Thumb Code     0  rt_memcpy_w.o(.text)
    __aeabi_memclr                           0x0800072f   Thumb Code     0  rt_memclr.o(.text)
    __rt_memclr                              0x0800072f   Thumb Code    68  rt_memclr.o(.text)
    _memset                                  0x08000733   Thumb Code     0  rt_memclr.o(.text)
    __aeabi_memclr4                          0x08000773   Thumb Code     0  rt_memclr_w.o(.text)
    __aeabi_memclr8                          0x08000773   Thumb Code     0  rt_memclr_w.o(.text)
    __rt_memclr_w                            0x08000773   Thumb Code    78  rt_memclr_w.o(.text)
    _memset_w                                0x08000777   Thumb Code     0  rt_memclr_w.o(.text)
    strncpy                                  0x080007c1   Thumb Code    86  strncpy.o(.text)
    strcmp                                   0x08000819   Thumb Code   128  strcmpv7m.o(.text)
    __use_two_region_memory                  0x08000899   Thumb Code     2  heapauxi.o(.text)
    __rt_heap_escrow                         0x0800089b   Thumb Code     2  heapauxi.o(.text)
    __rt_heap_expand                         0x0800089d   Thumb Code     2  heapauxi.o(.text)
    __rt_heap_descriptor                     0x080008a1   Thumb Code     8  rt_heap_descriptor_intlibspace.o(.text)
    __use_no_heap                            0x080008a9   Thumb Code     2  hguard.o(.text)
    __heap$guard                             0x080008ab   Thumb Code     2  hguard.o(.text)
    _terminate_user_alloc                    0x080008ad   Thumb Code     2  init_alloc.o(.text)
    _init_user_alloc                         0x080008af   Thumb Code     2  init_alloc.o(.text)
    __Heap_Full                              0x080008b1   Thumb Code    34  init_alloc.o(.text)
    __Heap_Broken                            0x080008d3   Thumb Code     6  init_alloc.o(.text)
    _init_alloc                              0x080008d9   Thumb Code    94  init_alloc.o(.text)
    __Heap_Initialize                        0x08000937   Thumb Code    10  h1_init.o(.text)
    __Heap_DescSize                          0x08000941   Thumb Code     4  h1_init.o(.text)
    _printf_int_common                       0x08000945   Thumb Code   178  _printf_intcommon.o(.text)
    _printf_char_common                      0x08000a03   Thumb Code    32  _printf_char_common.o(.text)
    _sputc                                   0x08000a29   Thumb Code    10  _sputc.o(.text)
    _snputc                                  0x08000a33   Thumb Code    16  _snputc.o(.text)
    _printf_cs_common                        0x08000a43   Thumb Code    20  _printf_char.o(.text)
    _printf_char                             0x08000a57   Thumb Code    16  _printf_char.o(.text)
    _printf_string                           0x08000a67   Thumb Code     8  _printf_char.o(.text)
    __user_libspace                          0x08000a71   Thumb Code     8  libspace.o(.text)
    __user_perproc_libspace                  0x08000a71   Thumb Code     0  libspace.o(.text)
    __user_perthread_libspace                0x08000a71   Thumb Code     0  libspace.o(.text)
    __Heap_ProvideMemory                     0x08000a79   Thumb Code    52  h1_extend.o(.text)
    __rt_SIGRTMEM                            0x08000aad   Thumb Code    14  defsig_rtmem_outer.o(.text)
    __I$use$semihosting                      0x08000abb   Thumb Code     0  use_no_semi.o(.text)
    __use_no_semihosting_swi                 0x08000abb   Thumb Code     2  use_no_semi.o(.text)
    __semihosting_library_function           0x08000abd   Thumb Code     0  indicate_semi.o(.text)
    __user_setup_stackheap                   0x08000abd   Thumb Code    74  sys_stackheap_outer.o(.text)
    exit                                     0x08000b07   Thumb Code    18  exit.o(.text)
    __sig_exit                               0x08000b19   Thumb Code    10  defsig_exit.o(.text)
    __rt_SIGRTMEM_inner                      0x08000b25   Thumb Code    22  defsig_rtmem_inner.o(.text)
    _sys_exit                                0x08000b75   Thumb Code     8  sys_exit.o(.text)
    __default_signal_display                 0x08000b81   Thumb Code    50  defsig_general.o(.text)
    _ttywrch                                 0x08000bb3   Thumb Code    14  sys_wrch.o(.text)
    BusFault_Handler                         0x08000bc1   Thumb Code     4  stm32f4xx_it.o(i.BusFault_Handler)
    DMA2_Stream3_IRQHandler                  0x08000bc5   Thumb Code    64  stm32f4xx_it.o(i.DMA2_Stream3_IRQHandler)
    DOWN_button_handrel                      0x08000c0d   Thumb Code    50  main.o(i.DOWN_button_handrel)
    DebugMon_Handler                         0x08000ca7   Thumb Code     2  stm32f4xx_it.o(i.DebugMon_Handler)
    Error_Handler                            0x08000ca9   Thumb Code    40  main.o(i.Error_Handler)
    FATFS_LinkDriver                         0x08000cd5   Thumb Code    18  ff_gen_drv.o(i.FATFS_LinkDriver)
    FATFS_LinkDriverEx                       0x08000ce9   Thumb Code    78  ff_gen_drv.o(i.FATFS_LinkDriverEx)
    GC9A01_ClearScreen                       0x08000d3d   Thumb Code    20  gc9a01.o(i.GC9A01_ClearScreen)
    GC9A01_ClearWindow                       0x08000d51   Thumb Code   176  gc9a01.o(i.GC9A01_ClearWindow)
    GC9A01_DrawChar                          0x08000e01   Thumb Code   254  gc9a01.o(i.GC9A01_DrawChar)
    GC9A01_DrawPixel_2x2                     0x08000f05   Thumb Code    98  gc9a01.o(i.GC9A01_DrawPixel_2x2)
    GC9A01_Initial                           0x08000f69   Thumb Code  1146  gc9a01.o(i.GC9A01_Initial)
    GC9A01_Rainbow_String                    0x080013e5   Thumb Code   194  gc9a01.o(i.GC9A01_Rainbow_String)
    GC9A01_SetBackColor                      0x080014b1   Thumb Code     6  gc9a01.o(i.GC9A01_SetBackColor)
    GC9A01_SetFont                           0x080014bd   Thumb Code     6  gc9a01.o(i.GC9A01_SetFont)
    GC9A01_SetPos                            0x080014c9   Thumb Code    82  gc9a01.o(i.GC9A01_SetPos)
    GC9A01_SetTextColor                      0x0800151d   Thumb Code     6  gc9a01.o(i.GC9A01_SetTextColor)
    GC9A01_String                            0x08001529   Thumb Code   124  gc9a01.o(i.GC9A01_String)
    GC9A01_Text                              0x080015a9   Thumb Code   196  gc9a01.o(i.GC9A01_Text)
    GC9A01_Write_Bytes                       0x08001675   Thumb Code   242  gc9a01.o(i.GC9A01_Write_Bytes)
    GC9A01_Write_Cmd                         0x08001781   Thumb Code    40  gc9a01.o(i.GC9A01_Write_Cmd)
    GC9A01_Write_Cmd_Data                    0x080017b1   Thumb Code    40  gc9a01.o(i.GC9A01_Write_Cmd_Data)
    HAL_Delay                                0x080017e1   Thumb Code    36  stm32f4xx_hal.o(i.HAL_Delay)
    HAL_GPIO_Init                            0x08001809   Thumb Code   424  stm32f4xx_hal_gpio.o(i.HAL_GPIO_Init)
    HAL_GPIO_TogglePin                       0x080019d1   Thumb Code    20  stm32f4xx_hal_gpio.o(i.HAL_GPIO_TogglePin)
    HAL_GPIO_WritePin                        0x080019e5   Thumb Code    12  stm32f4xx_hal_gpio.o(i.HAL_GPIO_WritePin)
    HAL_GetTick                              0x080019f1   Thumb Code     6  stm32f4xx_hal.o(i.HAL_GetTick)
    HAL_HCD_Connect_Callback                 0x080019fd   Thumb Code    14  usbh_conf.o(i.HAL_HCD_Connect_Callback)
    HAL_HCD_Disconnect_Callback              0x08001a0b   Thumb Code    14  usbh_conf.o(i.HAL_HCD_Disconnect_Callback)
    HAL_HCD_GetCurrentFrame                  0x08001a19   Thumb Code    12  stm32f4xx_hal_hcd.o(i.HAL_HCD_GetCurrentFrame)
    HAL_HCD_GetCurrentSpeed                  0x08001a25   Thumb Code    12  stm32f4xx_hal_hcd.o(i.HAL_HCD_GetCurrentSpeed)
    HAL_HCD_HC_GetURBState                   0x08001a31   Thumb Code    24  stm32f4xx_hal_hcd.o(i.HAL_HCD_HC_GetURBState)
    HAL_HCD_HC_GetXferCount                  0x08001a49   Thumb Code    22  stm32f4xx_hal_hcd.o(i.HAL_HCD_HC_GetXferCount)
    HAL_HCD_HC_Halt                          0x08001a5f   Thumb Code    52  stm32f4xx_hal_hcd.o(i.HAL_HCD_HC_Halt)
    HAL_HCD_HC_Init                          0x08001a93   Thumb Code   262  stm32f4xx_hal_hcd.o(i.HAL_HCD_HC_Init)
    HAL_HCD_HC_NotifyURBChange_Callback      0x08001b99   Thumb Code     2  usbh_conf.o(i.HAL_HCD_HC_NotifyURBChange_Callback)
    HAL_HCD_HC_SubmitRequest                 0x08001b9b   Thumb Code   676  stm32f4xx_hal_hcd.o(i.HAL_HCD_HC_SubmitRequest)
    HAL_HCD_IRQHandler                       0x08001e3f   Thumb Code   376  stm32f4xx_hal_hcd.o(i.HAL_HCD_IRQHandler)
    HAL_HCD_Init                             0x08001fb7   Thumb Code   116  stm32f4xx_hal_hcd.o(i.HAL_HCD_Init)
    HAL_HCD_MspInit                          0x0800202d   Thumb Code   178  usbh_conf.o(i.HAL_HCD_MspInit)
    HAL_HCD_PortDisabled_Callback            0x080020e9   Thumb Code    14  usbh_conf.o(i.HAL_HCD_PortDisabled_Callback)
    HAL_HCD_PortEnabled_Callback             0x080020f7   Thumb Code    14  usbh_conf.o(i.HAL_HCD_PortEnabled_Callback)
    HAL_HCD_ResetPort                        0x08002105   Thumb Code    12  stm32f4xx_hal_hcd.o(i.HAL_HCD_ResetPort)
    HAL_HCD_SOF_Callback                     0x08002111   Thumb Code    14  usbh_conf.o(i.HAL_HCD_SOF_Callback)
    HAL_HCD_Start                            0x0800211f   Thumb Code    54  stm32f4xx_hal_hcd.o(i.HAL_HCD_Start)
    HAL_HCD_Stop                             0x08002155   Thumb Code    46  stm32f4xx_hal_hcd.o(i.HAL_HCD_Stop)
    HAL_IncTick                              0x08002185   Thumb Code    16  stm32f4xx_hal.o(i.HAL_IncTick)
    HAL_Init                                 0x0800219d   Thumb Code    54  stm32f4xx_hal.o(i.HAL_Init)
    HAL_InitTick                             0x080021d9   Thumb Code    64  stm32f4xx_hal.o(i.HAL_InitTick)
    HAL_MspInit                              0x08002225   Thumb Code    68  stm32f4xx_hal_msp.o(i.HAL_MspInit)
    HAL_NVIC_EnableIRQ                       0x0800226d   Thumb Code    32  stm32f4xx_hal_cortex.o(i.HAL_NVIC_EnableIRQ)
    HAL_NVIC_SetPriority                     0x0800228d   Thumb Code   124  stm32f4xx_hal_cortex.o(i.HAL_NVIC_SetPriority)
    HAL_NVIC_SetPriorityGrouping             0x08002309   Thumb Code    32  stm32f4xx_hal_cortex.o(i.HAL_NVIC_SetPriorityGrouping)
    HAL_SYSTICK_Config                       0x08002331   Thumb Code    52  stm32f4xx_hal_cortex.o(i.HAL_SYSTICK_Config)
    HardFault_Handler                        0x08003221   Thumb Code     4  stm32f4xx_it.o(i.HardFault_Handler)
    LEFT_button_handrel                      0x08003225   Thumb Code    50  main.o(i.LEFT_button_handrel)
    LL_GPIO_Init                             0x080032b1   Thumb Code   312  stm32f4xx_ll_gpio.o(i.LL_GPIO_Init)
    LL_SPI_Init                              0x0800340b   Thumb Code   108  stm32f4xx_ll_spi.o(i.LL_SPI_Init)
    LL_SetSystemCoreClock                    0x08003479   Thumb Code     6  stm32f4xx_ll_utils.o(i.LL_SetSystemCoreClock)
    LL_TIM_Init                              0x08003485   Thumb Code   148  stm32f4xx_ll_tim.o(i.LL_TIM_Init)
    MX_DriverVbusFS                          0x08003561   Thumb Code    28  usbh_platform.o(i.MX_DriverVbusFS)
    MX_FATFS_Init                            0x08003581   Thumb Code    16  fatfs.o(i.MX_FATFS_Init)
    MX_USB_HOST_Init                         0x08003881   Thumb Code    46  usb_host.o(i.MX_USB_HOST_Init)
    MX_USB_HOST_Process                      0x080038bd   Thumb Code    10  usb_host.o(i.MX_USB_HOST_Process)
    MemManage_Handler                        0x080038cd   Thumb Code     4  stm32f4xx_it.o(i.MemManage_Handler)
    Mount_USB                                0x080038d1   Thumb Code    38  file_handling.o(i.Mount_USB)
    NMI_Handler                              0x08003945   Thumb Code     4  stm32f4xx_it.o(i.NMI_Handler)
    OTG_FS_IRQHandler                        0x08003989   Thumb Code    10  stm32f4xx_it.o(i.OTG_FS_IRQHandler)
    PendSV_Handler                           0x08003999   Thumb Code     2  stm32f4xx_it.o(i.PendSV_Handler)
    RIGHT_button_handrel                     0x0800399d   Thumb Code    50  main.o(i.RIGHT_button_handrel)
    Read_File                                0x080039d9   Thumb Code   274  file_handling.o(i.Read_File)
    SPI_write                                0x08003b89   Thumb Code    46  gc9a01.o(i.SPI_write)
    SVC_Handler                              0x08003bbd   Thumb Code     2  stm32f4xx_it.o(i.SVC_Handler)
    Scan_USB                                 0x08003bc1   Thumb Code   278  file_handling.o(i.Scan_USB)
    Scan_USB_for_amount_of_files             0x08003d1d   Thumb Code   110  file_handling.o(i.Scan_USB_for_amount_of_files)
    Send_Uart                                0x08003d91   Thumb Code     2  file_handling.o(i.Send_Uart)
    ShowMenu                                 0x08003d95   Thumb Code   336  gc9a01.o(i.ShowMenu)
    SysTick_Handler                          0x08003ef9   Thumb Code     8  stm32f4xx_it.o(i.SysTick_Handler)
    SystemClock_Config                       0x08003f01   Thumb Code   328  main.o(i.SystemClock_Config)
    SystemInit                               0x08004061   Thumb Code    14  system_stm32f4xx.o(i.SystemInit)
    TIM1_UP_TIM10_IRQHandler                 0x08004075   Thumb Code    28  stm32f4xx_it.o(i.TIM1_UP_TIM10_IRQHandler)
    UP_button_handrel                        0x08004095   Thumb Code    50  main.o(i.UP_button_handrel)
    USBH_AllocPipe                           0x080040d1   Thumb Code    42  usbh_pipes.o(i.USBH_AllocPipe)
    USBH_BulkReceiveData                     0x080040fb   Thumb Code    42  usbh_ioreq.o(i.USBH_BulkReceiveData)
    USBH_BulkSendData                        0x08004125   Thumb Code    52  usbh_ioreq.o(i.USBH_BulkSendData)
    USBH_ClosePipe                           0x08004159   Thumb Code    18  usbh_pipes.o(i.USBH_ClosePipe)
    USBH_ClrFeature                          0x0800416b   Thumb Code    40  usbh_ctlreq.o(i.USBH_ClrFeature)
    USBH_CtlReceiveData                      0x08004193   Thumb Code    42  usbh_ioreq.o(i.USBH_CtlReceiveData)
    USBH_CtlReq                              0x080041bd   Thumb Code    84  usbh_ctlreq.o(i.USBH_CtlReq)
    USBH_CtlSendData                         0x08004211   Thumb Code    52  usbh_ioreq.o(i.USBH_CtlSendData)
    USBH_CtlSendSetup                        0x08004245   Thumb Code    38  usbh_ioreq.o(i.USBH_CtlSendSetup)
    USBH_Delay                               0x0800426b   Thumb Code    12  usbh_conf.o(i.USBH_Delay)
    USBH_FindInterface                       0x08004277   Thumb Code    80  usbh_core.o(i.USBH_FindInterface)
    USBH_FreePipe                            0x080042c7   Thumb Code    30  usbh_pipes.o(i.USBH_FreePipe)
    USBH_GetDescriptor                       0x080042e5   Thumb Code    74  usbh_ctlreq.o(i.USBH_GetDescriptor)
    USBH_GetNextDesc                         0x08004357   Thumb Code    18  usbh_ctlreq.o(i.USBH_GetNextDesc)
    USBH_Get_CfgDesc                         0x08004369   Thumb Code    46  usbh_ctlreq.o(i.USBH_Get_CfgDesc)
    USBH_Get_DevDesc                         0x08004397   Thumb Code    46  usbh_ctlreq.o(i.USBH_Get_DevDesc)
    USBH_Get_StringDesc                      0x080043c5   Thumb Code    56  usbh_ctlreq.o(i.USBH_Get_StringDesc)
    USBH_Get_USB_Status                      0x080043fd   Thumb Code    44  usbh_conf.o(i.USBH_Get_USB_Status)
    USBH_Init                                0x080048db   Thumb Code    72  usbh_core.o(i.USBH_Init)
    USBH_LL_ClosePipe                        0x08004923   Thumb Code    38  usbh_conf.o(i.USBH_LL_ClosePipe)
    USBH_LL_Connect                          0x08004949   Thumb Code    22  usbh_core.o(i.USBH_LL_Connect)
    USBH_LL_Disconnect                       0x0800495f   Thumb Code    46  usbh_core.o(i.USBH_LL_Disconnect)
    USBH_LL_DriverVBUS                       0x0800498d   Thumb Code    30  usbh_conf.o(i.USBH_LL_DriverVBUS)
    USBH_LL_GetLastXferSize                  0x080049ab   Thumb Code    18  usbh_conf.o(i.USBH_LL_GetLastXferSize)
    USBH_LL_GetSpeed                         0x080049bd   Thumb Code    48  usbh_conf.o(i.USBH_LL_GetSpeed)
    USBH_LL_GetToggle                        0x080049ed   Thumb Code    70  usbh_conf.o(i.USBH_LL_GetToggle)
    USBH_LL_GetURBState                      0x08004a33   Thumb Code    18  usbh_conf.o(i.USBH_LL_GetURBState)
    USBH_LL_IncTimer                         0x08004a45   Thumb Code    22  usbh_core.o(i.USBH_LL_IncTimer)
    USBH_LL_Init                             0x08004a5d   Thumb Code    82  usbh_conf.o(i.USBH_LL_Init)
    USBH_LL_OpenPipe                         0x08004ab5   Thumb Code    64  usbh_conf.o(i.USBH_LL_OpenPipe)
    USBH_LL_PortDisabled                     0x08004af5   Thumb Code     8  usbh_core.o(i.USBH_LL_PortDisabled)
    USBH_LL_PortEnabled                      0x08004afd   Thumb Code     8  usbh_core.o(i.USBH_LL_PortEnabled)
    USBH_LL_ResetPort                        0x08004b05   Thumb Code    30  usbh_conf.o(i.USBH_LL_ResetPort)
    USBH_LL_SetTimer                         0x08004b23   Thumb Code     6  usbh_core.o(i.USBH_LL_SetTimer)
    USBH_LL_SetToggle                        0x08004b29   Thumb Code    70  usbh_conf.o(i.USBH_LL_SetToggle)
    USBH_LL_Start                            0x08004b6f   Thumb Code    30  usbh_conf.o(i.USBH_LL_Start)
    USBH_LL_Stop                             0x08004b8d   Thumb Code    30  usbh_conf.o(i.USBH_LL_Stop)
    USBH_LL_SubmitURB                        0x08004bab   Thumb Code    64  usbh_conf.o(i.USBH_LL_SubmitURB)
    USBH_MSC_BOT_Init                        0x08004c29   Thumb Code    30  usbh_msc_bot.o(i.USBH_MSC_BOT_Init)
    USBH_MSC_BOT_Process                     0x08004c51   Thumb Code   622  usbh_msc_bot.o(i.USBH_MSC_BOT_Process)
    USBH_MSC_BOT_REQ_GetMaxLUN               0x08004ebf   Thumb Code    36  usbh_msc_bot.o(i.USBH_MSC_BOT_REQ_GetMaxLUN)
    USBH_MSC_BOT_REQ_Reset                   0x08004ee3   Thumb Code    32  usbh_msc_bot.o(i.USBH_MSC_BOT_REQ_Reset)
    USBH_MSC_GetLUNInfo                      0x08004ff9   Thumb Code    56  usbh_msc.o(i.USBH_MSC_GetLUNInfo)
    USBH_MSC_Read                            0x08005877   Thumb Code   156  usbh_msc.o(i.USBH_MSC_Read)
    USBH_MSC_SCSI_Inquiry                    0x08005913   Thumb Code   256  usbh_msc_scsi.o(i.USBH_MSC_SCSI_Inquiry)
    USBH_MSC_SCSI_Read                       0x08005a13   Thumb Code   166  usbh_msc_scsi.o(i.USBH_MSC_SCSI_Read)
    USBH_MSC_SCSI_ReadCapacity               0x08005ab9   Thumb Code   168  usbh_msc_scsi.o(i.USBH_MSC_SCSI_ReadCapacity)
    USBH_MSC_SCSI_RequestSense               0x08005b61   Thumb Code   178  usbh_msc_scsi.o(i.USBH_MSC_SCSI_RequestSense)
    USBH_MSC_SCSI_TestUnitReady              0x08005c13   Thumb Code    98  usbh_msc_scsi.o(i.USBH_MSC_SCSI_TestUnitReady)
    USBH_MSC_SCSI_Write                      0x08005c75   Thumb Code   166  usbh_msc_scsi.o(i.USBH_MSC_SCSI_Write)
    USBH_MSC_UnitIsReady                     0x08005d21   Thumb Code    44  usbh_msc.o(i.USBH_MSC_UnitIsReady)
    USBH_MSC_Write                           0x08005d4d   Thumb Code   156  usbh_msc.o(i.USBH_MSC_Write)
    USBH_OpenPipe                            0x08005de9   Thumb Code    42  usbh_pipes.o(i.USBH_OpenPipe)
    USBH_Process                             0x080060f3   Thumb Code   738  usbh_core.o(i.USBH_Process)
    USBH_RegisterClass                       0x080063d5   Thumb Code    50  usbh_core.o(i.USBH_RegisterClass)
    USBH_SelectInterface                     0x08006407   Thumb Code    40  usbh_core.o(i.USBH_SelectInterface)
    USBH_SetAddress                          0x0800642f   Thumb Code    40  usbh_ctlreq.o(i.USBH_SetAddress)
    USBH_SetCfg                              0x08006457   Thumb Code    40  usbh_ctlreq.o(i.USBH_SetCfg)
    USBH_SetFeature                          0x0800647f   Thumb Code    40  usbh_ctlreq.o(i.USBH_SetFeature)
    USBH_Start                               0x080064a7   Thumb Code    22  usbh_core.o(i.USBH_Start)
    USBH_initialize                          0x080064f5   Thumb Code     6  usbh_diskio.o(i.USBH_initialize)
    USBH_ioctl                               0x080064fd   Thumb Code   128  usbh_diskio.o(i.USBH_ioctl)
    USBH_read                                0x08006581   Thumb Code    98  usbh_diskio.o(i.USBH_read)
    USBH_status                              0x080065e9   Thumb Code    26  usbh_diskio.o(i.USBH_status)
    USBH_write                               0x08006609   Thumb Code   112  usbh_diskio.o(i.USBH_write)
    USB_CoreInit                             0x0800667d   Thumb Code   128  stm32f4xx_ll_usb.o(i.USB_CoreInit)
    USB_DisableGlobalInt                     0x08006759   Thumb Code    14  stm32f4xx_ll_usb.o(i.USB_DisableGlobalInt)
    USB_DoPing                               0x08006769   Thumb Code    64  stm32f4xx_ll_usb.o(i.USB_DoPing)
    USB_DriveVbus                            0x080067ad   Thumb Code    74  stm32f4xx_ll_usb.o(i.USB_DriveVbus)
    USB_EnableGlobalInt                      0x080067f7   Thumb Code    14  stm32f4xx_ll_usb.o(i.USB_EnableGlobalInt)
    USB_FlushRxFifo                          0x08006805   Thumb Code    80  stm32f4xx_ll_usb.o(i.USB_FlushRxFifo)
    USB_FlushTxFifo                          0x08006859   Thumb Code    84  stm32f4xx_ll_usb.o(i.USB_FlushTxFifo)
    USB_GetCurrentFrame                      0x080068b1   Thumb Code    14  stm32f4xx_ll_usb.o(i.USB_GetCurrentFrame)
    USB_GetHostSpeed                         0x080068bf   Thumb Code    24  stm32f4xx_ll_usb.o(i.USB_GetHostSpeed)
    USB_GetMode                              0x080068d7   Thumb Code    10  stm32f4xx_ll_usb.o(i.USB_GetMode)
    USB_HC_Halt                              0x080068e1   Thumb Code   370  stm32f4xx_ll_usb.o(i.USB_HC_Halt)
    USB_HC_Init                              0x08006a53   Thumb Code   450  stm32f4xx_ll_usb.o(i.USB_HC_Init)
    USB_HC_ReadInterrupt                     0x08006c15   Thumb Code    14  stm32f4xx_ll_usb.o(i.USB_HC_ReadInterrupt)
    USB_HC_StartXfer                         0x08006c25   Thumb Code   458  stm32f4xx_ll_usb.o(i.USB_HC_StartXfer)
    USB_HostInit                             0x08006df5   Thumb Code   230  stm32f4xx_ll_usb.o(i.USB_HostInit)
    USB_InitFSLSPClkSel                      0x08006ef1   Thumb Code    68  stm32f4xx_ll_usb.o(i.USB_InitFSLSPClkSel)
    USB_ReadInterrupts                       0x08006f35   Thumb Code    10  stm32f4xx_ll_usb.o(i.USB_ReadInterrupts)
    USB_ReadPacket                           0x08006f3f   Thumb Code    96  stm32f4xx_ll_usb.o(i.USB_ReadPacket)
    USB_ResetPort                            0x08006f9f   Thumb Code    60  stm32f4xx_ll_usb.o(i.USB_ResetPort)
    USB_SetCurrentMode                       0x08006fdb   Thumb Code   104  stm32f4xx_ll_usb.o(i.USB_SetCurrentMode)
    USB_StopHost                             0x08007043   Thumb Code   198  stm32f4xx_ll_usb.o(i.USB_StopHost)
    USB_WritePacket                          0x08007109   Thumb Code    68  stm32f4xx_ll_usb.o(i.USB_WritePacket)
    Unmount_USB                              0x0800714d   Thumb Code    38  file_handling.o(i.Unmount_USB)
    UsageFault_Handler                       0x080071c1   Thumb Code     4  stm32f4xx_it.o(i.UsageFault_Handler)
    _is_digit                                0x08007251   Thumb Code    14  __printf_wp.o(i._is_digit)
    check_for_USB_storage_connection         0x08007261   Thumb Code   212  main.o(i.check_for_USB_storage_connection)
    chek_menu_member_for_the_file_type       0x080073e9   Thumb Code    68  gc9a01.o(i.chek_menu_member_for_the_file_type)
    clear_and_set_root                       0x080074bd   Thumb Code    28  main.o(i.clear_and_set_root)
    delay_ms                                 0x08007939   Thumb Code    20  main.o(i.delay_ms)
    disk_initialize                          0x08007e69   Thumb Code    40  diskio.o(i.disk_initialize)
    disk_ioctl                               0x08007e95   Thumb Code    36  diskio.o(i.disk_ioctl)
    disk_read                                0x08007ebd   Thumb Code    42  diskio.o(i.disk_read)
    disk_status                              0x08007eed   Thumb Code    24  diskio.o(i.disk_status)
    disk_write                               0x08007f09   Thumb Code    42  diskio.o(i.disk_write)
    f_close                                  0x08007f61   Thumb Code    44  ff.o(i.f_close)
    f_closedir                               0x08007f8d   Thumb Code    38  ff.o(i.f_closedir)
    f_mount                                  0x08007fb5   Thumb Code    92  ff.o(i.f_mount)
    f_open                                   0x08008015   Thumb Code   570  ff.o(i.f_open)
    f_opendir                                0x0800824f   Thumb Code   152  ff.o(i.f_opendir)
    f_read                                   0x080082e7   Thumb Code   428  ff.o(i.f_read)
    f_readdir                                0x08008493   Thumb Code    92  ff.o(i.f_readdir)
    f_stat                                   0x080084ef   Thumb Code    72  ff.o(i.f_stat)
    f_sync                                   0x08008537   Thumb Code   160  ff.o(i.f_sync)
    ff_convert                               0x080085d9   Thumb Code    70  ccsbcs.o(i.ff_convert)
    ff_wtoupper                              0x08008625   Thumb Code   156  ccsbcs.o(i.ff_wtoupper)
    get_active_menu_member                   0x08008b21   Thumb Code    38  gc9a01.o(i.get_active_menu_member)
    get_fattime                              0x08008c27   Thumb Code     4  fatfs.o(i.get_fattime)
    main                                     0x08008ebd   Thumb Code   590  main.o(i.main)
    menu_active_member_running_text_animation 0x080091ad   Thumb Code   222  gc9a01.o(i.menu_active_member_running_text_animation)
    refresh_menu_member                      0x0800951d   Thumb Code   214  gc9a01.o(i.refresh_menu_member)
    view_image_DOWN_button_handler           0x08009823   Thumb Code     2  main.o(i.view_image_DOWN_button_handler)
    view_image_LEFT_button_handler           0x08009825   Thumb Code     2  main.o(i.view_image_LEFT_button_handler)
    view_image_RIGHT_button_handler          0x08009827   Thumb Code     2  main.o(i.view_image_RIGHT_button_handler)
    view_image_UP_button_handler             0x08009829   Thumb Code     2  main.o(i.view_image_UP_button_handler)
    view_menu_DOWN_button_handler            0x0800982d   Thumb Code   346  main.o(i.view_menu_DOWN_button_handler)
    view_menu_LEFT_button_handler            0x080099a5   Thumb Code   194  main.o(i.view_menu_LEFT_button_handler)
    view_menu_RIGHT_button_handler           0x08009a81   Thumb Code   470  main.o(i.view_menu_RIGHT_button_handler)
    view_menu_UP_button_handler              0x08009c9d   Thumb Code   332  main.o(i.view_menu_UP_button_handler)
    view_txt_DOWN_button_handler             0x08009e01   Thumb Code    18  main.o(i.view_txt_DOWN_button_handler)
    view_txt_LEFT_button_handler             0x08009e19   Thumb Code    44  main.o(i.view_txt_LEFT_button_handler)
    view_txt_RIGHT_button_handler            0x08009e5d   Thumb Code     2  main.o(i.view_txt_RIGHT_button_handler)
    view_txt_UP_button_handler               0x08009e61   Thumb Code    18  main.o(i.view_txt_UP_button_handler)
    _fp_init                                 0x08009e79   Thumb Code    10  fpinit.o(x$fpl$fpinit)
    __fplib_config_fpu_vfp                   0x08009e81   Thumb Code     0  fpinit.o(x$fpl$fpinit)
    __fplib_config_pureend_doubles           0x08009e81   Thumb Code     0  fpinit.o(x$fpl$fpinit)
    Font16_Table                             0x08009e82   Data        3040  font16.o(.constdata)
    Font20_Table                             0x0800aa62   Data        3800  font20.o(.constdata)
    USBH_Driver                              0x0800b9bc   Data          20  usbh_diskio.o(.constdata)
    Region$$Table$$Base                      0x0800be84   Number         0  anon$$obj.o(Region$$Table)
    Region$$Table$$Limit                     0x0800bea4   Number         0  anon$$obj.o(Region$$Table)
    Font16                                   0x20000000   Data           8  font16.o(.data)
    Font20                                   0x20000008   Data           8  font20.o(.data)
    fresult                                  0x20000010   Data           1  file_handling.o(.data)
    br                                       0x20000014   Data           4  file_handling.o(.data)
    bw                                       0x20000018   Data           4  file_handling.o(.data)
    pUSBHFatFS                               0x2000001c   Data           4  file_handling.o(.data)
    fre_clust                                0x20000020   Data           4  file_handling.o(.data)
    total                                    0x20000024   Data           4  file_handling.o(.data)
    free_space                               0x20000028   Data           4  file_handling.o(.data)
    lcdprop                                  0x2000002c   Data           8  gc9a01.o(.data)
    shift                                    0x20000034   Data           1  gc9a01.o(.data)
    current_text_color                       0x20000035   Data           1  gc9a01.o(.data)
    tohru1                                   0x20000038   Data       39200  main.o(.data)
    dma_spi_fl1                              0x20009958   Data           1  main.o(.data)
    dma_spi_cnt                              0x2000995c   Data           4  main.o(.data)
    current_active_menu_member               0x20009960   Data           1  main.o(.data)
    current_page                             0x20009961   Data           1  main.o(.data)
    amount_of_files                          0x20009962   Data           1  main.o(.data)
    txt_file_page                            0x20009963   Data           1  main.o(.data)
    enable_menu_member_animation             0x20009964   Data           1  main.o(.data)
    path                                     0x20009965   Data         512  main.o(.data)
    very_long_str                            0x20009b65   Data         739  main.o(.data)
    res                                      0x20009e48   Data           1  main.o(.data)
    USB_Storage_state                        0x20009e49   Data           1  main.o(.data)
    USB_Storage_last_state                   0x20009e4a   Data           1  main.o(.data)
    current_mode                             0x20009e4b   Data           1  main.o(.data)
    uwTick                                   0x20009e4c   Data           4  stm32f4xx_hal.o(.data)
    uwTickPrio                               0x20009e50   Data           4  stm32f4xx_hal.o(.data)
    uwTickFreq                               0x20009e54   Data           1  stm32f4xx_hal.o(.data)
    SystemCoreClock                          0x20009e58   Data           4  system_stm32f4xx.o(.data)
    retUSBH                                  0x20009e5c   Data           1  fatfs.o(.data)
    USBHPath                                 0x20009e5d   Data           4  fatfs.o(.data)
    Appli_state                              0x20009e61   Data           1  usb_host.o(.data)
    USBH_msc                                 0x20009e6c   Data          32  usbh_msc.o(.data)
    USBHfno                                  0x20009e8c   Data         280  file_handling.o(.bss)
    buffer                                   0x20009fa4   Data         256  main.o(.bss)
    path_txt                                 0x2000a0a4   Data         512  main.o(.bss)
    fs                                       0x2000a2a4   Data         564  main.o(.bss)
    dr                                       0x2000a4d8   Data          52  main.o(.bss)
    fl                                       0x2000a50c   Data         560  main.o(.bss)
    Members                                  0x2000a73c   Data         416  main.o(.bss)
    USBHFatFS                                0x2000a8dc   Data         564  fatfs.o(.bss)
    USBHFile                                 0x2000ab10   Data         560  fatfs.o(.bss)
    hUsbHostFS                               0x2000ad40   Data         984  usb_host.o(.bss)
    hhcd_USB_OTG_FS                          0x2000b118   Data         772  usbh_conf.o(.bss)
    disk                                     0x2000b43c   Data          12  ff_gen_drv.o(.bss)
    __libspace_start                         0x2000b448   Data          96  libspace.o(.bss)
    __temporary_stack_top$libspace           0x2000b4a8   Data           0  libspace.o(.bss)



==============================================================================

Memory Map of the image

  Image Entry point : 0x08000199

  Load Region LR_IROM1 (Base: 0x08000000, Size: 0x00015d30, Max: 0x00080000, ABSOLUTE, COMPRESSED[0x000124a8])

    Execution Region ER_IROM1 (Exec base: 0x08000000, Load base: 0x08000000, Size: 0x0000bea4, Max: 0x00080000, ABSOLUTE)

    Exec Addr    Load Addr    Size         Type   Attr      Idx    E Section Name        Object

    0x08000000   0x08000000   0x00000198   Data   RO            3    RESET               startup_stm32f411xe.o
    0x08000198   0x08000198   0x00000008   Code   RO         5057  * !!!main             c_w.l(__main.o)
    0x080001a0   0x080001a0   0x00000034   Code   RO         5283    !!!scatter          c_w.l(__scatter.o)
    0x080001d4   0x080001d4   0x00000064   Code   RO         5281    !!dclz77c           c_w.l(__dclz77c.o)
    0x08000238   0x08000238   0x0000001c   Code   RO         5285    !!handler_zi        c_w.l(__scatter_zi.o)
    0x08000254   0x08000254   0x00000000   Code   RO         5033    .ARM.Collect$$_printf_percent$$00000000  c_w.l(_printf_percent.o)
    0x08000254   0x08000254   0x00000006   Code   RO         5032    .ARM.Collect$$_printf_percent$$00000009  c_w.l(_printf_d.o)
    0x0800025a   0x0800025a   0x00000006   Code   RO         5031    .ARM.Collect$$_printf_percent$$00000014  c_w.l(_printf_s.o)
    0x08000260   0x08000260   0x00000004   Code   RO         5101    .ARM.Collect$$_printf_percent$$00000017  c_w.l(_printf_percent_end.o)
    0x08000264   0x08000264   0x00000002   Code   RO         5220    .ARM.Collect$$libinit$$00000000  c_w.l(libinit.o)
    0x08000266   0x08000266   0x00000004   Code   RO         5104    .ARM.Collect$$libinit$$00000001  c_w.l(libinit2.o)
    0x0800026a   0x0800026a   0x00000000   Code   RO         5107    .ARM.Collect$$libinit$$00000004  c_w.l(libinit2.o)
    0x0800026a   0x0800026a   0x00000008   Code   RO         5108    .ARM.Collect$$libinit$$00000005  c_w.l(libinit2.o)
    0x08000272   0x08000272   0x00000000   Code   RO         5110    .ARM.Collect$$libinit$$0000000A  c_w.l(libinit2.o)
    0x08000272   0x08000272   0x00000000   Code   RO         5112    .ARM.Collect$$libinit$$0000000C  c_w.l(libinit2.o)
    0x08000272   0x08000272   0x00000000   Code   RO         5114    .ARM.Collect$$libinit$$0000000E  c_w.l(libinit2.o)
    0x08000272   0x08000272   0x00000000   Code   RO         5117    .ARM.Collect$$libinit$$00000011  c_w.l(libinit2.o)
    0x08000272   0x08000272   0x00000000   Code   RO         5119    .ARM.Collect$$libinit$$00000013  c_w.l(libinit2.o)
    0x08000272   0x08000272   0x00000000   Code   RO         5121    .ARM.Collect$$libinit$$00000015  c_w.l(libinit2.o)
    0x08000272   0x08000272   0x00000000   Code   RO         5123    .ARM.Collect$$libinit$$00000017  c_w.l(libinit2.o)
    0x08000272   0x08000272   0x00000000   Code   RO         5125    .ARM.Collect$$libinit$$00000019  c_w.l(libinit2.o)
    0x08000272   0x08000272   0x00000000   Code   RO         5127    .ARM.Collect$$libinit$$0000001B  c_w.l(libinit2.o)
    0x08000272   0x08000272   0x00000000   Code   RO         5129    .ARM.Collect$$libinit$$0000001D  c_w.l(libinit2.o)
    0x08000272   0x08000272   0x00000000   Code   RO         5131    .ARM.Collect$$libinit$$0000001F  c_w.l(libinit2.o)
    0x08000272   0x08000272   0x00000000   Code   RO         5133    .ARM.Collect$$libinit$$00000021  c_w.l(libinit2.o)
    0x08000272   0x08000272   0x00000000   Code   RO         5135    .ARM.Collect$$libinit$$00000023  c_w.l(libinit2.o)
    0x08000272   0x08000272   0x00000000   Code   RO         5137    .ARM.Collect$$libinit$$00000025  c_w.l(libinit2.o)
    0x08000272   0x08000272   0x00000000   Code   RO         5141    .ARM.Collect$$libinit$$0000002C  c_w.l(libinit2.o)
    0x08000272   0x08000272   0x00000000   Code   RO         5143    .ARM.Collect$$libinit$$0000002E  c_w.l(libinit2.o)
    0x08000272   0x08000272   0x00000000   Code   RO         5145    .ARM.Collect$$libinit$$00000030  c_w.l(libinit2.o)
    0x08000272   0x08000272   0x00000000   Code   RO         5147    .ARM.Collect$$libinit$$00000032  c_w.l(libinit2.o)
    0x08000272   0x08000272   0x00000002   Code   RO         5148    .ARM.Collect$$libinit$$00000033  c_w.l(libinit2.o)
    0x08000274   0x08000274   0x00000002   Code   RO         5278    .ARM.Collect$$libshutdown$$00000000  c_w.l(libshutdown.o)
    0x08000276   0x08000276   0x00000000   Code   RO         5236    .ARM.Collect$$libshutdown$$00000002  c_w.l(libshutdown2.o)
    0x08000276   0x08000276   0x00000000   Code   RO         5238    .ARM.Collect$$libshutdown$$00000004  c_w.l(libshutdown2.o)
    0x08000276   0x08000276   0x00000000   Code   RO         5241    .ARM.Collect$$libshutdown$$00000007  c_w.l(libshutdown2.o)
    0x08000276   0x08000276   0x00000000   Code   RO         5244    .ARM.Collect$$libshutdown$$0000000A  c_w.l(libshutdown2.o)
    0x08000276   0x08000276   0x00000000   Code   RO         5246    .ARM.Collect$$libshutdown$$0000000C  c_w.l(libshutdown2.o)
    0x08000276   0x08000276   0x00000000   Code   RO         5249    .ARM.Collect$$libshutdown$$0000000F  c_w.l(libshutdown2.o)
    0x08000276   0x08000276   0x00000002   Code   RO         5250    .ARM.Collect$$libshutdown$$00000010  c_w.l(libshutdown2.o)
    0x08000278   0x08000278   0x00000000   Code   RO         5061    .ARM.Collect$$rtentry$$00000000  c_w.l(__rtentry.o)
    0x08000278   0x08000278   0x00000000   Code   RO         5155    .ARM.Collect$$rtentry$$00000002  c_w.l(__rtentry2.o)
    0x08000278   0x08000278   0x00000006   Code   RO         5167    .ARM.Collect$$rtentry$$00000004  c_w.l(__rtentry4.o)
    0x0800027e   0x0800027e   0x00000000   Code   RO         5157    .ARM.Collect$$rtentry$$00000009  c_w.l(__rtentry2.o)
    0x0800027e   0x0800027e   0x00000004   Code   RO         5158    .ARM.Collect$$rtentry$$0000000A  c_w.l(__rtentry2.o)
    0x08000282   0x08000282   0x00000000   Code   RO         5160    .ARM.Collect$$rtentry$$0000000C  c_w.l(__rtentry2.o)
    0x08000282   0x08000282   0x00000008   Code   RO         5161    .ARM.Collect$$rtentry$$0000000D  c_w.l(__rtentry2.o)
    0x0800028a   0x0800028a   0x00000002   Code   RO         5223    .ARM.Collect$$rtexit$$00000000  c_w.l(rtexit.o)
    0x0800028c   0x0800028c   0x00000000   Code   RO         5254    .ARM.Collect$$rtexit$$00000002  c_w.l(rtexit2.o)
    0x0800028c   0x0800028c   0x00000004   Code   RO         5255    .ARM.Collect$$rtexit$$00000003  c_w.l(rtexit2.o)
    0x08000290   0x08000290   0x00000006   Code   RO         5256    .ARM.Collect$$rtexit$$00000004  c_w.l(rtexit2.o)
    0x08000296   0x08000296   0x00000002   PAD
    0x08000298   0x08000298   0x00000000   Code   RO         5173    .emb_text           c_w.l(maybetermalloc1.o)
    0x08000298   0x08000298   0x00000040   Code   RO            4    .text               startup_stm32f411xe.o
    0x080002d8   0x080002d8   0x0000005e   Code   RO         4937    .text               c_w.l(h1_alloc.o)
    0x08000336   0x08000336   0x0000004e   Code   RO         4939    .text               c_w.l(h1_free.o)
    0x08000384   0x08000384   0x00000028   Code   RO         5001    .text               c_w.l(noretval__2sprintf.o)
    0x080003ac   0x080003ac   0x00000034   Code   RO         5003    .text               c_w.l(noretval__2snprintf.o)
    0x080003e0   0x080003e0   0x00000052   Code   RO         5007    .text               c_w.l(_printf_str.o)
    0x08000432   0x08000432   0x00000002   PAD
    0x08000434   0x08000434   0x00000078   Code   RO         5009    .text               c_w.l(_printf_dec.o)
    0x080004ac   0x080004ac   0x0000010e   Code   RO         5019    .text               c_w.l(__printf_wp.o)
    0x080005ba   0x080005ba   0x00000048   Code   RO         5039    .text               c_w.l(strcpy.o)
    0x08000602   0x08000602   0x0000003e   Code   RO         5041    .text               c_w.l(strlen.o)
    0x08000640   0x08000640   0x0000008a   Code   RO         5043    .text               c_w.l(rt_memcpy_v6.o)
    0x080006ca   0x080006ca   0x00000064   Code   RO         5045    .text               c_w.l(rt_memcpy_w.o)
    0x0800072e   0x0800072e   0x00000044   Code   RO         5047    .text               c_w.l(rt_memclr.o)
    0x08000772   0x08000772   0x0000004e   Code   RO         5049    .text               c_w.l(rt_memclr_w.o)
    0x080007c0   0x080007c0   0x00000056   Code   RO         5051    .text               c_w.l(strncpy.o)
    0x08000816   0x08000816   0x00000002   PAD
    0x08000818   0x08000818   0x00000080   Code   RO         5053    .text               c_w.l(strcmpv7m.o)
    0x08000898   0x08000898   0x00000006   Code   RO         5055    .text               c_w.l(heapauxi.o)
    0x0800089e   0x0800089e   0x00000002   PAD
    0x080008a0   0x080008a0   0x00000008   Code   RO         5069    .text               c_w.l(rt_heap_descriptor_intlibspace.o)
    0x080008a8   0x080008a8   0x00000004   Code   RO         5071    .text               c_w.l(hguard.o)
    0x080008ac   0x080008ac   0x0000008a   Code   RO         5073    .text               c_w.l(init_alloc.o)
    0x08000936   0x08000936   0x0000000e   Code   RO         5077    .text               c_w.l(h1_init.o)
    0x08000944   0x08000944   0x000000b2   Code   RO         5091    .text               c_w.l(_printf_intcommon.o)
    0x080009f6   0x080009f6   0x00000002   PAD
    0x080009f8   0x080009f8   0x00000030   Code   RO         5093    .text               c_w.l(_printf_char_common.o)
    0x08000a28   0x08000a28   0x0000000a   Code   RO         5095    .text               c_w.l(_sputc.o)
    0x08000a32   0x08000a32   0x00000010   Code   RO         5097    .text               c_w.l(_snputc.o)
    0x08000a42   0x08000a42   0x0000002c   Code   RO         5099    .text               c_w.l(_printf_char.o)
    0x08000a6e   0x08000a6e   0x00000002   PAD
    0x08000a70   0x08000a70   0x00000008   Code   RO         5151    .text               c_w.l(libspace.o)
    0x08000a78   0x08000a78   0x00000034   Code   RO         5175    .text               c_w.l(h1_extend.o)
    0x08000aac   0x08000aac   0x0000000e   Code   RO         5181    .text               c_w.l(defsig_rtmem_outer.o)
    0x08000aba   0x08000aba   0x00000002   Code   RO         5192    .text               c_w.l(use_no_semi.o)
    0x08000abc   0x08000abc   0x00000000   Code   RO         5194    .text               c_w.l(indicate_semi.o)
    0x08000abc   0x08000abc   0x0000004a   Code   RO         5195    .text               c_w.l(sys_stackheap_outer.o)
    0x08000b06   0x08000b06   0x00000012   Code   RO         5201    .text               c_w.l(exit.o)
    0x08000b18   0x08000b18   0x0000000a   Code   RO         5203    .text               c_w.l(defsig_exit.o)
    0x08000b22   0x08000b22   0x00000002   PAD
    0x08000b24   0x08000b24   0x00000050   Code   RO         5209    .text               c_w.l(defsig_rtmem_inner.o)
    0x08000b74   0x08000b74   0x0000000c   Code   RO         5221    .text               c_w.l(sys_exit.o)
    0x08000b80   0x08000b80   0x00000032   Code   RO         5231    .text               c_w.l(defsig_general.o)
    0x08000bb2   0x08000bb2   0x0000000e   Code   RO         5251    .text               c_w.l(sys_wrch.o)
    0x08000bc0   0x08000bc0   0x00000004   Code   RO          854    i.BusFault_Handler  stm32f4xx_it.o
    0x08000bc4   0x08000bc4   0x00000048   Code   RO          855    i.DMA2_Stream3_IRQHandler  stm32f4xx_it.o
    0x08000c0c   0x08000c0c   0x0000003c   Code   RO          589    i.DOWN_button_handrel  main.o
    0x08000c48   0x08000c48   0x0000005e   Code   RO         4350    i.DeInitStateMachine  usbh_core.o
    0x08000ca6   0x08000ca6   0x00000002   Code   RO          856    i.DebugMon_Handler  stm32f4xx_it.o
    0x08000ca8   0x08000ca8   0x0000002c   Code   RO          590    i.Error_Handler     main.o
    0x08000cd4   0x08000cd4   0x00000012   Code   RO         4241    i.FATFS_LinkDriver  ff_gen_drv.o
    0x08000ce6   0x08000ce6   0x00000002   PAD
    0x08000ce8   0x08000ce8   0x00000054   Code   RO         4242    i.FATFS_LinkDriverEx  ff_gen_drv.o
    0x08000d3c   0x08000d3c   0x00000014   Code   RO          360    i.GC9A01_ClearScreen  gc9a01.o
    0x08000d50   0x08000d50   0x000000b0   Code   RO          361    i.GC9A01_ClearWindow  gc9a01.o
    0x08000e00   0x08000e00   0x00000104   Code   RO          362    i.GC9A01_DrawChar   gc9a01.o
    0x08000f04   0x08000f04   0x00000062   Code   RO          364    i.GC9A01_DrawPixel_2x2  gc9a01.o
    0x08000f66   0x08000f66   0x00000002   PAD
    0x08000f68   0x08000f68   0x0000047a   Code   RO          367    i.GC9A01_Initial    gc9a01.o
    0x080013e2   0x080013e2   0x00000002   PAD
    0x080013e4   0x080013e4   0x000000cc   Code   RO          368    i.GC9A01_Rainbow_String  gc9a01.o
    0x080014b0   0x080014b0   0x0000000c   Code   RO          369    i.GC9A01_SetBackColor  gc9a01.o
    0x080014bc   0x080014bc   0x0000000c   Code   RO          370    i.GC9A01_SetFont    gc9a01.o
    0x080014c8   0x080014c8   0x00000052   Code   RO          371    i.GC9A01_SetPos     gc9a01.o
    0x0800151a   0x0800151a   0x00000002   PAD
    0x0800151c   0x0800151c   0x0000000c   Code   RO          372    i.GC9A01_SetTextColor  gc9a01.o
    0x08001528   0x08001528   0x00000080   Code   RO          373    i.GC9A01_String     gc9a01.o
    0x080015a8   0x080015a8   0x000000cc   Code   RO          374    i.GC9A01_Text       gc9a01.o
    0x08001674   0x08001674   0x0000010c   Code   RO          375    i.GC9A01_Write_Bytes  gc9a01.o
    0x08001780   0x08001780   0x00000030   Code   RO          376    i.GC9A01_Write_Cmd  gc9a01.o
    0x080017b0   0x080017b0   0x00000030   Code   RO          377    i.GC9A01_Write_Cmd_Data  gc9a01.o
    0x080017e0   0x080017e0   0x00000028   Code   RO         2816    i.HAL_Delay         stm32f4xx_hal.o
    0x08001808   0x08001808   0x000001c8   Code   RO         2261    i.HAL_GPIO_Init     stm32f4xx_hal_gpio.o
    0x080019d0   0x080019d0   0x00000014   Code   RO         2264    i.HAL_GPIO_TogglePin  stm32f4xx_hal_gpio.o
    0x080019e4   0x080019e4   0x0000000c   Code   RO         2265    i.HAL_GPIO_WritePin  stm32f4xx_hal_gpio.o
    0x080019f0   0x080019f0   0x0000000c   Code   RO         2822    i.HAL_GetTick       stm32f4xx_hal.o
    0x080019fc   0x080019fc   0x0000000e   Code   RO         3592    i.HAL_HCD_Connect_Callback  usbh_conf.o
    0x08001a0a   0x08001a0a   0x0000000e   Code   RO         3593    i.HAL_HCD_Disconnect_Callback  usbh_conf.o
    0x08001a18   0x08001a18   0x0000000c   Code   RO         1037    i.HAL_HCD_GetCurrentFrame  stm32f4xx_hal_hcd.o
    0x08001a24   0x08001a24   0x0000000c   Code   RO         1038    i.HAL_HCD_GetCurrentSpeed  stm32f4xx_hal_hcd.o
    0x08001a30   0x08001a30   0x00000018   Code   RO         1041    i.HAL_HCD_HC_GetURBState  stm32f4xx_hal_hcd.o
    0x08001a48   0x08001a48   0x00000016   Code   RO         1042    i.HAL_HCD_HC_GetXferCount  stm32f4xx_hal_hcd.o
    0x08001a5e   0x08001a5e   0x00000034   Code   RO         1043    i.HAL_HCD_HC_Halt   stm32f4xx_hal_hcd.o
    0x08001a92   0x08001a92   0x00000106   Code   RO         1044    i.HAL_HCD_HC_Init   stm32f4xx_hal_hcd.o
    0x08001b98   0x08001b98   0x00000002   Code   RO         3594    i.HAL_HCD_HC_NotifyURBChange_Callback  usbh_conf.o
    0x08001b9a   0x08001b9a   0x000002a4   Code   RO         1046    i.HAL_HCD_HC_SubmitRequest  stm32f4xx_hal_hcd.o
    0x08001e3e   0x08001e3e   0x00000178   Code   RO         1047    i.HAL_HCD_IRQHandler  stm32f4xx_hal_hcd.o
    0x08001fb6   0x08001fb6   0x00000074   Code   RO         1048    i.HAL_HCD_Init      stm32f4xx_hal_hcd.o
    0x0800202a   0x0800202a   0x00000002   PAD
    0x0800202c   0x0800202c   0x000000bc   Code   RO         3596    i.HAL_HCD_MspInit   usbh_conf.o
    0x080020e8   0x080020e8   0x0000000e   Code   RO         3597    i.HAL_HCD_PortDisabled_Callback  usbh_conf.o
    0x080020f6   0x080020f6   0x0000000e   Code   RO         3598    i.HAL_HCD_PortEnabled_Callback  usbh_conf.o
    0x08002104   0x08002104   0x0000000c   Code   RO         1053    i.HAL_HCD_ResetPort  stm32f4xx_hal_hcd.o
    0x08002110   0x08002110   0x0000000e   Code   RO         3599    i.HAL_HCD_SOF_Callback  usbh_conf.o
    0x0800211e   0x0800211e   0x00000036   Code   RO         1055    i.HAL_HCD_Start     stm32f4xx_hal_hcd.o
    0x08002154   0x08002154   0x0000002e   Code   RO         1056    i.HAL_HCD_Stop      stm32f4xx_hal_hcd.o
    0x08002182   0x08002182   0x00000002   PAD
    0x08002184   0x08002184   0x00000018   Code   RO         2828    i.HAL_IncTick       stm32f4xx_hal.o
    0x0800219c   0x0800219c   0x0000003c   Code   RO         2829    i.HAL_Init          stm32f4xx_hal.o
    0x080021d8   0x080021d8   0x0000004c   Code   RO         2830    i.HAL_InitTick      stm32f4xx_hal.o
    0x08002224   0x08002224   0x00000048   Code   RO          956    i.HAL_MspInit       stm32f4xx_hal_msp.o
    0x0800226c   0x0800226c   0x00000020   Code   RO         2674    i.HAL_NVIC_EnableIRQ  stm32f4xx_hal_cortex.o
    0x0800228c   0x0800228c   0x0000007c   Code   RO         2680    i.HAL_NVIC_SetPriority  stm32f4xx_hal_cortex.o
    0x08002308   0x08002308   0x00000028   Code   RO         2681    i.HAL_NVIC_SetPriorityGrouping  stm32f4xx_hal_cortex.o
    0x08002330   0x08002330   0x00000034   Code   RO         2685    i.HAL_SYSTICK_Config  stm32f4xx_hal_cortex.o
    0x08002364   0x08002364   0x0000061c   Code   RO         1058    i.HCD_HC_IN_IRQHandler  stm32f4xx_hal_hcd.o
    0x08002980   0x08002980   0x00000666   Code   RO         1059    i.HCD_HC_OUT_IRQHandler  stm32f4xx_hal_hcd.o
    0x08002fe6   0x08002fe6   0x000000b6   Code   RO         1060    i.HCD_Port_IRQHandler  stm32f4xx_hal_hcd.o
    0x0800309c   0x0800309c   0x00000184   Code   RO         1061    i.HCD_RXQLVL_IRQHandler  stm32f4xx_hal_hcd.o
    0x08003220   0x08003220   0x00000004   Code   RO          857    i.HardFault_Handler  stm32f4xx_it.o
    0x08003224   0x08003224   0x0000003c   Code   RO          591    i.LEFT_button_handrel  main.o
    0x08003260   0x08003260   0x0000001c   Code   RO          592    i.LL_AHB1_GRP1_EnableClock  main.o
    0x0800327c   0x0800327c   0x0000001c   Code   RO          593    i.LL_APB2_GRP1_EnableClock  main.o
    0x08003298   0x08003298   0x00000018   Code   RO          383    i.LL_DMA_DisableStream  gc9a01.o
    0x080032b0   0x080032b0   0x00000138   Code   RO          985    i.LL_GPIO_Init      stm32f4xx_ll_gpio.o
    0x080033e8   0x080033e8   0x00000012   Code   RO          594    i.LL_GPIO_IsInputPinSet  main.o
    0x080033fa   0x080033fa   0x00000006   Code   RO          384    i.LL_GPIO_ResetOutputPin  gc9a01.o
    0x08003400   0x08003400   0x00000006   Code   RO          595    i.LL_GPIO_ResetOutputPin  main.o
    0x08003406   0x08003406   0x00000004   Code   RO          385    i.LL_GPIO_SetOutputPin  gc9a01.o
    0x0800340a   0x0800340a   0x0000006c   Code   RO         3134    i.LL_SPI_Init       stm32f4xx_ll_spi.o
    0x08003476   0x08003476   0x00000002   PAD
    0x08003478   0x08003478   0x0000000c   Code   RO         1638    i.LL_SetSystemCoreClock  stm32f4xx_ll_utils.o
    0x08003484   0x08003484   0x000000b0   Code   RO         3273    i.LL_TIM_Init       stm32f4xx_ll_tim.o
    0x08003534   0x08003534   0x0000002a   Code   RO          596    i.MX_DMA_Init       main.o
    0x0800355e   0x0800355e   0x00000002   PAD
    0x08003560   0x08003560   0x00000020   Code   RO         3774    i.MX_DriverVbusFS   usbh_platform.o
    0x08003580   0x08003580   0x0000001c   Code   RO         3514    i.MX_FATFS_Init     fatfs.o
    0x0800359c   0x0800359c   0x000000e8   Code   RO          597    i.MX_GPIO_Init      main.o
    0x08003684   0x08003684   0x00000160   Code   RO          598    i.MX_SPI1_Init      main.o
    0x080037e4   0x080037e4   0x0000009c   Code   RO          599    i.MX_TIM1_Init      main.o
    0x08003880   0x08003880   0x0000003c   Code   RO         3552    i.MX_USB_HOST_Init  usb_host.o
    0x080038bc   0x080038bc   0x00000010   Code   RO         3553    i.MX_USB_HOST_Process  usb_host.o
    0x080038cc   0x080038cc   0x00000004   Code   RO          858    i.MemManage_Handler  stm32f4xx_it.o
    0x080038d0   0x080038d0   0x00000074   Code   RO           87    i.Mount_USB         file_handling.o
    0x08003944   0x08003944   0x00000004   Code   RO          859    i.NMI_Handler       stm32f4xx_it.o
    0x08003948   0x08003948   0x00000040   Code   RO          600    i.NVIC_EncodePriority  main.o
    0x08003988   0x08003988   0x00000010   Code   RO          860    i.OTG_FS_IRQHandler  stm32f4xx_it.o
    0x08003998   0x08003998   0x00000002   Code   RO          861    i.PendSV_Handler    stm32f4xx_it.o
    0x0800399a   0x0800399a   0x00000002   PAD
    0x0800399c   0x0800399c   0x0000003c   Code   RO          601    i.RIGHT_button_handrel  main.o
    0x080039d8   0x080039d8   0x000001b0   Code   RO           88    i.Read_File         file_handling.o
    0x08003b88   0x08003b88   0x00000034   Code   RO          386    i.SPI_write         gc9a01.o
    0x08003bbc   0x08003bbc   0x00000002   Code   RO          862    i.SVC_Handler       stm32f4xx_it.o
    0x08003bbe   0x08003bbe   0x00000002   PAD
    0x08003bc0   0x08003bc0   0x0000015c   Code   RO           89    i.Scan_USB          file_handling.o
    0x08003d1c   0x08003d1c   0x00000074   Code   RO           90    i.Scan_USB_for_amount_of_files  file_handling.o
    0x08003d90   0x08003d90   0x00000002   Code   RO           91    i.Send_Uart         file_handling.o
    0x08003d92   0x08003d92   0x00000002   PAD
    0x08003d94   0x08003d94   0x00000164   Code   RO          387    i.ShowMenu          gc9a01.o
    0x08003ef8   0x08003ef8   0x00000008   Code   RO          863    i.SysTick_Handler   stm32f4xx_it.o
    0x08003f00   0x08003f00   0x00000160   Code   RO          602    i.SystemClock_Config  main.o
    0x08004060   0x08004060   0x00000014   Code   RO         3423    i.SystemInit        system_stm32f4xx.o
    0x08004074   0x08004074   0x00000020   Code   RO          864    i.TIM1_UP_TIM10_IRQHandler  stm32f4xx_it.o
    0x08004094   0x08004094   0x0000003c   Code   RO          603    i.UP_button_handrel  main.o
    0x080040d0   0x080040d0   0x0000002a   Code   RO         4683    i.USBH_AllocPipe    usbh_pipes.o
    0x080040fa   0x080040fa   0x0000002a   Code   RO         4609    i.USBH_BulkReceiveData  usbh_ioreq.o
    0x08004124   0x08004124   0x00000034   Code   RO         4610    i.USBH_BulkSendData  usbh_ioreq.o
    0x08004158   0x08004158   0x00000012   Code   RO         4684    i.USBH_ClosePipe    usbh_pipes.o
    0x0800416a   0x0800416a   0x00000028   Code   RO         4493    i.USBH_ClrFeature   usbh_ctlreq.o
    0x08004192   0x08004192   0x0000002a   Code   RO         4611    i.USBH_CtlReceiveData  usbh_ioreq.o
    0x080041bc   0x080041bc   0x00000054   Code   RO         4494    i.USBH_CtlReq       usbh_ctlreq.o
    0x08004210   0x08004210   0x00000034   Code   RO         4612    i.USBH_CtlSendData  usbh_ioreq.o
    0x08004244   0x08004244   0x00000026   Code   RO         4613    i.USBH_CtlSendSetup  usbh_ioreq.o
    0x0800426a   0x0800426a   0x0000000c   Code   RO         3600    i.USBH_Delay        usbh_conf.o
    0x08004276   0x08004276   0x00000050   Code   RO         4352    i.USBH_FindInterface  usbh_core.o
    0x080042c6   0x080042c6   0x0000001e   Code   RO         4685    i.USBH_FreePipe     usbh_pipes.o
    0x080042e4   0x080042e4   0x0000004a   Code   RO         4495    i.USBH_GetDescriptor  usbh_ctlreq.o
    0x0800432e   0x0800432e   0x00000028   Code   RO         4686    i.USBH_GetFreePipe  usbh_pipes.o
    0x08004356   0x08004356   0x00000012   Code   RO         4496    i.USBH_GetNextDesc  usbh_ctlreq.o
    0x08004368   0x08004368   0x0000002e   Code   RO         4497    i.USBH_Get_CfgDesc  usbh_ctlreq.o
    0x08004396   0x08004396   0x0000002e   Code   RO         4498    i.USBH_Get_DevDesc  usbh_ctlreq.o
    0x080043c4   0x080043c4   0x00000038   Code   RO         4499    i.USBH_Get_StringDesc  usbh_ctlreq.o
    0x080043fc   0x080043fc   0x0000002c   Code   RO         3601    i.USBH_Get_USB_Status  usbh_conf.o
    0x08004428   0x08004428   0x000001d4   Code   RO         4500    i.USBH_HandleControl  usbh_ctlreq.o
    0x080045fc   0x080045fc   0x000002c2   Code   RO         4355    i.USBH_HandleEnum   usbh_core.o
    0x080048be   0x080048be   0x0000001c   Code   RO         4356    i.USBH_HandleSof    usbh_core.o
    0x080048da   0x080048da   0x00000048   Code   RO         4357    i.USBH_Init         usbh_core.o
    0x08004922   0x08004922   0x00000026   Code   RO         3602    i.USBH_LL_ClosePipe  usbh_conf.o
    0x08004948   0x08004948   0x00000016   Code   RO         4359    i.USBH_LL_Connect   usbh_core.o
    0x0800495e   0x0800495e   0x0000002e   Code   RO         4360    i.USBH_LL_Disconnect  usbh_core.o
    0x0800498c   0x0800498c   0x0000001e   Code   RO         3604    i.USBH_LL_DriverVBUS  usbh_conf.o
    0x080049aa   0x080049aa   0x00000012   Code   RO         3605    i.USBH_LL_GetLastXferSize  usbh_conf.o
    0x080049bc   0x080049bc   0x00000030   Code   RO         3606    i.USBH_LL_GetSpeed  usbh_conf.o
    0x080049ec   0x080049ec   0x00000046   Code   RO         3607    i.USBH_LL_GetToggle  usbh_conf.o
    0x08004a32   0x08004a32   0x00000012   Code   RO         3608    i.USBH_LL_GetURBState  usbh_conf.o
    0x08004a44   0x08004a44   0x00000016   Code   RO         4361    i.USBH_LL_IncTimer  usbh_core.o
    0x08004a5a   0x08004a5a   0x00000002   PAD
    0x08004a5c   0x08004a5c   0x00000058   Code   RO         3609    i.USBH_LL_Init      usbh_conf.o
    0x08004ab4   0x08004ab4   0x00000040   Code   RO         3610    i.USBH_LL_OpenPipe  usbh_conf.o
    0x08004af4   0x08004af4   0x00000008   Code   RO         4362    i.USBH_LL_PortDisabled  usbh_core.o
    0x08004afc   0x08004afc   0x00000008   Code   RO         4363    i.USBH_LL_PortEnabled  usbh_core.o
    0x08004b04   0x08004b04   0x0000001e   Code   RO         3611    i.USBH_LL_ResetPort  usbh_conf.o
    0x08004b22   0x08004b22   0x00000006   Code   RO         4364    i.USBH_LL_SetTimer  usbh_core.o
    0x08004b28   0x08004b28   0x00000046   Code   RO         3612    i.USBH_LL_SetToggle  usbh_conf.o
    0x08004b6e   0x08004b6e   0x0000001e   Code   RO         3613    i.USBH_LL_Start     usbh_conf.o
    0x08004b8c   0x08004b8c   0x0000001e   Code   RO         3614    i.USBH_LL_Stop      usbh_conf.o
    0x08004baa   0x08004baa   0x00000040   Code   RO         3615    i.USBH_LL_SubmitURB  usbh_conf.o
    0x08004bea   0x08004bea   0x0000003c   Code   RO         4824    i.USBH_MSC_BOT_Abort  usbh_msc_bot.o
    0x08004c26   0x08004c26   0x00000002   PAD
    0x08004c28   0x08004c28   0x00000028   Code   RO         4825    i.USBH_MSC_BOT_Init  usbh_msc_bot.o
    0x08004c50   0x08004c50   0x0000026e   Code   RO         4826    i.USBH_MSC_BOT_Process  usbh_msc_bot.o
    0x08004ebe   0x08004ebe   0x00000024   Code   RO         4827    i.USBH_MSC_BOT_REQ_GetMaxLUN  usbh_msc_bot.o
    0x08004ee2   0x08004ee2   0x00000020   Code   RO         4828    i.USBH_MSC_BOT_REQ_Reset  usbh_msc_bot.o
    0x08004f02   0x08004f02   0x0000009c   Code   RO         4732    i.USBH_MSC_ClassRequest  usbh_msc.o
    0x08004f9e   0x08004f9e   0x00000002   PAD
    0x08004fa0   0x08004fa0   0x00000058   Code   RO         4829    i.USBH_MSC_DecodeCSW  usbh_msc_bot.o
    0x08004ff8   0x08004ff8   0x00000038   Code   RO         4733    i.USBH_MSC_GetLUNInfo  usbh_msc.o
    0x08005030   0x08005030   0x00000058   Code   RO         4735    i.USBH_MSC_InterfaceDeInit  usbh_msc.o
    0x08005088   0x08005088   0x000001c0   Code   RO         4736    i.USBH_MSC_InterfaceInit  usbh_msc.o
    0x08005248   0x08005248   0x000004c2   Code   RO         4738    i.USBH_MSC_Process  usbh_msc.o
    0x0800570a   0x0800570a   0x0000016c   Code   RO         4739    i.USBH_MSC_RdWrProcess  usbh_msc.o
    0x08005876   0x08005876   0x0000009c   Code   RO         4740    i.USBH_MSC_Read     usbh_msc.o
    0x08005912   0x08005912   0x00000100   Code   RO         4878    i.USBH_MSC_SCSI_Inquiry  usbh_msc_scsi.o
    0x08005a12   0x08005a12   0x000000a6   Code   RO         4879    i.USBH_MSC_SCSI_Read  usbh_msc_scsi.o
    0x08005ab8   0x08005ab8   0x000000a8   Code   RO         4880    i.USBH_MSC_SCSI_ReadCapacity  usbh_msc_scsi.o
    0x08005b60   0x08005b60   0x000000b2   Code   RO         4881    i.USBH_MSC_SCSI_RequestSense  usbh_msc_scsi.o
    0x08005c12   0x08005c12   0x00000062   Code   RO         4882    i.USBH_MSC_SCSI_TestUnitReady  usbh_msc_scsi.o
    0x08005c74   0x08005c74   0x000000a6   Code   RO         4883    i.USBH_MSC_SCSI_Write  usbh_msc_scsi.o
    0x08005d1a   0x08005d1a   0x00000006   Code   RO         4741    i.USBH_MSC_SOFProcess  usbh_msc.o
    0x08005d20   0x08005d20   0x0000002c   Code   RO         4742    i.USBH_MSC_UnitIsReady  usbh_msc.o
    0x08005d4c   0x08005d4c   0x0000009c   Code   RO         4743    i.USBH_MSC_Write    usbh_msc.o
    0x08005de8   0x08005de8   0x0000002a   Code   RO         4687    i.USBH_OpenPipe     usbh_pipes.o
    0x08005e12   0x08005e12   0x00000154   Code   RO         4501    i.USBH_ParseCfgDesc  usbh_ctlreq.o
    0x08005f66   0x08005f66   0x00000080   Code   RO         4502    i.USBH_ParseDevDesc  usbh_ctlreq.o
    0x08005fe6   0x08005fe6   0x000000b0   Code   RO         4503    i.USBH_ParseEPDesc  usbh_ctlreq.o
    0x08006096   0x08006096   0x00000026   Code   RO         4504    i.USBH_ParseInterfaceDesc  usbh_ctlreq.o
    0x080060bc   0x080060bc   0x00000036   Code   RO         4505    i.USBH_ParseStringDesc  usbh_ctlreq.o
    0x080060f2   0x080060f2   0x000002e2   Code   RO         4365    i.USBH_Process      usbh_core.o
    0x080063d4   0x080063d4   0x00000032   Code   RO         4367    i.USBH_RegisterClass  usbh_core.o
    0x08006406   0x08006406   0x00000028   Code   RO         4368    i.USBH_SelectInterface  usbh_core.o
    0x0800642e   0x0800642e   0x00000028   Code   RO         4506    i.USBH_SetAddress   usbh_ctlreq.o
    0x08006456   0x08006456   0x00000028   Code   RO         4507    i.USBH_SetCfg       usbh_ctlreq.o
    0x0800647e   0x0800647e   0x00000028   Code   RO         4508    i.USBH_SetFeature   usbh_ctlreq.o
    0x080064a6   0x080064a6   0x00000016   Code   RO         4369    i.USBH_Start        usbh_core.o
    0x080064bc   0x080064bc   0x00000038   Code   RO         3554    i.USBH_UserProcess  usb_host.o
    0x080064f4   0x080064f4   0x00000006   Code   RO         3459    i.USBH_initialize   usbh_diskio.o
    0x080064fa   0x080064fa   0x00000002   PAD
    0x080064fc   0x080064fc   0x00000084   Code   RO         3460    i.USBH_ioctl        usbh_diskio.o
    0x08006580   0x08006580   0x00000068   Code   RO         3461    i.USBH_read         usbh_diskio.o
    0x080065e8   0x080065e8   0x00000020   Code   RO         3462    i.USBH_status       usbh_diskio.o
    0x08006608   0x08006608   0x00000074   Code   RO         3463    i.USBH_write        usbh_diskio.o
    0x0800667c   0x0800667c   0x00000084   Code   RO         1221    i.USB_CoreInit      stm32f4xx_ll_usb.o
    0x08006700   0x08006700   0x00000058   Code   RO         1222    i.USB_CoreReset     stm32f4xx_ll_usb.o
    0x08006758   0x08006758   0x0000000e   Code   RO         1229    i.USB_DisableGlobalInt  stm32f4xx_ll_usb.o
    0x08006766   0x08006766   0x00000002   PAD
    0x08006768   0x08006768   0x00000044   Code   RO         1230    i.USB_DoPing        stm32f4xx_ll_usb.o
    0x080067ac   0x080067ac   0x0000004a   Code   RO         1231    i.USB_DriveVbus     stm32f4xx_ll_usb.o
    0x080067f6   0x080067f6   0x0000000e   Code   RO         1238    i.USB_EnableGlobalInt  stm32f4xx_ll_usb.o
    0x08006804   0x08006804   0x00000054   Code   RO         1239    i.USB_FlushRxFifo   stm32f4xx_ll_usb.o
    0x08006858   0x08006858   0x00000058   Code   RO         1240    i.USB_FlushTxFifo   stm32f4xx_ll_usb.o
    0x080068b0   0x080068b0   0x0000000e   Code   RO         1241    i.USB_GetCurrentFrame  stm32f4xx_ll_usb.o
    0x080068be   0x080068be   0x00000018   Code   RO         1243    i.USB_GetHostSpeed  stm32f4xx_ll_usb.o
    0x080068d6   0x080068d6   0x0000000a   Code   RO         1244    i.USB_GetMode       stm32f4xx_ll_usb.o
    0x080068e0   0x080068e0   0x00000172   Code   RO         1245    i.USB_HC_Halt       stm32f4xx_ll_usb.o
    0x08006a52   0x08006a52   0x000001c2   Code   RO         1246    i.USB_HC_Init       stm32f4xx_ll_usb.o
    0x08006c14   0x08006c14   0x0000000e   Code   RO         1247    i.USB_HC_ReadInterrupt  stm32f4xx_ll_usb.o
    0x08006c22   0x08006c22   0x00000002   PAD
    0x08006c24   0x08006c24   0x000001d0   Code   RO         1248    i.USB_HC_StartXfer  stm32f4xx_ll_usb.o
    0x08006df4   0x08006df4   0x000000fc   Code   RO         1249    i.USB_HostInit      stm32f4xx_ll_usb.o
    0x08006ef0   0x08006ef0   0x00000044   Code   RO         1250    i.USB_InitFSLSPClkSel  stm32f4xx_ll_usb.o
    0x08006f34   0x08006f34   0x0000000a   Code   RO         1255    i.USB_ReadInterrupts  stm32f4xx_ll_usb.o
    0x08006f3e   0x08006f3e   0x00000060   Code   RO         1256    i.USB_ReadPacket    stm32f4xx_ll_usb.o
    0x08006f9e   0x08006f9e   0x0000003c   Code   RO         1257    i.USB_ResetPort     stm32f4xx_ll_usb.o
    0x08006fda   0x08006fda   0x00000068   Code   RO         1258    i.USB_SetCurrentMode  stm32f4xx_ll_usb.o
    0x08007042   0x08007042   0x000000c6   Code   RO         1263    i.USB_StopHost      stm32f4xx_ll_usb.o
    0x08007108   0x08007108   0x00000044   Code   RO         1264    i.USB_WritePacket   stm32f4xx_ll_usb.o
    0x0800714c   0x0800714c   0x00000074   Code   RO           93    i.Unmount_USB       file_handling.o
    0x080071c0   0x080071c0   0x00000004   Code   RO          865    i.UsageFault_Handler  stm32f4xx_it.o
    0x080071c4   0x080071c4   0x0000001a   Code   RO          604    i.__NVIC_EnableIRQ  main.o
    0x080071de   0x080071de   0x00000002   PAD
    0x080071e0   0x080071e0   0x00000010   Code   RO          605    i.__NVIC_GetPriorityGrouping  main.o
    0x080071f0   0x080071f0   0x00000010   Code   RO         2687    i.__NVIC_GetPriorityGrouping  stm32f4xx_hal_cortex.o
    0x08007200   0x08007200   0x00000028   Code   RO          606    i.__NVIC_SetPriority  main.o
    0x08007228   0x08007228   0x00000028   Code   RO         2688    i.__NVIC_SetPriority  stm32f4xx_hal_cortex.o
    0x08007250   0x08007250   0x0000000e   Code   RO         5021    i._is_digit         c_w.l(__printf_wp.o)
    0x0800725e   0x0800725e   0x00000002   PAD
    0x08007260   0x08007260   0x0000010c   Code   RO          607    i.check_for_USB_storage_connection  main.o
    0x0800736c   0x0800736c   0x0000007c   Code   RO         3855    i.check_fs          ff.o
    0x080073e8   0x080073e8   0x00000044   Code   RO          389    i.chek_menu_member_for_the_file_type  gc9a01.o
    0x0800742c   0x0800742c   0x00000014   Code   RO         3856    i.chk_chr           ff.o
    0x08007440   0x08007440   0x0000007c   Code   RO         3857    i.chk_lock          ff.o
    0x080074bc   0x080074bc   0x0000001c   Code   RO          608    i.clear_and_set_root  main.o
    0x080074d8   0x080074d8   0x00000028   Code   RO         3858    i.clear_lock        ff.o
    0x08007500   0x08007500   0x00000032   Code   RO         3859    i.clmt_clust        ff.o
    0x08007532   0x08007532   0x0000001a   Code   RO         3860    i.clust2sect        ff.o
    0x0800754c   0x0800754c   0x00000098   Code   RO         3861    i.cmp_lfn           ff.o
    0x080075e4   0x080075e4   0x000000de   Code   RO         3862    i.create_chain      ff.o
    0x080076c2   0x080076c2   0x00000002   PAD
    0x080076c4   0x080076c4   0x00000230   Code   RO         3863    i.create_name       ff.o
    0x080078f4   0x080078f4   0x00000044   Code   RO         3864    i.dec_lock          ff.o
    0x08007938   0x08007938   0x00000018   Code   RO          609    i.delay_ms          main.o
    0x08007950   0x08007950   0x00000060   Code   RO         3865    i.dir_alloc         ff.o
    0x080079b0   0x080079b0   0x000000fc   Code   RO         3866    i.dir_find          ff.o
    0x08007aac   0x08007aac   0x0000010c   Code   RO         3867    i.dir_next          ff.o
    0x08007bb8   0x08007bb8   0x000000d2   Code   RO         3868    i.dir_read          ff.o
    0x08007c8a   0x08007c8a   0x00000142   Code   RO         3869    i.dir_register      ff.o
    0x08007dcc   0x08007dcc   0x0000009a   Code   RO         3871    i.dir_sdi           ff.o
    0x08007e66   0x08007e66   0x00000002   PAD
    0x08007e68   0x08007e68   0x0000002c   Code   RO         3798    i.disk_initialize   diskio.o
    0x08007e94   0x08007e94   0x00000028   Code   RO         3799    i.disk_ioctl        diskio.o
    0x08007ebc   0x08007ebc   0x00000030   Code   RO         3800    i.disk_read         diskio.o
    0x08007eec   0x08007eec   0x0000001c   Code   RO         3801    i.disk_status       diskio.o
    0x08007f08   0x08007f08   0x00000030   Code   RO         3802    i.disk_write        diskio.o
    0x08007f38   0x08007f38   0x00000028   Code   RO         3872    i.enq_lock          ff.o
    0x08007f60   0x08007f60   0x0000002c   Code   RO         3873    i.f_close           ff.o
    0x08007f8c   0x08007f8c   0x00000026   Code   RO         3874    i.f_closedir        ff.o
    0x08007fb2   0x08007fb2   0x00000002   PAD
    0x08007fb4   0x08007fb4   0x00000060   Code   RO         3880    i.f_mount           ff.o
    0x08008014   0x08008014   0x0000023a   Code   RO         3881    i.f_open            ff.o
    0x0800824e   0x0800824e   0x00000098   Code   RO         3882    i.f_opendir         ff.o
    0x080082e6   0x080082e6   0x000001ac   Code   RO         3886    i.f_read            ff.o
    0x08008492   0x08008492   0x0000005c   Code   RO         3887    i.f_readdir         ff.o
    0x080084ee   0x080084ee   0x00000048   Code   RO         3889    i.f_stat            ff.o
    0x08008536   0x08008536   0x000000a0   Code   RO         3890    i.f_sync            ff.o
    0x080085d6   0x080085d6   0x00000002   PAD
    0x080085d8   0x080085d8   0x0000004c   Code   RO         4318    i.ff_convert        ccsbcs.o
    0x08008624   0x08008624   0x000000a4   Code   RO         4319    i.ff_wtoupper       ccsbcs.o
    0x080086c8   0x080086c8   0x00000300   Code   RO         3894    i.find_volume       ff.o
    0x080089c8   0x080089c8   0x000000a2   Code   RO         3895    i.follow_path       ff.o
    0x08008a6a   0x08008a6a   0x00000002   PAD
    0x08008a6c   0x08008a6c   0x000000b4   Code   RO         3896    i.gen_numname       ff.o
    0x08008b20   0x08008b20   0x00000026   Code   RO          390    i.get_active_menu_member  gc9a01.o
    0x08008b46   0x08008b46   0x000000e0   Code   RO         3897    i.get_fat           ff.o
    0x08008c26   0x08008c26   0x00000004   Code   RO         3515    i.get_fattime       fatfs.o
    0x08008c2a   0x08008c2a   0x00000142   Code   RO         3898    i.get_fileinfo      ff.o
    0x08008d6c   0x08008d6c   0x00000048   Code   RO         3899    i.get_ldnumber      ff.o
    0x08008db4   0x08008db4   0x000000bc   Code   RO         3900    i.inc_lock          ff.o
    0x08008e70   0x08008e70   0x00000026   Code   RO         3901    i.ld_clust          ff.o
    0x08008e96   0x08008e96   0x00000018   Code   RO         3902    i.ld_dword          ff.o
    0x08008eae   0x08008eae   0x0000000c   Code   RO         3903    i.ld_word           ff.o
    0x08008eba   0x08008eba   0x00000002   PAD
    0x08008ebc   0x08008ebc   0x000002a0   Code   RO          612    i.main              main.o
    0x0800915c   0x0800915c   0x00000024   Code   RO         3904    i.mem_cmp           ff.o
    0x08009180   0x08009180   0x0000001a   Code   RO         3905    i.mem_cpy           ff.o
    0x0800919a   0x0800919a   0x00000012   Code   RO         3906    i.mem_set           ff.o
    0x080091ac   0x080091ac   0x000000fc   Code   RO          391    i.menu_active_member_running_text_animation  gc9a01.o
    0x080092a8   0x080092a8   0x00000034   Code   RO         3907    i.move_window       ff.o
    0x080092dc   0x080092dc   0x00000088   Code   RO         3908    i.pick_lfn          ff.o
    0x08009364   0x08009364   0x00000138   Code   RO         3909    i.put_fat           ff.o
    0x0800949c   0x0800949c   0x00000080   Code   RO         3910    i.put_lfn           ff.o
    0x0800951c   0x0800951c   0x000000e4   Code   RO          392    i.refresh_menu_member  gc9a01.o
    0x08009600   0x08009600   0x0000009a   Code   RO         3914    i.remove_chain      ff.o
    0x0800969a   0x0800969a   0x00000024   Code   RO         3915    i.st_clust          ff.o
    0x080096be   0x080096be   0x00000018   Code   RO         3916    i.st_dword          ff.o
    0x080096d6   0x080096d6   0x0000000c   Code   RO         3917    i.st_word           ff.o
    0x080096e2   0x080096e2   0x00000020   Code   RO         3918    i.sum_sfn           ff.o
    0x08009702   0x08009702   0x00000002   PAD
    0x08009704   0x08009704   0x00000090   Code   RO         3919    i.sync_fs           ff.o
    0x08009794   0x08009794   0x00000052   Code   RO         3920    i.sync_window       ff.o
    0x080097e6   0x080097e6   0x0000003c   Code   RO         3921    i.validate          ff.o
    0x08009822   0x08009822   0x00000002   Code   RO          613    i.view_image_DOWN_button_handler  main.o
    0x08009824   0x08009824   0x00000002   Code   RO          614    i.view_image_LEFT_button_handler  main.o
    0x08009826   0x08009826   0x00000002   Code   RO          615    i.view_image_RIGHT_button_handler  main.o
    0x08009828   0x08009828   0x00000002   Code   RO          616    i.view_image_UP_button_handler  main.o
    0x0800982a   0x0800982a   0x00000002   PAD
    0x0800982c   0x0800982c   0x00000178   Code   RO          617    i.view_menu_DOWN_button_handler  main.o
    0x080099a4   0x080099a4   0x000000dc   Code   RO          618    i.view_menu_LEFT_button_handler  main.o
    0x08009a80   0x08009a80   0x0000021c   Code   RO          619    i.view_menu_RIGHT_button_handler  main.o
    0x08009c9c   0x08009c9c   0x00000164   Code   RO          620    i.view_menu_UP_button_handler  main.o
    0x08009e00   0x08009e00   0x00000018   Code   RO          621    i.view_txt_DOWN_button_handler  main.o
    0x08009e18   0x08009e18   0x00000044   Code   RO          622    i.view_txt_LEFT_button_handler  main.o
    0x08009e5c   0x08009e5c   0x00000002   Code   RO          623    i.view_txt_RIGHT_button_handler  main.o
    0x08009e5e   0x08009e5e   0x00000002   PAD
    0x08009e60   0x08009e60   0x00000018   Code   RO          624    i.view_txt_UP_button_handler  main.o
    0x08009e78   0x08009e78   0x0000000a   Code   RO         5190    x$fpl$fpinit        fz_wm.l(fpinit.o)
    0x08009e82   0x08009e82   0x00000be0   Data   RO           42    .constdata          font16.o
    0x0800aa62   0x0800aa62   0x00000ed8   Data   RO           56    .constdata          font20.o
    0x0800b93a   0x0800b93a   0x0000002b   Data   RO          394    .constdata          gc9a01.o
    0x0800b965   0x0800b965   0x0000002b   Data   RO          626    .constdata          main.o
    0x0800b990   0x0800b990   0x00000040   Data   RO         3464    .constdata          usbh_diskio.o
    0x0800b9d0   0x0800b9d0   0x000000d4   Data   RO         3923    .constdata          ff.o
    0x0800baa4   0x0800baa4   0x000003da   Data   RO         4320    .constdata          ccsbcs.o
    0x0800be7e   0x0800be7e   0x00000002   PAD
    0x0800be80   0x0800be80   0x00000004   Data   RO         4745    .conststring        usbh_msc.o
    0x0800be84   0x0800be84   0x00000020   Data   RO         5279    Region$$Table       anon$$obj.o


    Execution Region RW_IRAM1 (Exec base: 0x20000000, Load base: 0x0800bea4, Size: 0x0000c9a8, Max: 0x00020000, ABSOLUTE, COMPRESSED[0x00006604])

    Exec Addr    Load Addr    Size         Type   Attr      Idx    E Section Name        Object

    0x20000000   COMPRESSED   0x00000008   Data   RW           43    .data               font16.o
    0x20000008   COMPRESSED   0x00000008   Data   RW           57    .data               font20.o
    0x20000010   COMPRESSED   0x0000001c   Data   RW           97    .data               file_handling.o
    0x2000002c   COMPRESSED   0x0000000a   Data   RW          395    .data               gc9a01.o
    0x20000036   COMPRESSED   0x00000002   PAD
    0x20000038   COMPRESSED   0x00009e14   Data   RW          627    .data               main.o
    0x20009e4c   COMPRESSED   0x00000009   Data   RW         2836    .data               stm32f4xx_hal.o
    0x20009e55   COMPRESSED   0x00000003   PAD
    0x20009e58   COMPRESSED   0x00000004   Data   RW         3425    .data               system_stm32f4xx.o
    0x20009e5c   COMPRESSED   0x00000005   Data   RW         3518    .data               fatfs.o
    0x20009e61   COMPRESSED   0x00000001   Data   RW         3557    .data               usb_host.o
    0x20009e62   COMPRESSED   0x00000002   PAD
    0x20009e64   COMPRESSED   0x00000006   Data   RW         3924    .data               ff.o
    0x20009e6a   COMPRESSED   0x00000002   PAD
    0x20009e6c   COMPRESSED   0x00000020   Data   RW         4746    .data               usbh_msc.o
    0x20009e8c        -       0x00000118   Zero   RW           95    .bss                file_handling.o
    0x20009fa4        -       0x00000938   Zero   RW          625    .bss                main.o
    0x2000a8dc        -       0x00000464   Zero   RW         3516    .bss                fatfs.o
    0x2000ad40        -       0x000003d8   Zero   RW         3555    .bss                usb_host.o
    0x2000b118        -       0x00000304   Zero   RW         3616    .bss                usbh_conf.o
    0x2000b41c        -       0x00000020   Zero   RW         3922    .bss                ff.o
    0x2000b43c        -       0x0000000c   Zero   RW         4245    .bss                ff_gen_drv.o
    0x2000b448        -       0x00000060   Zero   RW         5152    .bss                c_w.l(libspace.o)
    0x2000b4a8        -       0x00000500   Zero   RW            2    HEAP                startup_stm32f411xe.o
    0x2000b9a8        -       0x00001000   Zero   RW            1    STACK               startup_stm32f411xe.o


==============================================================================

Image component sizes


      Code (inc. data)   RO Data    RW Data    ZI Data      Debug   Object Name

       240         24        986          0          0       2391   ccsbcs.o
       208         24          0          0          0       3969   diskio.o
        32         12          0          5       1124       1756   fatfs.o
      7622        108        212          6         32      49542   ff.o
       102          6          0          0         12       1883   ff_gen_drv.o
      1130        390          0         28        280     388957   file_handling.o
         0          0       3040          8          0       1131   font16.o
         0          0       3800          8          0       1131   font20.o
         0          0          0          0          0       4508   font8.o
      3746        182         43         10          0      49130   gc9a01.o
      4254        456         43      40468       2360     149796   main.o
        64         26        408          0       5376        856   startup_stm32f411xe.o
       212         36          0          9          0       9361   stm32f4xx_hal.o
       304         22          0          0          0      34547   stm32f4xx_hal_cortex.o
       488         32          0          0          0       2789   stm32f4xx_hal_gpio.o
      5436          0          0          0          0      13881   stm32f4xx_hal_hcd.o
        72          4          0          0          0        882   stm32f4xx_hal_msp.o
       154         18          0          0          0      46979   stm32f4xx_it.o
       312          0          0          0          0       7379   stm32f4xx_ll_gpio.o
       108          0          0          0          0      14554   stm32f4xx_ll_spi.o
       176         28          0          0          0      30334   stm32f4xx_ll_tim.o
      2764         48          0          0          0      18719   stm32f4xx_ll_usb.o
        12          6          0          0          0        600   stm32f4xx_ll_utils.o
         0          0          0          0          0        552   syscall.o
        20          6          0          4          0       1171   system_stm32f4xx.o
       132         26          0          1        984       2470   usb_host.o
       914         16          0          0        772      15497   usbh_conf.o
      1942         22          0          0          0      11755   usbh_core.o
      1688         12          0          0          0      13610   usbh_ctlreq.o
       390         20         64          0          0       4505   usbh_diskio.o
       226          0          0          0          0       4596   usbh_ioreq.o
      2692         10          4         32          0      11121   usbh_msc.o
       878         26          0          0          0       5401   usbh_msc_bot.o
      1032          0          0          0          0       6007   usbh_msc_scsi.o
       172          0          0          0          0       4090   usbh_pipes.o
        32          4          0          0          0        602   usbh_platform.o

    ----------------------------------------------------------------------
     37608       1564       8634      40588      10940     916452   Object Totals
         0          0         32          0          0          0   (incl. Generated)
        54          0          2          9          0          0   (incl. Padding)

    ----------------------------------------------------------------------

      Code (inc. data)   RO Data    RW Data    ZI Data      Debug   Library Member Name

       100          0          0          0          0          0   __dclz77c.o
         8          0          0          0          0         68   __main.o
       284          0          0          0          0        156   __printf_wp.o
         0          0          0          0          0          0   __rtentry.o
        12          0          0          0          0          0   __rtentry2.o
         6          0          0          0          0          0   __rtentry4.o
        52          8          0          0          0          0   __scatter.o
        28          0          0          0          0          0   __scatter_zi.o
        44          0          0          0          0        108   _printf_char.o
        48          6          0          0          0         96   _printf_char_common.o
         6          0          0          0          0          0   _printf_d.o
       120         16          0          0          0         92   _printf_dec.o
       178          0          0          0          0         88   _printf_intcommon.o
         0          0          0          0          0          0   _printf_percent.o
         4          0          0          0          0          0   _printf_percent_end.o
         6          0          0          0          0          0   _printf_s.o
        82          0          0          0          0         80   _printf_str.o
        16          0          0          0          0         68   _snputc.o
        10          0          0          0          0         68   _sputc.o
        10          0          0          0          0         68   defsig_exit.o
        50          0          0          0          0         88   defsig_general.o
        80         58          0          0          0         76   defsig_rtmem_inner.o
        14          0          0          0          0         80   defsig_rtmem_outer.o
        18          0          0          0          0         80   exit.o
        94          0          0          0          0         80   h1_alloc.o
        52          0          0          0          0         68   h1_extend.o
        78          0          0          0          0         80   h1_free.o
        14          0          0          0          0         84   h1_init.o
         6          0          0          0          0        152   heapauxi.o
         4          0          0          0          0        136   hguard.o
         0          0          0          0          0          0   indicate_semi.o
       138          0          0          0          0        168   init_alloc.o
         2          0          0          0          0          0   libinit.o
        14          0          0          0          0          0   libinit2.o
         2          0          0          0          0          0   libshutdown.o
         2          0          0          0          0          0   libshutdown2.o
         8          4          0          0         96         68   libspace.o
         0          0          0          0          0          0   maybetermalloc1.o
        52          4          0          0          0         84   noretval__2snprintf.o
        40          6          0          0          0         84   noretval__2sprintf.o
         8          4          0          0          0         68   rt_heap_descriptor_intlibspace.o
        68          0          0          0          0         68   rt_memclr.o
        78          0          0          0          0         80   rt_memclr_w.o
       138          0          0          0          0         68   rt_memcpy_v6.o
       100          0          0          0          0         80   rt_memcpy_w.o
         2          0          0          0          0          0   rtexit.o
        10          0          0          0          0          0   rtexit2.o
       128          0          0          0          0         68   strcmpv7m.o
        72          0          0          0          0         80   strcpy.o
        62          0          0          0          0         76   strlen.o
        86          0          0          0          0         76   strncpy.o
        12          4          0          0          0         68   sys_exit.o
        74          0          0          0          0         80   sys_stackheap_outer.o
        14          0          0          0          0         76   sys_wrch.o
         2          0          0          0          0         68   use_no_semi.o
        10          0          0          0          0        116   fpinit.o

    ----------------------------------------------------------------------
      2562        110          0          0         96       3292   Library Totals
        16          0          0          0          0          0   (incl. Padding)

    ----------------------------------------------------------------------

      Code (inc. data)   RO Data    RW Data    ZI Data      Debug   Library Name

      2536        110          0          0         96       3176   c_w.l
        10          0          0          0          0        116   fz_wm.l

    ----------------------------------------------------------------------
      2562        110          0          0         96       3292   Library Totals

    ----------------------------------------------------------------------

==============================================================================


      Code (inc. data)   RO Data    RW Data    ZI Data      Debug   

     40170       1674       8634      40588      11036     889524   Grand Totals
     40170       1674       8634      26116      11036     889524   ELF Image Totals (compressed)
     40170       1674       8634      26116          0          0   ROM Totals

==============================================================================

    Total RO  Size (Code + RO Data)                48804 (  47.66kB)
    Total RW  Size (RW Data + ZI Data)             51624 (  50.41kB)
    Total ROM Size (Code + RO Data + RW Data)      74920 (  73.16kB)

==============================================================================

