Component: ARM Compiler 5.06 update 3 (build 300) Tool: armlink [4d35c9]

==============================================================================

Section Cross References

    startup_stm32f411xe.o(STACK) refers (Special) to heapauxi.o(.text) for __use_two_region_memory
    startup_stm32f411xe.o(HEAP) refers (Special) to heapauxi.o(.text) for __use_two_region_memory
    startup_stm32f411xe.o(RESET) refers (Special) to heapauxi.o(.text) for __use_two_region_memory
    startup_stm32f411xe.o(RESET) refers to startup_stm32f411xe.o(STACK) for __initial_sp
    startup_stm32f411xe.o(RESET) refers to startup_stm32f411xe.o(.text) for Reset_Handler
    startup_stm32f411xe.o(RESET) refers to stm32f4xx_it.o(i.NMI_Handler) for NMI_Handler
    startup_stm32f411xe.o(RESET) refers to stm32f4xx_it.o(i.HardFault_Handler) for HardFault_Handler
    startup_stm32f411xe.o(RESET) refers to stm32f4xx_it.o(i.MemManage_Handler) for MemManage_Handler
    startup_stm32f411xe.o(RESET) refers to stm32f4xx_it.o(i.BusFault_Handler) for BusFault_Handler
    startup_stm32f411xe.o(RESET) refers to stm32f4xx_it.o(i.UsageFault_Handler) for UsageFault_Handler
    startup_stm32f411xe.o(RESET) refers to stm32f4xx_it.o(i.SVC_Handler) for SVC_Handler
    startup_stm32f411xe.o(RESET) refers to stm32f4xx_it.o(i.DebugMon_Handler) for DebugMon_Handler
    startup_stm32f411xe.o(RESET) refers to stm32f4xx_it.o(i.PendSV_Handler) for PendSV_Handler
    startup_stm32f411xe.o(RESET) refers to stm32f4xx_it.o(i.SysTick_Handler) for SysTick_Handler
    startup_stm32f411xe.o(RESET) refers to stm32f4xx_it.o(i.TIM1_UP_TIM10_IRQHandler) for TIM1_UP_TIM10_IRQHandler
    startup_stm32f411xe.o(RESET) refers to stm32f4xx_it.o(i.DMA2_Stream3_IRQHandler) for DMA2_Stream3_IRQHandler
    startup_stm32f411xe.o(RESET) refers to stm32f4xx_it.o(i.OTG_FS_IRQHandler) for OTG_FS_IRQHandler
    startup_stm32f411xe.o(.text) refers (Special) to heapauxi.o(.text) for __use_two_region_memory
    startup_stm32f411xe.o(.text) refers to system_stm32f4xx.o(i.SystemInit) for SystemInit
    startup_stm32f411xe.o(.text) refers to __main.o(!!!main) for __main
    startup_stm32f411xe.o(.text) refers to startup_stm32f411xe.o(HEAP) for Heap_Mem
    startup_stm32f411xe.o(.text) refers to startup_stm32f411xe.o(STACK) for Stack_Mem
    font8.o(.data) refers to font8.o(.constdata) for Font8_Table
    font12.o(.data) refers to font12.o(.constdata) for Font12_Table
    font16.o(.data) refers to font16.o(.constdata) for Font16_Table
    font20.o(.data) refers to font20.o(.constdata) for Font20_Table
    font24.o(.data) refers to font24.o(.constdata) for Font24_Table
    file_handling.o(i.Mount_USB) refers to ff.o(i.f_mount) for f_mount
    file_handling.o(i.Mount_USB) refers to gc9a01.o(i.GC9A01_Text) for GC9A01_Text
    file_handling.o(i.Mount_USB) refers to fatfs.o(.data) for USBHPath
    file_handling.o(i.Mount_USB) refers to fatfs.o(.bss) for USBHFatFS
    file_handling.o(i.Mount_USB) refers to file_handling.o(.data) for fresult
    file_handling.o(i.Mount_USB) refers to main.o(.data) for current_mode
    file_handling.o(i.Read_File) refers to _printf_percent.o(.ARM.Collect$$_printf_percent$$00000000) for _printf_percent
    file_handling.o(i.Read_File) refers to _printf_d.o(.ARM.Collect$$_printf_percent$$00000009) for _printf_d
    file_handling.o(i.Read_File) refers to _printf_s.o(.ARM.Collect$$_printf_percent$$00000014) for _printf_s
    file_handling.o(i.Read_File) refers to _printf_dec.o(.text) for _printf_int_dec
    file_handling.o(i.Read_File) refers to _printf_str.o(.text) for _printf_str
    file_handling.o(i.Read_File) refers to file_handling.o(i.check_if_file_exist) for check_if_file_exist
    file_handling.o(i.Read_File) refers to file_handling.o(i.check_if_file_opens) for check_if_file_opens
    file_handling.o(i.Read_File) refers to h1_alloc.o(.text) for malloc
    file_handling.o(i.Read_File) refers to gc9a01.o(i.GC9A01_Text) for GC9A01_Text
    file_handling.o(i.Read_File) refers to ff.o(i.f_close) for f_close
    file_handling.o(i.Read_File) refers to ff.o(i.f_read) for f_read
    file_handling.o(i.Read_File) refers to noretval__2sprintf.o(.text) for __2sprintf
    file_handling.o(i.Read_File) refers to h1_free.o(.text) for free
    file_handling.o(i.Read_File) refers to rt_memcpy_v6.o(.text) for __aeabi_memcpy
    file_handling.o(i.Read_File) refers to file_handling.o(.data) for fresult
    file_handling.o(i.Read_File) refers to fatfs.o(.bss) for USBHFile
    file_handling.o(i.Read_File) refers to main.o(.data) for current_mode
    file_handling.o(i.Read_File_and_print_BMP) refers to h1_alloc.o(.text) for malloc
    file_handling.o(i.Read_File_and_print_BMP) refers to file_handling.o(i.check_if_file_exist) for check_if_file_exist
    file_handling.o(i.Read_File_and_print_BMP) refers to h1_free.o(.text) for free
    file_handling.o(i.Read_File_and_print_BMP) refers to file_handling.o(i.check_if_file_opens) for check_if_file_opens
[...]
    TAMP_STAMP_IRQHandler                    0x080002b3   Thumb Code     0  startup_stm32f411xe.o(.text)
    TIM1_BRK_TIM9_IRQHandler                 0x080002b3   Thumb Code     0  startup_stm32f411xe.o(.text)
    TIM1_CC_IRQHandler                       0x080002b3   Thumb Code     0  startup_stm32f411xe.o(.text)
    TIM1_TRG_COM_TIM11_IRQHandler            0x080002b3   Thumb Code     0  startup_stm32f411xe.o(.text)
    TIM2_IRQHandler                          0x080002b3   Thumb Code     0  startup_stm32f411xe.o(.text)
    TIM3_IRQHandler                          0x080002b3   Thumb Code     0  startup_stm32f411xe.o(.text)
    TIM4_IRQHandler                          0x080002b3   Thumb Code     0  startup_stm32f411xe.o(.text)
    TIM5_IRQHandler                          0x080002b3   Thumb Code     0  startup_stm32f411xe.o(.text)
    USART1_IRQHandler                        0x080002b3   Thumb Code     0  startup_stm32f411xe.o(.text)
    USART2_IRQHandler                        0x080002b3   Thumb Code     0  startup_stm32f411xe.o(.text)
    USART6_IRQHandler                        0x080002b3   Thumb Code     0  startup_stm32f411xe.o(.text)
    WWDG_IRQHandler                          0x080002b3   Thumb Code     0  startup_stm32f411xe.o(.text)
    __user_initial_stackheap                 0x080002b5   Thumb Code     0  startup_stm32f411xe.o(.text)
    malloc                                   0x080002d9   Thumb Code    94  h1_alloc.o(.text)
    free                                     0x08000337   Thumb Code    78  h1_free.o(.text)
    __2sprintf                               0x08000385   Thumb Code    34  noretval__2sprintf.o(.text)
    __2snprintf                              0x080003ad   Thumb Code    48  noretval__2snprintf.o(.text)
    _printf_str                              0x080003e1   Thumb Code    82  _printf_str.o(.text)
    _printf_int_dec                          0x08000435   Thumb Code   104  _printf_dec.o(.text)
    __printf                                 0x080004ad   Thumb Code   270  __printf_wp.o(.text)
    strcpy                                   0x080005bb   Thumb Code    72  strcpy.o(.text)
    strlen                                   0x08000603   Thumb Code    62  strlen.o(.text)
    __aeabi_memcpy                           0x08000641   Thumb Code     0  rt_memcpy_v6.o(.text)
    __rt_memcpy                              0x08000641   Thumb Code   138  rt_memcpy_v6.o(.text)
    _memcpy_lastbytes                        0x080006a7   Thumb Code     0  rt_memcpy_v6.o(.text)
    __aeabi_memcpy4                          0x080006cb   Thumb Code     0  rt_memcpy_w.o(.text)
    __aeabi_memcpy8                          0x080006cb   Thumb Code     0  rt_memcpy_w.o(.text)
    __rt_memcpy_w                            0x080006cb   Thumb Code   100  rt_memcpy_w.o(.text)
    _memcpy_lastbytes_aligned                0x08000713   Thumb Code     0  rt_memcpy_w.o(.text)
    __aeabi_memclr                           0x0800072f   Thumb Code     0  rt_memclr.o(.text)
    __rt_memclr                              0x0800072f   Thumb Code    68  rt_memclr.o(.text)
    _memset                                  0x08000733   Thumb Code     0  rt_memclr.o(.text)
    __aeabi_memclr4                          0x08000773   Thumb Code     0  rt_memclr_w.o(.text)
    __aeabi_memclr8                          0x08000773   Thumb Code     0  rt_memclr_w.o(.text)
    __rt_memclr_w                            0x08000773   Thumb Code    78  rt_memclr_w.o(.text)
    _memset_w                                0x08000777   Thumb Code     0  rt_memclr_w.o(.text)
    strncpy                                  0x080007c1   Thumb Code    86  strncpy.o(.text)
    strcmp                                   0x08000819   Thumb Code   128  strcmpv7m.o(.text)
    __use_two_region_memory                  0x08000899   Thumb Code     2  heapauxi.o(.text)
    __rt_heap_escrow                         0x0800089b   Thumb Code     2  heapauxi.o(.text)
    __rt_heap_expand                         0x0800089d   Thumb Code     2  heapauxi.o(.text)
    __rt_heap_descriptor                     0x080008a1   Thumb Code     8  rt_heap_descriptor_intlibspace.o(.text)
    __use_no_heap                            0x080008a9   Thumb Code     2  hguard.o(.text)
    __heap$guard                             0x080008ab   Thumb Code     2  hguard.o(.text)
    _terminate_user_alloc                    0x080008ad   Thumb Code     2  init_alloc.o(.text)
    _init_user_alloc                         0x080008af   Thumb Code     2  init_alloc.o(.text)
    __Heap_Full                              0x080008b1   Thumb Code    34  init_alloc.o(.text)
    __Heap_Broken                            0x080008d3   Thumb Code     6  init_alloc.o(.text)
    _init_alloc                              0x080008d9   Thumb Code    94  init_alloc.o(.text)
    __Heap_Initialize                        0x08000937   Thumb Code    10  h1_init.o(.text)
    __Heap_DescSize                          0x08000941   Thumb Code     4  h1_init.o(.text)
    _printf_int_common                       0x08000945   Thumb Code   178  _printf_intcommon.o(.text)
    _printf_char_common                      0x08000a03   Thumb Code    32  _printf_char_common.o(.text)
    _sputc                                   0x08000a29   Thumb Code    10  _sputc.o(.text)
    _snputc                                  0x08000a33   Thumb Code    16  _snputc.o(.text)
    _printf_cs_common                        0x08000a43   Thumb Code    20  _printf_char.o(.text)
    _printf_char                             0x08000a57   Thumb Code    16  _printf_char.o(.text)
    _printf_string                           0x08000a67   Thumb Code     8  _printf_char.o(.text)
    __user_libspace                          0x08000a71   Thumb Code     8  libspace.o(.text)
    __user_perproc_libspace                  0x08000a71   Thumb Code     0  libspace.o(.text)
    __user_perthread_libspace                0x08000a71   Thumb Code     0  libspace.o(.text)
    __Heap_ProvideMemory                     0x08000a79   Thumb Code    52  h1_extend.o(.text)
    __rt_SIGRTMEM                            0x08000aad   Thumb Code    14  defsig_rtmem_outer.o(.text)
    __I$use$semihosting                      0x08000abb   Thumb Code     0  use_no_semi.o(.text)
    __use_no_semihosting_swi                 0x08000abb   Thumb Code     2  use_no_semi.o(.text)
    __semihosting_library_function           0x08000abd   Thumb Code     0  indicate_semi.o(.text)
    __user_setup_stackheap                   0x08000abd   Thumb Code    74  sys_stackheap_outer.o(.text)
    exit                                     0x08000b07   Thumb Code    18  exit.o(.text)
    __sig_exit                               0x08000b19   Thumb Code    10  defsig_exit.o(.text)
    __rt_SIGRTMEM_inner                      0x08000b25   Thumb Code    22  defsig_rtmem_inner.o(.text)
    _sys_exit                                0x08000b75   Thumb Code     8  sys_exit.o(.text)
    __default_signal_display                 0x08000b81   Thumb Code    50  defsig_general.o(.text)
    _ttywrch                                 0x08000bb3   Thumb Code    14  sys_wrch.o(.text)
    BACK_TO_MENU_button_handler              0x08000bc1   Thumb Code    56  main.o(i.BACK_TO_MENU_button_handler)
    BusFault_Handler                         0x08000c19   Thumb Code     4  stm32f4xx_it.o(i.BusFault_Handler)
    DMA2_Stream3_IRQHandler                  0x08000c1d   Thumb Code    64  stm32f4xx_it.o(i.DMA2_Stream3_IRQHandler)
    DOWN_button_handrel                      0x08000c65   Thumb Code    60  main.o(i.DOWN_button_handrel)
    DebugMon_Handler                         0x08000d07   Thumb Code     2  stm32f4xx_it.o(i.DebugMon_Handler)
    Error_Handler                            0x08000d09   Thumb Code    40  main.o(i.Error_Handler)
    FATFS_LinkDriver                         0x08000d35   Thumb Code    18  ff_gen_drv.o(i.FATFS_LinkDriver)
    FATFS_LinkDriverEx                       0x08000d49   Thumb Code    78  ff_gen_drv.o(i.FATFS_LinkDriverEx)
    GC9A01_ClearScreen                       0x08000d9d   Thumb Code    20  gc9a01.o(i.GC9A01_ClearScreen)
    GC9A01_ClearWindow                       0x08000db1   Thumb Code   176  gc9a01.o(i.GC9A01_ClearWindow)
    GC9A01_DrawChar                          0x08000e61   Thumb Code   254  gc9a01.o(i.GC9A01_DrawChar)
    GC9A01_DrawPixel_2x2                     0x08000f65   Thumb Code   100  gc9a01.o(i.GC9A01_DrawPixel_2x2)
    GC9A01_Initial                           0x08000fc9   Thumb Code  1146  gc9a01.o(i.GC9A01_Initial)
    GC9A01_Rainbow_String                    0x08001445   Thumb Code   194  gc9a01.o(i.GC9A01_Rainbow_String)
    GC9A01_SetBackColor                      0x08001511   Thumb Code     6  gc9a01.o(i.GC9A01_SetBackColor)
    GC9A01_SetFont                           0x0800151d   Thumb Code     6  gc9a01.o(i.GC9A01_SetFont)
    GC9A01_SetPos                            0x08001529   Thumb Code    82  gc9a01.o(i.GC9A01_SetPos)
    GC9A01_SetTextColor                      0x0800157d   Thumb Code     6  gc9a01.o(i.GC9A01_SetTextColor)
    GC9A01_String                            0x08001589   Thumb Code   126  gc9a01.o(i.GC9A01_String)
    GC9A01_Text                              0x0800160d   Thumb Code   196  gc9a01.o(i.GC9A01_Text)
    GC9A01_Write_Bytes                       0x080016d9   Thumb Code   242  gc9a01.o(i.GC9A01_Write_Bytes)
    GC9A01_Write_Cmd                         0x080017e5   Thumb Code    40  gc9a01.o(i.GC9A01_Write_Cmd)
    GC9A01_Write_Cmd_Data                    0x08001815   Thumb Code    40  gc9a01.o(i.GC9A01_Write_Cmd_Data)
    GC9A01_inversPicData                     0x08001845   Thumb Code    42  gc9a01.o(i.GC9A01_inversPicData)
    GC9A01_show_picture                      0x0800186f   Thumb Code   162  gc9a01.o(i.GC9A01_show_picture)
    HAL_Delay                                0x08001911   Thumb Code    36  stm32f4xx_hal.o(i.HAL_Delay)
    HAL_GPIO_Init                            0x08001939   Thumb Code   424  stm32f4xx_hal_gpio.o(i.HAL_GPIO_Init)
    HAL_GPIO_TogglePin                       0x08001b01   Thumb Code    20  stm32f4xx_hal_gpio.o(i.HAL_GPIO_TogglePin)
    HAL_GPIO_WritePin                        0x08001b15   Thumb Code    12  stm32f4xx_hal_gpio.o(i.HAL_GPIO_WritePin)
    HAL_GetTick                              0x08001b21   Thumb Code     6  stm32f4xx_hal.o(i.HAL_GetTick)
    HAL_HCD_Connect_Callback                 0x08001b2d   Thumb Code    14  usbh_conf.o(i.HAL_HCD_Connect_Callback)
    HAL_HCD_Disconnect_Callback              0x08001b3b   Thumb Code    14  usbh_conf.o(i.HAL_HCD_Disconnect_Callback)
    HAL_HCD_GetCurrentFrame                  0x08001b49   Thumb Code    12  stm32f4xx_hal_hcd.o(i.HAL_HCD_GetCurrentFrame)
    HAL_HCD_GetCurrentSpeed                  0x08001b55   Thumb Code    12  stm32f4xx_hal_hcd.o(i.HAL_HCD_GetCurrentSpeed)
    HAL_HCD_HC_GetURBState                   0x08001b61   Thumb Code    24  stm32f4xx_hal_hcd.o(i.HAL_HCD_HC_GetURBState)
    HAL_HCD_HC_GetXferCount                  0x08001b79   Thumb Code    22  stm32f4xx_hal_hcd.o(i.HAL_HCD_HC_GetXferCount)
    HAL_HCD_HC_Halt                          0x08001b8f   Thumb Code    52  stm32f4xx_hal_hcd.o(i.HAL_HCD_HC_Halt)
    HAL_HCD_HC_Init                          0x08001bc3   Thumb Code   262  stm32f4xx_hal_hcd.o(i.HAL_HCD_HC_Init)
    HAL_HCD_HC_NotifyURBChange_Callback      0x08001cc9   Thumb Code     2  usbh_conf.o(i.HAL_HCD_HC_NotifyURBChange_Callback)
    HAL_HCD_HC_SubmitRequest                 0x08001ccb   Thumb Code   676  stm32f4xx_hal_hcd.o(i.HAL_HCD_HC_SubmitRequest)
    HAL_HCD_IRQHandler                       0x08001f6f   Thumb Code   376  stm32f4xx_hal_hcd.o(i.HAL_HCD_IRQHandler)
    HAL_HCD_Init                             0x080020e7   Thumb Code   116  stm32f4xx_hal_hcd.o(i.HAL_HCD_Init)
    HAL_HCD_MspInit                          0x0800215d   Thumb Code   178  usbh_conf.o(i.HAL_HCD_MspInit)
    HAL_HCD_PortDisabled_Callback            0x08002219   Thumb Code    14  usbh_conf.o(i.HAL_HCD_PortDisabled_Callback)
    HAL_HCD_PortEnabled_Callback             0x08002227   Thumb Code    14  usbh_conf.o(i.HAL_HCD_PortEnabled_Callback)
    HAL_HCD_ResetPort                        0x08002235   Thumb Code    12  stm32f4xx_hal_hcd.o(i.HAL_HCD_ResetPort)
    HAL_HCD_SOF_Callback                     0x08002241   Thumb Code    14  usbh_conf.o(i.HAL_HCD_SOF_Callback)
    HAL_HCD_Start                            0x0800224f   Thumb Code    54  stm32f4xx_hal_hcd.o(i.HAL_HCD_Start)
    HAL_HCD_Stop                             0x08002285   Thumb Code    46  stm32f4xx_hal_hcd.o(i.HAL_HCD_Stop)
    HAL_IncTick                              0x080022b5   Thumb Code    16  stm32f4xx_hal.o(i.HAL_IncTick)
    HAL_Init                                 0x080022cd   Thumb Code    54  stm32f4xx_hal.o(i.HAL_Init)
    HAL_InitTick                             0x08002309   Thumb Code    64  stm32f4xx_hal.o(i.HAL_InitTick)
    HAL_MspInit                              0x08002355   Thumb Code    68  stm32f4xx_hal_msp.o(i.HAL_MspInit)
    HAL_NVIC_EnableIRQ                       0x0800239d   Thumb Code    32  stm32f4xx_hal_cortex.o(i.HAL_NVIC_EnableIRQ)
    HAL_NVIC_SetPriority                     0x080023bd   Thumb Code   124  stm32f4xx_hal_cortex.o(i.HAL_NVIC_SetPriority)
    HAL_NVIC_SetPriorityGrouping             0x08002439   Thumb Code    32  stm32f4xx_hal_cortex.o(i.HAL_NVIC_SetPriorityGrouping)
    HAL_SYSTICK_Config                       0x08002461   Thumb Code    52  stm32f4xx_hal_cortex.o(i.HAL_SYSTICK_Config)
    HardFault_Handler                        0x08003351   Thumb Code     4  stm32f4xx_it.o(i.HardFault_Handler)
    LEFT_RIGHT_button_handrel                0x08003355   Thumb Code    70  main.o(i.LEFT_RIGHT_button_handrel)
    LEFT_button_handrel                      0x080033a9   Thumb Code    60  main.o(i.LEFT_button_handrel)
    LL_GPIO_Init                             0x0800343d   Thumb Code   312  stm32f4xx_ll_gpio.o(i.LL_GPIO_Init)
    LL_SPI_Init                              0x08003597   Thumb Code   108  stm32f4xx_ll_spi.o(i.LL_SPI_Init)
    LL_SetSystemCoreClock                    0x08003605   Thumb Code     6  stm32f4xx_ll_utils.o(i.LL_SetSystemCoreClock)
    LL_TIM_Init                              0x08003611   Thumb Code   148  stm32f4xx_ll_tim.o(i.LL_TIM_Init)
    MX_DriverVbusFS                          0x080036ed   Thumb Code    28  usbh_platform.o(i.MX_DriverVbusFS)
    MX_FATFS_Init                            0x0800370d   Thumb Code    16  fatfs.o(i.MX_FATFS_Init)
    MX_USB_HOST_Init                         0x08003a0d   Thumb Code    46  usb_host.o(i.MX_USB_HOST_Init)
    MX_USB_HOST_Process                      0x08003a49   Thumb Code    10  usb_host.o(i.MX_USB_HOST_Process)
    MemManage_Handler                        0x08003a59   Thumb Code     4  stm32f4xx_it.o(i.MemManage_Handler)
    Mount_USB                                0x08003a5d   Thumb Code    38  file_handling.o(i.Mount_USB)
    NMI_Handler                              0x08003ac5   Thumb Code     4  stm32f4xx_it.o(i.NMI_Handler)
    OTG_FS_IRQHandler                        0x08003b09   Thumb Code    10  stm32f4xx_it.o(i.OTG_FS_IRQHandler)
    PendSV_Handler                           0x08003b19   Thumb Code     2  stm32f4xx_it.o(i.PendSV_Handler)
    RIGHT_button_handrel                     0x08003b1d   Thumb Code    60  main.o(i.RIGHT_button_handrel)
    Read_File                                0x08003b61   Thumb Code   196  file_handling.o(i.Read_File)
    Read_File_and_print_BMP                  0x08003c89   Thumb Code   902  file_handling.o(i.Read_File_and_print_BMP)
    SPI_write                                0x08004095   Thumb Code    46  gc9a01.o(i.SPI_write)
    SVC_Handler                              0x080040c9   Thumb Code     2  stm32f4xx_it.o(i.SVC_Handler)
    Scan_USB                                 0x080040cd   Thumb Code   278  file_handling.o(i.Scan_USB)
    Scan_USB_for_amount_of_files             0x08004229   Thumb Code   110  file_handling.o(i.Scan_USB_for_amount_of_files)
    ShowMenu                                 0x0800429d   Thumb Code   336  gc9a01.o(i.ShowMenu)
    SysTick_Handler                          0x08004401   Thumb Code     8  stm32f4xx_it.o(i.SysTick_Handler)
    SystemClock_Config                       0x08004409   Thumb Code   328  main.o(i.SystemClock_Config)
    SystemInit                               0x08004569   Thumb Code    14  system_stm32f4xx.o(i.SystemInit)
    TIM1_UP_TIM10_IRQHandler                 0x0800457d   Thumb Code    28  stm32f4xx_it.o(i.TIM1_UP_TIM10_IRQHandler)
    UP_DOWN_button_handrel                   0x0800459d   Thumb Code    70  main.o(i.UP_DOWN_button_handrel)
    UP_button_handrel                        0x080045f1   Thumb Code    60  main.o(i.UP_button_handrel)
    USBH_AllocPipe                           0x08004635   Thumb Code    42  usbh_pipes.o(i.USBH_AllocPipe)
    USBH_BulkReceiveData                     0x0800465f   Thumb Code    42  usbh_ioreq.o(i.USBH_BulkReceiveData)
    USBH_BulkSendData                        0x08004689   Thumb Code    52  usbh_ioreq.o(i.USBH_BulkSendData)
    USBH_ClosePipe                           0x080046bd   Thumb Code    18  usbh_pipes.o(i.USBH_ClosePipe)
    USBH_ClrFeature                          0x080046cf   Thumb Code    40  usbh_ctlreq.o(i.USBH_ClrFeature)
    USBH_CtlReceiveData                      0x080046f7   Thumb Code    42  usbh_ioreq.o(i.USBH_CtlReceiveData)
    USBH_CtlReq                              0x08004721   Thumb Code    84  usbh_ctlreq.o(i.USBH_CtlReq)
    USBH_CtlSendData                         0x08004775   Thumb Code    52  usbh_ioreq.o(i.USBH_CtlSendData)
    USBH_CtlSendSetup                        0x080047a9   Thumb Code    38  usbh_ioreq.o(i.USBH_CtlSendSetup)
    USBH_Delay                               0x080047cf   Thumb Code    12  usbh_conf.o(i.USBH_Delay)
    USBH_FindInterface                       0x080047db   Thumb Code    80  usbh_core.o(i.USBH_FindInterface)
    USBH_FreePipe                            0x0800482b   Thumb Code    30  usbh_pipes.o(i.USBH_FreePipe)
    USBH_GetDescriptor                       0x08004849   Thumb Code    74  usbh_ctlreq.o(i.USBH_GetDescriptor)
    USBH_GetNextDesc                         0x080048bb   Thumb Code    18  usbh_ctlreq.o(i.USBH_GetNextDesc)
    USBH_Get_CfgDesc                         0x080048cd   Thumb Code    46  usbh_ctlreq.o(i.USBH_Get_CfgDesc)
    USBH_Get_DevDesc                         0x080048fb   Thumb Code    46  usbh_ctlreq.o(i.USBH_Get_DevDesc)
    USBH_Get_StringDesc                      0x08004929   Thumb Code    56  usbh_ctlreq.o(i.USBH_Get_StringDesc)
    USBH_Get_USB_Status                      0x08004961   Thumb Code    44  usbh_conf.o(i.USBH_Get_USB_Status)
    USBH_Init                                0x08004e3f   Thumb Code    72  usbh_core.o(i.USBH_Init)
    USBH_LL_ClosePipe                        0x08004e87   Thumb Code    38  usbh_conf.o(i.USBH_LL_ClosePipe)
    USBH_LL_Connect                          0x08004ead   Thumb Code    22  usbh_core.o(i.USBH_LL_Connect)
    USBH_LL_Disconnect                       0x08004ec3   Thumb Code    46  usbh_core.o(i.USBH_LL_Disconnect)
    USBH_LL_DriverVBUS                       0x08004ef1   Thumb Code    30  usbh_conf.o(i.USBH_LL_DriverVBUS)
    USBH_LL_GetLastXferSize                  0x08004f0f   Thumb Code    18  usbh_conf.o(i.USBH_LL_GetLastXferSize)
    USBH_LL_GetSpeed                         0x08004f21   Thumb Code    48  usbh_conf.o(i.USBH_LL_GetSpeed)
    USBH_LL_GetToggle                        0x08004f51   Thumb Code    70  usbh_conf.o(i.USBH_LL_GetToggle)
    USBH_LL_GetURBState                      0x08004f97   Thumb Code    18  usbh_conf.o(i.USBH_LL_GetURBState)
    USBH_LL_IncTimer                         0x08004fa9   Thumb Code    22  usbh_core.o(i.USBH_LL_IncTimer)
    USBH_LL_Init                             0x08004fc1   Thumb Code    82  usbh_conf.o(i.USBH_LL_Init)
    USBH_LL_OpenPipe                         0x08005019   Thumb Code    64  usbh_conf.o(i.USBH_LL_OpenPipe)
    USBH_LL_PortDisabled                     0x08005059   Thumb Code     8  usbh_core.o(i.USBH_LL_PortDisabled)
    USBH_LL_PortEnabled                      0x08005061   Thumb Code     8  usbh_core.o(i.USBH_LL_PortEnabled)
    USBH_LL_ResetPort                        0x08005069   Thumb Code    30  usbh_conf.o(i.USBH_LL_ResetPort)
    USBH_LL_SetTimer                         0x08005087   Thumb Code     6  usbh_core.o(i.USBH_LL_SetTimer)
    USBH_LL_SetToggle                        0x0800508d   Thumb Code    70  usbh_conf.o(i.USBH_LL_SetToggle)
    USBH_LL_Start                            0x080050d3   Thumb Code    30  usbh_conf.o(i.USBH_LL_Start)
    USBH_LL_Stop                             0x080050f1   Thumb Code    30  usbh_conf.o(i.USBH_LL_Stop)
    USBH_LL_SubmitURB                        0x0800510f   Thumb Code    64  usbh_conf.o(i.USBH_LL_SubmitURB)
    USBH_MSC_BOT_Init                        0x0800518d   Thumb Code    30  usbh_msc_bot.o(i.USBH_MSC_BOT_Init)
    USBH_MSC_BOT_Process                     0x080051b5   Thumb Code   622  usbh_msc_bot.o(i.USBH_MSC_BOT_Process)
    USBH_MSC_BOT_REQ_GetMaxLUN               0x08005423   Thumb Code    36  usbh_msc_bot.o(i.USBH_MSC_BOT_REQ_GetMaxLUN)
    USBH_MSC_BOT_REQ_Reset                   0x08005447   Thumb Code    32  usbh_msc_bot.o(i.USBH_MSC_BOT_REQ_Reset)
    USBH_MSC_GetLUNInfo                      0x0800555d   Thumb Code    56  usbh_msc.o(i.USBH_MSC_GetLUNInfo)
    USBH_MSC_Read                            0x08005ddb   Thumb Code   156  usbh_msc.o(i.USBH_MSC_Read)
    USBH_MSC_SCSI_Inquiry                    0x08005e77   Thumb Code   256  usbh_msc_scsi.o(i.USBH_MSC_SCSI_Inquiry)
    USBH_MSC_SCSI_Read                       0x08005f77   Thumb Code   166  usbh_msc_scsi.o(i.USBH_MSC_SCSI_Read)
    USBH_MSC_SCSI_ReadCapacity               0x0800601d   Thumb Code   168  usbh_msc_scsi.o(i.USBH_MSC_SCSI_ReadCapacity)
    USBH_MSC_SCSI_RequestSense               0x080060c5   Thumb Code   178  usbh_msc_scsi.o(i.USBH_MSC_SCSI_RequestSense)
    USBH_MSC_SCSI_TestUnitReady              0x08006177   Thumb Code    98  usbh_msc_scsi.o(i.USBH_MSC_SCSI_TestUnitReady)
    USBH_MSC_SCSI_Write                      0x080061d9   Thumb Code   166  usbh_msc_scsi.o(i.USBH_MSC_SCSI_Write)
    USBH_MSC_UnitIsReady                     0x08006285   Thumb Code    44  usbh_msc.o(i.USBH_MSC_UnitIsReady)
    USBH_MSC_Write                           0x080062b1   Thumb Code   156  usbh_msc.o(i.USBH_MSC_Write)
    USBH_OpenPipe                            0x0800634d   Thumb Code    42  usbh_pipes.o(i.USBH_OpenPipe)
    USBH_Process                             0x08006657   Thumb Code   738  usbh_core.o(i.USBH_Process)
    USBH_RegisterClass                       0x08006939   Thumb Code    50  usbh_core.o(i.USBH_RegisterClass)
    USBH_SelectInterface                     0x0800696b   Thumb Code    40  usbh_core.o(i.USBH_SelectInterface)
    USBH_SetAddress                          0x08006993   Thumb Code    40  usbh_ctlreq.o(i.USBH_SetAddress)
    USBH_SetCfg                              0x080069bb   Thumb Code    40  usbh_ctlreq.o(i.USBH_SetCfg)
    USBH_SetFeature                          0x080069e3   Thumb Code    40  usbh_ctlreq.o(i.USBH_SetFeature)
    USBH_Start                               0x08006a0b   Thumb Code    22  usbh_core.o(i.USBH_Start)
    USBH_initialize                          0x08006a59   Thumb Code     6  usbh_diskio.o(i.USBH_initialize)
    USBH_ioctl                               0x08006a61   Thumb Code   128  usbh_diskio.o(i.USBH_ioctl)
    USBH_read                                0x08006ae5   Thumb Code    98  usbh_diskio.o(i.USBH_read)
    USBH_status                              0x08006b4d   Thumb Code    26  usbh_diskio.o(i.USBH_status)
    USBH_write                               0x08006b6d   Thumb Code   112  usbh_diskio.o(i.USBH_write)
    USB_CoreInit                             0x08006be1   Thumb Code   128  stm32f4xx_ll_usb.o(i.USB_CoreInit)
    USB_DisableGlobalInt                     0x08006cbd   Thumb Code    14  stm32f4xx_ll_usb.o(i.USB_DisableGlobalInt)
    USB_DoPing                               0x08006ccd   Thumb Code    64  stm32f4xx_ll_usb.o(i.USB_DoPing)
    USB_DriveVbus                            0x08006d11   Thumb Code    74  stm32f4xx_ll_usb.o(i.USB_DriveVbus)
    USB_EnableGlobalInt                      0x08006d5b   Thumb Code    14  stm32f4xx_ll_usb.o(i.USB_EnableGlobalInt)
    USB_FlushRxFifo                          0x08006d69   Thumb Code    80  stm32f4xx_ll_usb.o(i.USB_FlushRxFifo)
    USB_FlushTxFifo                          0x08006dbd   Thumb Code    84  stm32f4xx_ll_usb.o(i.USB_FlushTxFifo)
    USB_GetCurrentFrame                      0x08006e15   Thumb Code    14  stm32f4xx_ll_usb.o(i.USB_GetCurrentFrame)
    USB_GetHostSpeed                         0x08006e23   Thumb Code    24  stm32f4xx_ll_usb.o(i.USB_GetHostSpeed)
    USB_GetMode                              0x08006e3b   Thumb Code    10  stm32f4xx_ll_usb.o(i.USB_GetMode)
    USB_HC_Halt                              0x08006e45   Thumb Code   370  stm32f4xx_ll_usb.o(i.USB_HC_Halt)
    USB_HC_Init                              0x08006fb7   Thumb Code   450  stm32f4xx_ll_usb.o(i.USB_HC_Init)
    USB_HC_ReadInterrupt                     0x08007179   Thumb Code    14  stm32f4xx_ll_usb.o(i.USB_HC_ReadInterrupt)
    USB_HC_StartXfer                         0x08007189   Thumb Code   458  stm32f4xx_ll_usb.o(i.USB_HC_StartXfer)
    USB_HostInit                             0x08007359   Thumb Code   230  stm32f4xx_ll_usb.o(i.USB_HostInit)
    USB_InitFSLSPClkSel                      0x08007455   Thumb Code    68  stm32f4xx_ll_usb.o(i.USB_InitFSLSPClkSel)
    USB_ReadInterrupts                       0x08007499   Thumb Code    10  stm32f4xx_ll_usb.o(i.USB_ReadInterrupts)
    USB_ReadPacket                           0x080074a3   Thumb Code    96  stm32f4xx_ll_usb.o(i.USB_ReadPacket)
    USB_ResetPort                            0x08007503   Thumb Code    60  stm32f4xx_ll_usb.o(i.USB_ResetPort)
    USB_SetCurrentMode                       0x0800753f   Thumb Code   104  stm32f4xx_ll_usb.o(i.USB_SetCurrentMode)
    USB_StopHost                             0x080075a7   Thumb Code   198  stm32f4xx_ll_usb.o(i.USB_StopHost)
    USB_WritePacket                          0x0800766d   Thumb Code    68  stm32f4xx_ll_usb.o(i.USB_WritePacket)
    Unmount_USB                              0x080076b1   Thumb Code    38  file_handling.o(i.Unmount_USB)
    UsageFault_Handler                       0x08007715   Thumb Code     4  stm32f4xx_it.o(i.UsageFault_Handler)
    _is_digit                                0x080077a5   Thumb Code    14  __printf_wp.o(i._is_digit)
    calculate_shift                          0x080077b3   Thumb Code    84  file_handling.o(i.calculate_shift)
    check_for_USB_storage_connection         0x08007809   Thumb Code   230  main.o(i.check_for_USB_storage_connection)
    check_if_file_exist                      0x080079ad   Thumb Code    68  file_handling.o(i.check_if_file_exist)
    check_if_file_opens                      0x08007a2d   Thumb Code    74  file_handling.o(i.check_if_file_opens)
    chek_menu_member_for_the_file_type       0x08007abd   Thumb Code    68  gc9a01.o(i.chek_menu_member_for_the_file_type)
    clear_and_set_root                       0x08007b91   Thumb Code    28  main.o(i.clear_and_set_root)
    clear_row                                0x08007bd5   Thumb Code    22  file_handling.o(i.clear_row)
    compress_row                             0x08007cd1   Thumb Code   370  file_handling.o(i.compress_row)
    delay_ms                                 0x08008195   Thumb Code    20  main.o(i.delay_ms)
    disk_initialize                          0x080086c5   Thumb Code    40  diskio.o(i.disk_initialize)
    disk_ioctl                               0x080086f1   Thumb Code    36  diskio.o(i.disk_ioctl)
    disk_read                                0x08008719   Thumb Code    42  diskio.o(i.disk_read)
    disk_status                              0x08008749   Thumb Code    24  diskio.o(i.disk_status)
    disk_write                               0x08008765   Thumb Code    42  diskio.o(i.disk_write)
    f_close                                  0x080087bd   Thumb Code    44  ff.o(i.f_close)
    f_closedir                               0x080087e9   Thumb Code    38  ff.o(i.f_closedir)
    f_lseek                                  0x0800880f   Thumb Code   688  ff.o(i.f_lseek)
    f_lseek_with_error_message               0x08008ac1   Thumb Code    48  file_handling.o(i.f_lseek_with_error_message)
    f_mount                                  0x08008b1d   Thumb Code    92  ff.o(i.f_mount)
    f_open                                   0x08008b7d   Thumb Code   570  ff.o(i.f_open)
    f_opendir                                0x08008db7   Thumb Code   152  ff.o(i.f_opendir)
    f_read                                   0x08008e4f   Thumb Code   428  ff.o(i.f_read)
    f_readdir                                0x08008ffb   Thumb Code    92  ff.o(i.f_readdir)
    f_stat                                   0x08009057   Thumb Code    72  ff.o(i.f_stat)
    f_sync                                   0x0800909f   Thumb Code   160  ff.o(i.f_sync)
    ff_convert                               0x08009141   Thumb Code    70  ccsbcs.o(i.ff_convert)
    ff_wtoupper                              0x0800918d   Thumb Code   156  ccsbcs.o(i.ff_wtoupper)
    get_active_menu_member                   0x08009689   Thumb Code    38  gc9a01.o(i.get_active_menu_member)
    get_fattime                              0x0800978f   Thumb Code     4  fatfs.o(i.get_fattime)
    main                                     0x08009a25   Thumb Code   692  main.o(i.main)
    menu_active_member_running_text_animation 0x08009d81   Thumb Code   222  gc9a01.o(i.menu_active_member_running_text_animation)
    read_BMP_header                          0x0800a0f1   Thumb Code   106  file_handling.o(i.read_BMP_header)
    refresh_BMP_image                        0x0800a1d1   Thumb Code   164  main.o(i.refresh_BMP_image)
    refresh_menu_member                      0x0800a2a1   Thumb Code   214  gc9a01.o(i.refresh_menu_member)
    view_image_DOWN_button_handler           0x0800a5a9   Thumb Code    34  main.o(i.view_image_DOWN_button_handler)
    view_image_LEFT_button_handler           0x0800a5d1   Thumb Code    34  main.o(i.view_image_LEFT_button_handler)
    view_image_RIGHT_button_handler          0x0800a5f9   Thumb Code    18  main.o(i.view_image_RIGHT_button_handler)
    view_image_UP_button_handler             0x0800a611   Thumb Code    18  main.o(i.view_image_UP_button_handler)
    view_menu_DOWN_button_handler            0x0800a629   Thumb Code   342  main.o(i.view_menu_DOWN_button_handler)
    view_menu_LEFT_button_handler            0x0800a79d   Thumb Code   198  main.o(i.view_menu_LEFT_button_handler)
    view_menu_RIGHT_button_handler           0x0800a87d   Thumb Code   668  main.o(i.view_menu_RIGHT_button_handler)
    view_menu_UP_button_handler              0x0800ab71   Thumb Code   332  main.o(i.view_menu_UP_button_handler)
    view_txt_DOWN_button_handler             0x0800acd5   Thumb Code    18  main.o(i.view_txt_DOWN_button_handler)
    view_txt_LEFT_button_handler             0x0800aced   Thumb Code    44  main.o(i.view_txt_LEFT_button_handler)
    view_txt_RIGHT_button_handler            0x0800ad31   Thumb Code     2  main.o(i.view_txt_RIGHT_button_handler)
    view_txt_UP_button_handler               0x0800ad35   Thumb Code    18  main.o(i.view_txt_UP_button_handler)
    _fp_init                                 0x0800ad4d   Thumb Code    10  fpinit.o(x$fpl$fpinit)
    __fplib_config_fpu_vfp                   0x0800ad55   Thumb Code     0  fpinit.o(x$fpl$fpinit)
    __fplib_config_pureend_doubles           0x0800ad55   Thumb Code     0  fpinit.o(x$fpl$fpinit)
    Font16_Table                             0x0800ad56   Data        3040  font16.o(.constdata)
    Font20_Table                             0x0800b936   Data        3800  font20.o(.constdata)
    USBH_Driver                              0x0800c890   Data          20  usbh_diskio.o(.constdata)
    Region$$Table$$Base                      0x0800cd58   Number         0  anon$$obj.o(Region$$Table)
    Region$$Table$$Limit                     0x0800cd78   Number         0  anon$$obj.o(Region$$Table)
    Font16                                   0x20000000   Data           8  font16.o(.data)
    Font20                                   0x20000008   Data           8  font20.o(.data)
    fresult                                  0x20000010   Data           1  file_handling.o(.data)
    br                                       0x20000014   Data           4  file_handling.o(.data)
    bw                                       0x20000018   Data           4  file_handling.o(.data)
    pUSBHFatFS                               0x2000001c   Data           4  file_handling.o(.data)
    fre_clust                                0x20000020   Data           4  file_handling.o(.data)
    total                                    0x20000024   Data           4  file_handling.o(.data)
    free_space                               0x20000028   Data           4  file_handling.o(.data)
    lcdprop                                  0x2000002c   Data           8  gc9a01.o(.data)
    shift                                    0x20000034   Data           1  gc9a01.o(.data)
    current_text_color                       0x20000035   Data           1  gc9a01.o(.data)
    tohru1                                   0x20000038   Data       39200  main.o(.data)
    dma_spi_fl1                              0x20009958   Data           1  main.o(.data)
    dma_spi_cnt                              0x2000995c   Data           4  main.o(.data)
    current_active_menu_member               0x20009960   Data           1  main.o(.data)
    current_page                             0x20009961   Data           1  main.o(.data)
    amount_of_files                          0x20009962   Data           1  main.o(.data)
    txt_file_page                            0x20009963   Data           1  main.o(.data)
    enable_menu_member_animation             0x20009964   Data           1  main.o(.data)
    enable_button_handling                   0x20009965   Data           1  main.o(.data)
    path                                     0x20009966   Data         512  main.o(.data)
    horizontal_offset                        0x20009b66   Data           2  main.o(.data)
    vertical_offset                          0x20009b68   Data           2  main.o(.data)
    interpolation_coef                       0x20009b6a   Data           2  main.o(.data)
    res                                      0x20009b6c   Data           1  main.o(.data)
    USB_Storage_state                        0x20009b6d   Data           1  main.o(.data)
    USB_Storage_last_state                   0x20009b6e   Data           1  main.o(.data)
    current_mode                             0x20009b6f   Data           1  main.o(.data)
    uwTick                                   0x20009b70   Data           4  stm32f4xx_hal.o(.data)
    uwTickPrio                               0x20009b74   Data           4  stm32f4xx_hal.o(.data)
    uwTickFreq                               0x20009b78   Data           1  stm32f4xx_hal.o(.data)
    SystemCoreClock                          0x20009b7c   Data           4  system_stm32f4xx.o(.data)
    retUSBH                                  0x20009b80   Data           1  fatfs.o(.data)
    USBHPath                                 0x20009b81   Data           4  fatfs.o(.data)
    Appli_state                              0x20009b85   Data           1  usb_host.o(.data)
    USBH_msc                                 0x20009b90   Data          32  usbh_msc.o(.data)
    USBHfno                                  0x20009bb0   Data         280  file_handling.o(.bss)
    buffer                                   0x20009cc8   Data         256  main.o(.bss)
    path_txt                                 0x20009dc8   Data         512  main.o(.bss)
    screen_buf                               0x20009fc8   Data         480  main.o(.bss)
    fs                                       0x2000a1a8   Data         564  main.o(.bss)
    dr                                       0x2000a3dc   Data          52  main.o(.bss)
    fl                                       0x2000a410   Data         560  main.o(.bss)
    Members                                  0x2000a640   Data         416  main.o(.bss)
    USBHFatFS                                0x2000a7e0   Data         564  fatfs.o(.bss)
    USBHFile                                 0x2000aa14   Data         560  fatfs.o(.bss)
    hUsbHostFS                               0x2000ac44   Data         984  usb_host.o(.bss)
    hhcd_USB_OTG_FS                          0x2000b01c   Data         772  usbh_conf.o(.bss)
    disk                                     0x2000b340   Data          12  ff_gen_drv.o(.bss)
    __libspace_start                         0x2000b34c   Data          96  libspace.o(.bss)
    __temporary_stack_top$libspace           0x2000b3ac   Data           0  libspace.o(.bss)



==============================================================================

Memory Map of the image

  Image Entry point : 0x08000199

  Load Region LR_IROM1 (Base: 0x08000000, Size: 0x00016928, Max: 0x00080000, ABSOLUTE, COMPRESSED[0x00013134])

    Execution Region ER_IROM1 (Exec base: 0x08000000, Load base: 0x08000000, Size: 0x0000cd78, Max: 0x00080000, ABSOLUTE)

    Exec Addr    Load Addr    Size         Type   Attr      Idx    E Section Name        Object

    0x08000000   0x08000000   0x00000198   Data   RO            3    RESET               startup_stm32f411xe.o
    0x08000198   0x08000198   0x00000008   Code   RO         5123  * !!!main             c_w.l(__main.o)
    0x080001a0   0x080001a0   0x00000034   Code   RO         5349    !!!scatter          c_w.l(__scatter.o)
    0x080001d4   0x080001d4   0x00000064   Code   RO         5347    !!dclz77c           c_w.l(__dclz77c.o)
    0x08000238   0x08000238   0x0000001c   Code   RO         5351    !!handler_zi        c_w.l(__scatter_zi.o)
    0x08000254   0x08000254   0x00000000   Code   RO         5099    .ARM.Collect$$_printf_percent$$00000000  c_w.l(_printf_percent.o)
    0x08000254   0x08000254   0x00000006   Code   RO         5098    .ARM.Collect$$_printf_percent$$00000009  c_w.l(_printf_d.o)
    0x0800025a   0x0800025a   0x00000006   Code   RO         5097    .ARM.Collect$$_printf_percent$$00000014  c_w.l(_printf_s.o)
    0x08000260   0x08000260   0x00000004   Code   RO         5167    .ARM.Collect$$_printf_percent$$00000017  c_w.l(_printf_percent_end.o)
    0x08000264   0x08000264   0x00000002   Code   RO         5286    .ARM.Collect$$libinit$$00000000  c_w.l(libinit.o)
    0x08000266   0x08000266   0x00000004   Code   RO         5170    .ARM.Collect$$libinit$$00000001  c_w.l(libinit2.o)
    0x0800026a   0x0800026a   0x00000000   Code   RO         5173    .ARM.Collect$$libinit$$00000004  c_w.l(libinit2.o)
    0x0800026a   0x0800026a   0x00000008   Code   RO         5174    .ARM.Collect$$libinit$$00000005  c_w.l(libinit2.o)
    0x08000272   0x08000272   0x00000000   Code   RO         5176    .ARM.Collect$$libinit$$0000000A  c_w.l(libinit2.o)
    0x08000272   0x08000272   0x00000000   Code   RO         5178    .ARM.Collect$$libinit$$0000000C  c_w.l(libinit2.o)
    0x08000272   0x08000272   0x00000000   Code   RO         5180    .ARM.Collect$$libinit$$0000000E  c_w.l(libinit2.o)
    0x08000272   0x08000272   0x00000000   Code   RO         5183    .ARM.Collect$$libinit$$00000011  c_w.l(libinit2.o)
    0x08000272   0x08000272   0x00000000   Code   RO         5185    .ARM.Collect$$libinit$$00000013  c_w.l(libinit2.o)
    0x08000272   0x08000272   0x00000000   Code   RO         5187    .ARM.Collect$$libinit$$00000015  c_w.l(libinit2.o)
    0x08000272   0x08000272   0x00000000   Code   RO         5189    .ARM.Collect$$libinit$$00000017  c_w.l(libinit2.o)
    0x08000272   0x08000272   0x00000000   Code   RO         5191    .ARM.Collect$$libinit$$00000019  c_w.l(libinit2.o)
    0x08000272   0x08000272   0x00000000   Code   RO         5193    .ARM.Collect$$libinit$$0000001B  c_w.l(libinit2.o)
    0x08000272   0x08000272   0x00000000   Code   RO         5195    .ARM.Collect$$libinit$$0000001D  c_w.l(libinit2.o)
    0x08000272   0x08000272   0x00000000   Code   RO         5197    .ARM.Collect$$libinit$$0000001F  c_w.l(libinit2.o)
    0x08000272   0x08000272   0x00000000   Code   RO         5199    .ARM.Collect$$libinit$$00000021  c_w.l(libinit2.o)
    0x08000272   0x08000272   0x00000000   Code   RO         5201    .ARM.Collect$$libinit$$00000023  c_w.l(libinit2.o)
    0x08000272   0x08000272   0x00000000   Code   RO         5203    .ARM.Collect$$libinit$$00000025  c_w.l(libinit2.o)
    0x08000272   0x08000272   0x00000000   Code   RO         5207    .ARM.Collect$$libinit$$0000002C  c_w.l(libinit2.o)
    0x08000272   0x08000272   0x00000000   Code   RO         5209    .ARM.Collect$$libinit$$0000002E  c_w.l(libinit2.o)
    0x08000272   0x08000272   0x00000000   Code   RO         5211    .ARM.Collect$$libinit$$00000030  c_w.l(libinit2.o)
    0x08000272   0x08000272   0x00000000   Code   RO         5213    .ARM.Collect$$libinit$$00000032  c_w.l(libinit2.o)
    0x08000272   0x08000272   0x00000002   Code   RO         5214    .ARM.Collect$$libinit$$00000033  c_w.l(libinit2.o)
    0x08000274   0x08000274   0x00000002   Code   RO         5344    .ARM.Collect$$libshutdown$$00000000  c_w.l(libshutdown.o)
    0x08000276   0x08000276   0x00000000   Code   RO         5302    .ARM.Collect$$libshutdown$$00000002  c_w.l(libshutdown2.o)
    0x08000276   0x08000276   0x00000000   Code   RO         5304    .ARM.Collect$$libshutdown$$00000004  c_w.l(libshutdown2.o)
    0x08000276   0x08000276   0x00000000   Code   RO         5307    .ARM.Collect$$libshutdown$$00000007  c_w.l(libshutdown2.o)
    0x08000276   0x08000276   0x00000000   Code   RO         5310    .ARM.Collect$$libshutdown$$0000000A  c_w.l(libshutdown2.o)
    0x08000276   0x08000276   0x00000000   Code   RO         5312    .ARM.Collect$$libshutdown$$0000000C  c_w.l(libshutdown2.o)
    0x08000276   0x08000276   0x00000000   Code   RO         5315    .ARM.Collect$$libshutdown$$0000000F  c_w.l(libshutdown2.o)
    0x08000276   0x08000276   0x00000002   Code   RO         5316    .ARM.Collect$$libshutdown$$00000010  c_w.l(libshutdown2.o)
    0x08000278   0x08000278   0x00000000   Code   RO         5127    .ARM.Collect$$rtentry$$00000000  c_w.l(__rtentry.o)
    0x08000278   0x08000278   0x00000000   Code   RO         5221    .ARM.Collect$$rtentry$$00000002  c_w.l(__rtentry2.o)
    0x08000278   0x08000278   0x00000006   Code   RO         5233    .ARM.Collect$$rtentry$$00000004  c_w.l(__rtentry4.o)
    0x0800027e   0x0800027e   0x00000000   Code   RO         5223    .ARM.Collect$$rtentry$$00000009  c_w.l(__rtentry2.o)
    0x0800027e   0x0800027e   0x00000004   Code   RO         5224    .ARM.Collect$$rtentry$$0000000A  c_w.l(__rtentry2.o)
    0x08000282   0x08000282   0x00000000   Code   RO         5226    .ARM.Collect$$rtentry$$0000000C  c_w.l(__rtentry2.o)
    0x08000282   0x08000282   0x00000008   Code   RO         5227    .ARM.Collect$$rtentry$$0000000D  c_w.l(__rtentry2.o)
    0x0800028a   0x0800028a   0x00000002   Code   RO         5289    .ARM.Collect$$rtexit$$00000000  c_w.l(rtexit.o)
    0x0800028c   0x0800028c   0x00000000   Code   RO         5320    .ARM.Collect$$rtexit$$00000002  c_w.l(rtexit2.o)
    0x0800028c   0x0800028c   0x00000004   Code   RO         5321    .ARM.Collect$$rtexit$$00000003  c_w.l(rtexit2.o)
    0x08000290   0x08000290   0x00000006   Code   RO         5322    .ARM.Collect$$rtexit$$00000004  c_w.l(rtexit2.o)
    0x08000296   0x08000296   0x00000002   PAD
    0x08000298   0x08000298   0x00000000   Code   RO         5239    .emb_text           c_w.l(maybetermalloc1.o)
    0x08000298   0x08000298   0x00000040   Code   RO            4    .text               startup_stm32f411xe.o
    0x080002d8   0x080002d8   0x0000005e   Code   RO         5003    .text               c_w.l(h1_alloc.o)
    0x08000336   0x08000336   0x0000004e   Code   RO         5005    .text               c_w.l(h1_free.o)
    0x08000384   0x08000384   0x00000028   Code   RO         5067    .text               c_w.l(noretval__2sprintf.o)
    0x080003ac   0x080003ac   0x00000034   Code   RO         5069    .text               c_w.l(noretval__2snprintf.o)
    0x080003e0   0x080003e0   0x00000052   Code   RO         5073    .text               c_w.l(_printf_str.o)
    0x08000432   0x08000432   0x00000002   PAD
    0x08000434   0x08000434   0x00000078   Code   RO         5075    .text               c_w.l(_printf_dec.o)
    0x080004ac   0x080004ac   0x0000010e   Code   RO         5085    .text               c_w.l(__printf_wp.o)
    0x080005ba   0x080005ba   0x00000048   Code   RO         5105    .text               c_w.l(strcpy.o)
    0x08000602   0x08000602   0x0000003e   Code   RO         5107    .text               c_w.l(strlen.o)
    0x08000640   0x08000640   0x0000008a   Code   RO         5109    .text               c_w.l(rt_memcpy_v6.o)
    0x080006ca   0x080006ca   0x00000064   Code   RO         5111    .text               c_w.l(rt_memcpy_w.o)
    0x0800072e   0x0800072e   0x00000044   Code   RO         5113    .text               c_w.l(rt_memclr.o)
    0x08000772   0x08000772   0x0000004e   Code   RO         5115    .text               c_w.l(rt_memclr_w.o)
    0x080007c0   0x080007c0   0x00000056   Code   RO         5117    .text               c_w.l(strncpy.o)
    0x08000816   0x08000816   0x00000002   PAD
    0x08000818   0x08000818   0x00000080   Code   RO         5119    .text               c_w.l(strcmpv7m.o)
    0x08000898   0x08000898   0x00000006   Code   RO         5121    .text               c_w.l(heapauxi.o)
    0x0800089e   0x0800089e   0x00000002   PAD
    0x080008a0   0x080008a0   0x00000008   Code   RO         5135    .text               c_w.l(rt_heap_descriptor_intlibspace.o)
    0x080008a8   0x080008a8   0x00000004   Code   RO         5137    .text               c_w.l(hguard.o)
    0x080008ac   0x080008ac   0x0000008a   Code   RO         5139    .text               c_w.l(init_alloc.o)
    0x08000936   0x08000936   0x0000000e   Code   RO         5143    .text               c_w.l(h1_init.o)
    0x08000944   0x08000944   0x000000b2   Code   RO         5157    .text               c_w.l(_printf_intcommon.o)
    0x080009f6   0x080009f6   0x00000002   PAD
    0x080009f8   0x080009f8   0x00000030   Code   RO         5159    .text               c_w.l(_printf_char_common.o)
    0x08000a28   0x08000a28   0x0000000a   Code   RO         5161    .text               c_w.l(_sputc.o)
    0x08000a32   0x08000a32   0x00000010   Code   RO         5163    .text               c_w.l(_snputc.o)
    0x08000a42   0x08000a42   0x0000002c   Code   RO         5165    .text               c_w.l(_printf_char.o)
    0x08000a6e   0x08000a6e   0x00000002   PAD
    0x08000a70   0x08000a70   0x00000008   Code   RO         5217    .text               c_w.l(libspace.o)
    0x08000a78   0x08000a78   0x00000034   Code   RO         5241    .text               c_w.l(h1_extend.o)
    0x08000aac   0x08000aac   0x0000000e   Code   RO         5247    .text               c_w.l(defsig_rtmem_outer.o)
    0x08000aba   0x08000aba   0x00000002   Code   RO         5258    .text               c_w.l(use_no_semi.o)
    0x08000abc   0x08000abc   0x00000000   Code   RO         5260    .text               c_w.l(indicate_semi.o)
    0x08000abc   0x08000abc   0x0000004a   Code   RO         5261    .text               c_w.l(sys_stackheap_outer.o)
    0x08000b06   0x08000b06   0x00000012   Code   RO         5267    .text               c_w.l(exit.o)
    0x08000b18   0x08000b18   0x0000000a   Code   RO         5269    .text               c_w.l(defsig_exit.o)
    0x08000b22   0x08000b22   0x00000002   PAD
    0x08000b24   0x08000b24   0x00000050   Code   RO         5275    .text               c_w.l(defsig_rtmem_inner.o)
    0x08000b74   0x08000b74   0x0000000c   Code   RO         5287    .text               c_w.l(sys_exit.o)
    0x08000b80   0x08000b80   0x00000032   Code   RO         5297    .text               c_w.l(defsig_general.o)
    0x08000bb2   0x08000bb2   0x0000000e   Code   RO         5317    .text               c_w.l(sys_wrch.o)
    0x08000bc0   0x08000bc0   0x00000058   Code   RO          630    i.BACK_TO_MENU_button_handler  main.o
    0x08000c18   0x08000c18   0x00000004   Code   RO          920    i.BusFault_Handler  stm32f4xx_it.o
    0x08000c1c   0x08000c1c   0x00000048   Code   RO          921    i.DMA2_Stream3_IRQHandler  stm32f4xx_it.o
    0x08000c64   0x08000c64   0x00000044   Code   RO          632    i.DOWN_button_handrel  main.o
    0x08000ca8   0x08000ca8   0x0000005e   Code   RO         4416    i.DeInitStateMachine  usbh_core.o
    0x08000d06   0x08000d06   0x00000002   Code   RO          922    i.DebugMon_Handler  stm32f4xx_it.o
    0x08000d08   0x08000d08   0x0000002c   Code   RO          633    i.Error_Handler     main.o
    0x08000d34   0x08000d34   0x00000012   Code   RO         4307    i.FATFS_LinkDriver  ff_gen_drv.o
    0x08000d46   0x08000d46   0x00000002   PAD
    0x08000d48   0x08000d48   0x00000054   Code   RO         4308    i.FATFS_LinkDriverEx  ff_gen_drv.o
    0x08000d9c   0x08000d9c   0x00000014   Code   RO          403    i.GC9A01_ClearScreen  gc9a01.o
    0x08000db0   0x08000db0   0x000000b0   Code   RO          404    i.GC9A01_ClearWindow  gc9a01.o
    0x08000e60   0x08000e60   0x00000104   Code   RO          405    i.GC9A01_DrawChar   gc9a01.o
    0x08000f64   0x08000f64   0x00000064   Code   RO          407    i.GC9A01_DrawPixel_2x2  gc9a01.o
    0x08000fc8   0x08000fc8   0x0000047a   Code   RO          410    i.GC9A01_Initial    gc9a01.o
    0x08001442   0x08001442   0x00000002   PAD
    0x08001444   0x08001444   0x000000cc   Code   RO          411    i.GC9A01_Rainbow_String  gc9a01.o
    0x08001510   0x08001510   0x0000000c   Code   RO          412    i.GC9A01_SetBackColor  gc9a01.o
    0x0800151c   0x0800151c   0x0000000c   Code   RO          413    i.GC9A01_SetFont    gc9a01.o
    0x08001528   0x08001528   0x00000052   Code   RO          414    i.GC9A01_SetPos     gc9a01.o
    0x0800157a   0x0800157a   0x00000002   PAD
    0x0800157c   0x0800157c   0x0000000c   Code   RO          415    i.GC9A01_SetTextColor  gc9a01.o
    0x08001588   0x08001588   0x00000084   Code   RO          416    i.GC9A01_String     gc9a01.o
    0x0800160c   0x0800160c   0x000000cc   Code   RO          417    i.GC9A01_Text       gc9a01.o
    0x080016d8   0x080016d8   0x0000010c   Code   RO          418    i.GC9A01_Write_Bytes  gc9a01.o
    0x080017e4   0x080017e4   0x00000030   Code   RO          419    i.GC9A01_Write_Cmd  gc9a01.o
    0x08001814   0x08001814   0x00000030   Code   RO          420    i.GC9A01_Write_Cmd_Data  gc9a01.o
    0x08001844   0x08001844   0x0000002a   Code   RO          424    i.GC9A01_inversPicData  gc9a01.o
    0x0800186e   0x0800186e   0x000000a2   Code   RO          425    i.GC9A01_show_picture  gc9a01.o
    0x08001910   0x08001910   0x00000028   Code   RO         2882    i.HAL_Delay         stm32f4xx_hal.o
    0x08001938   0x08001938   0x000001c8   Code   RO         2327    i.HAL_GPIO_Init     stm32f4xx_hal_gpio.o
    0x08001b00   0x08001b00   0x00000014   Code   RO         2330    i.HAL_GPIO_TogglePin  stm32f4xx_hal_gpio.o
    0x08001b14   0x08001b14   0x0000000c   Code   RO         2331    i.HAL_GPIO_WritePin  stm32f4xx_hal_gpio.o
    0x08001b20   0x08001b20   0x0000000c   Code   RO         2888    i.HAL_GetTick       stm32f4xx_hal.o
    0x08001b2c   0x08001b2c   0x0000000e   Code   RO         3658    i.HAL_HCD_Connect_Callback  usbh_conf.o
    0x08001b3a   0x08001b3a   0x0000000e   Code   RO         3659    i.HAL_HCD_Disconnect_Callback  usbh_conf.o
    0x08001b48   0x08001b48   0x0000000c   Code   RO         1103    i.HAL_HCD_GetCurrentFrame  stm32f4xx_hal_hcd.o
    0x08001b54   0x08001b54   0x0000000c   Code   RO         1104    i.HAL_HCD_GetCurrentSpeed  stm32f4xx_hal_hcd.o
    0x08001b60   0x08001b60   0x00000018   Code   RO         1107    i.HAL_HCD_HC_GetURBState  stm32f4xx_hal_hcd.o
    0x08001b78   0x08001b78   0x00000016   Code   RO         1108    i.HAL_HCD_HC_GetXferCount  stm32f4xx_hal_hcd.o
    0x08001b8e   0x08001b8e   0x00000034   Code   RO         1109    i.HAL_HCD_HC_Halt   stm32f4xx_hal_hcd.o
    0x08001bc2   0x08001bc2   0x00000106   Code   RO         1110    i.HAL_HCD_HC_Init   stm32f4xx_hal_hcd.o
    0x08001cc8   0x08001cc8   0x00000002   Code   RO         3660    i.HAL_HCD_HC_NotifyURBChange_Callback  usbh_conf.o
    0x08001cca   0x08001cca   0x000002a4   Code   RO         1112    i.HAL_HCD_HC_SubmitRequest  stm32f4xx_hal_hcd.o
    0x08001f6e   0x08001f6e   0x00000178   Code   RO         1113    i.HAL_HCD_IRQHandler  stm32f4xx_hal_hcd.o
    0x080020e6   0x080020e6   0x00000074   Code   RO         1114    i.HAL_HCD_Init      stm32f4xx_hal_hcd.o
    0x0800215a   0x0800215a   0x00000002   PAD
    0x0800215c   0x0800215c   0x000000bc   Code   RO         3662    i.HAL_HCD_MspInit   usbh_conf.o
    0x08002218   0x08002218   0x0000000e   Code   RO         3663    i.HAL_HCD_PortDisabled_Callback  usbh_conf.o
    0x08002226   0x08002226   0x0000000e   Code   RO         3664    i.HAL_HCD_PortEnabled_Callback  usbh_conf.o
    0x08002234   0x08002234   0x0000000c   Code   RO         1119    i.HAL_HCD_ResetPort  stm32f4xx_hal_hcd.o
    0x08002240   0x08002240   0x0000000e   Code   RO         3665    i.HAL_HCD_SOF_Callback  usbh_conf.o
    0x0800224e   0x0800224e   0x00000036   Code   RO         1121    i.HAL_HCD_Start     stm32f4xx_hal_hcd.o
    0x08002284   0x08002284   0x0000002e   Code   RO         1122    i.HAL_HCD_Stop      stm32f4xx_hal_hcd.o
    0x080022b2   0x080022b2   0x00000002   PAD
    0x080022b4   0x080022b4   0x00000018   Code   RO         2894    i.HAL_IncTick       stm32f4xx_hal.o
    0x080022cc   0x080022cc   0x0000003c   Code   RO         2895    i.HAL_Init          stm32f4xx_hal.o
    0x08002308   0x08002308   0x0000004c   Code   RO         2896    i.HAL_InitTick      stm32f4xx_hal.o
    0x08002354   0x08002354   0x00000048   Code   RO         1022    i.HAL_MspInit       stm32f4xx_hal_msp.o
    0x0800239c   0x0800239c   0x00000020   Code   RO         2740    i.HAL_NVIC_EnableIRQ  stm32f4xx_hal_cortex.o
    0x080023bc   0x080023bc   0x0000007c   Code   RO         2746    i.HAL_NVIC_SetPriority  stm32f4xx_hal_cortex.o
    0x08002438   0x08002438   0x00000028   Code   RO         2747    i.HAL_NVIC_SetPriorityGrouping  stm32f4xx_hal_cortex.o
    0x08002460   0x08002460   0x00000034   Code   RO         2751    i.HAL_SYSTICK_Config  stm32f4xx_hal_cortex.o
    0x08002494   0x08002494   0x0000061c   Code   RO         1124    i.HCD_HC_IN_IRQHandler  stm32f4xx_hal_hcd.o
    0x08002ab0   0x08002ab0   0x00000666   Code   RO         1125    i.HCD_HC_OUT_IRQHandler  stm32f4xx_hal_hcd.o
    0x08003116   0x08003116   0x000000b6   Code   RO         1126    i.HCD_Port_IRQHandler  stm32f4xx_hal_hcd.o
    0x080031cc   0x080031cc   0x00000184   Code   RO         1127    i.HCD_RXQLVL_IRQHandler  stm32f4xx_hal_hcd.o
    0x08003350   0x08003350   0x00000004   Code   RO          923    i.HardFault_Handler  stm32f4xx_it.o
    0x08003354   0x08003354   0x00000054   Code   RO          634    i.LEFT_RIGHT_button_handrel  main.o
    0x080033a8   0x080033a8   0x00000044   Code   RO          635    i.LEFT_button_handrel  main.o
    0x080033ec   0x080033ec   0x0000001c   Code   RO          636    i.LL_AHB1_GRP1_EnableClock  main.o
    0x08003408   0x08003408   0x0000001c   Code   RO          637    i.LL_APB2_GRP1_EnableClock  main.o
    0x08003424   0x08003424   0x00000018   Code   RO          426    i.LL_DMA_DisableStream  gc9a01.o
    0x0800343c   0x0800343c   0x00000138   Code   RO         1051    i.LL_GPIO_Init      stm32f4xx_ll_gpio.o
    0x08003574   0x08003574   0x00000012   Code   RO          638    i.LL_GPIO_IsInputPinSet  main.o
    0x08003586   0x08003586   0x00000006   Code   RO          427    i.LL_GPIO_ResetOutputPin  gc9a01.o
    0x0800358c   0x0800358c   0x00000006   Code   RO          639    i.LL_GPIO_ResetOutputPin  main.o
    0x08003592   0x08003592   0x00000004   Code   RO          428    i.LL_GPIO_SetOutputPin  gc9a01.o
    0x08003596   0x08003596   0x0000006c   Code   RO         3200    i.LL_SPI_Init       stm32f4xx_ll_spi.o
    0x08003602   0x08003602   0x00000002   PAD
    0x08003604   0x08003604   0x0000000c   Code   RO         1704    i.LL_SetSystemCoreClock  stm32f4xx_ll_utils.o
    0x08003610   0x08003610   0x000000b0   Code   RO         3339    i.LL_TIM_Init       stm32f4xx_ll_tim.o
    0x080036c0   0x080036c0   0x0000002a   Code   RO          640    i.MX_DMA_Init       main.o
    0x080036ea   0x080036ea   0x00000002   PAD
    0x080036ec   0x080036ec   0x00000020   Code   RO         3840    i.MX_DriverVbusFS   usbh_platform.o
    0x0800370c   0x0800370c   0x0000001c   Code   RO         3580    i.MX_FATFS_Init     fatfs.o
    0x08003728   0x08003728   0x000000e8   Code   RO          641    i.MX_GPIO_Init      main.o
    0x08003810   0x08003810   0x00000160   Code   RO          642    i.MX_SPI1_Init      main.o
    0x08003970   0x08003970   0x0000009c   Code   RO          643    i.MX_TIM1_Init      main.o
    0x08003a0c   0x08003a0c   0x0000003c   Code   RO         3618    i.MX_USB_HOST_Init  usb_host.o
    0x08003a48   0x08003a48   0x00000010   Code   RO         3619    i.MX_USB_HOST_Process  usb_host.o
    0x08003a58   0x08003a58   0x00000004   Code   RO          924    i.MemManage_Handler  stm32f4xx_it.o
    0x08003a5c   0x08003a5c   0x00000068   Code   RO           87    i.Mount_USB         file_handling.o
    0x08003ac4   0x08003ac4   0x00000004   Code   RO          925    i.NMI_Handler       stm32f4xx_it.o
    0x08003ac8   0x08003ac8   0x00000040   Code   RO          644    i.NVIC_EncodePriority  main.o
    0x08003b08   0x08003b08   0x00000010   Code   RO          926    i.OTG_FS_IRQHandler  stm32f4xx_it.o
    0x08003b18   0x08003b18   0x00000002   Code   RO          927    i.PendSV_Handler    stm32f4xx_it.o
    0x08003b1a   0x08003b1a   0x00000002   PAD
    0x08003b1c   0x08003b1c   0x00000044   Code   RO          645    i.RIGHT_button_handrel  main.o
    0x08003b60   0x08003b60   0x00000128   Code   RO           88    i.Read_File         file_handling.o
    0x08003c88   0x08003c88   0x0000040c   Code   RO           89    i.Read_File_and_print_BMP  file_handling.o
    0x08004094   0x08004094   0x00000034   Code   RO          429    i.SPI_write         gc9a01.o
    0x080040c8   0x080040c8   0x00000002   Code   RO          928    i.SVC_Handler       stm32f4xx_it.o
    0x080040ca   0x080040ca   0x00000002   PAD
    0x080040cc   0x080040cc   0x0000015c   Code   RO           90    i.Scan_USB          file_handling.o
    0x08004228   0x08004228   0x00000074   Code   RO           91    i.Scan_USB_for_amount_of_files  file_handling.o
    0x0800429c   0x0800429c   0x00000164   Code   RO          430    i.ShowMenu          gc9a01.o
    0x08004400   0x08004400   0x00000008   Code   RO          929    i.SysTick_Handler   stm32f4xx_it.o
    0x08004408   0x08004408   0x00000160   Code   RO          646    i.SystemClock_Config  main.o
    0x08004568   0x08004568   0x00000014   Code   RO         3489    i.SystemInit        system_stm32f4xx.o
    0x0800457c   0x0800457c   0x00000020   Code   RO          930    i.TIM1_UP_TIM10_IRQHandler  stm32f4xx_it.o
    0x0800459c   0x0800459c   0x00000054   Code   RO          647    i.UP_DOWN_button_handrel  main.o
    0x080045f0   0x080045f0   0x00000044   Code   RO          648    i.UP_button_handrel  main.o
    0x08004634   0x08004634   0x0000002a   Code   RO         4749    i.USBH_AllocPipe    usbh_pipes.o
    0x0800465e   0x0800465e   0x0000002a   Code   RO         4675    i.USBH_BulkReceiveData  usbh_ioreq.o
    0x08004688   0x08004688   0x00000034   Code   RO         4676    i.USBH_BulkSendData  usbh_ioreq.o
    0x080046bc   0x080046bc   0x00000012   Code   RO         4750    i.USBH_ClosePipe    usbh_pipes.o
    0x080046ce   0x080046ce   0x00000028   Code   RO         4559    i.USBH_ClrFeature   usbh_ctlreq.o
    0x080046f6   0x080046f6   0x0000002a   Code   RO         4677    i.USBH_CtlReceiveData  usbh_ioreq.o
    0x08004720   0x08004720   0x00000054   Code   RO         4560    i.USBH_CtlReq       usbh_ctlreq.o
    0x08004774   0x08004774   0x00000034   Code   RO         4678    i.USBH_CtlSendData  usbh_ioreq.o
    0x080047a8   0x080047a8   0x00000026   Code   RO         4679    i.USBH_CtlSendSetup  usbh_ioreq.o
    0x080047ce   0x080047ce   0x0000000c   Code   RO         3666    i.USBH_Delay        usbh_conf.o
    0x080047da   0x080047da   0x00000050   Code   RO         4418    i.USBH_FindInterface  usbh_core.o
    0x0800482a   0x0800482a   0x0000001e   Code   RO         4751    i.USBH_FreePipe     usbh_pipes.o
    0x08004848   0x08004848   0x0000004a   Code   RO         4561    i.USBH_GetDescriptor  usbh_ctlreq.o
    0x08004892   0x08004892   0x00000028   Code   RO         4752    i.USBH_GetFreePipe  usbh_pipes.o
    0x080048ba   0x080048ba   0x00000012   Code   RO         4562    i.USBH_GetNextDesc  usbh_ctlreq.o
    0x080048cc   0x080048cc   0x0000002e   Code   RO         4563    i.USBH_Get_CfgDesc  usbh_ctlreq.o
    0x080048fa   0x080048fa   0x0000002e   Code   RO         4564    i.USBH_Get_DevDesc  usbh_ctlreq.o
    0x08004928   0x08004928   0x00000038   Code   RO         4565    i.USBH_Get_StringDesc  usbh_ctlreq.o
    0x08004960   0x08004960   0x0000002c   Code   RO         3667    i.USBH_Get_USB_Status  usbh_conf.o
    0x0800498c   0x0800498c   0x000001d4   Code   RO         4566    i.USBH_HandleControl  usbh_ctlreq.o
    0x08004b60   0x08004b60   0x000002c2   Code   RO         4421    i.USBH_HandleEnum   usbh_core.o
    0x08004e22   0x08004e22   0x0000001c   Code   RO         4422    i.USBH_HandleSof    usbh_core.o
    0x08004e3e   0x08004e3e   0x00000048   Code   RO         4423    i.USBH_Init         usbh_core.o
    0x08004e86   0x08004e86   0x00000026   Code   RO         3668    i.USBH_LL_ClosePipe  usbh_conf.o
    0x08004eac   0x08004eac   0x00000016   Code   RO         4425    i.USBH_LL_Connect   usbh_core.o
    0x08004ec2   0x08004ec2   0x0000002e   Code   RO         4426    i.USBH_LL_Disconnect  usbh_core.o
    0x08004ef0   0x08004ef0   0x0000001e   Code   RO         3670    i.USBH_LL_DriverVBUS  usbh_conf.o
    0x08004f0e   0x08004f0e   0x00000012   Code   RO         3671    i.USBH_LL_GetLastXferSize  usbh_conf.o
    0x08004f20   0x08004f20   0x00000030   Code   RO         3672    i.USBH_LL_GetSpeed  usbh_conf.o
    0x08004f50   0x08004f50   0x00000046   Code   RO         3673    i.USBH_LL_GetToggle  usbh_conf.o
    0x08004f96   0x08004f96   0x00000012   Code   RO         3674    i.USBH_LL_GetURBState  usbh_conf.o
    0x08004fa8   0x08004fa8   0x00000016   Code   RO         4427    i.USBH_LL_IncTimer  usbh_core.o
    0x08004fbe   0x08004fbe   0x00000002   PAD
    0x08004fc0   0x08004fc0   0x00000058   Code   RO         3675    i.USBH_LL_Init      usbh_conf.o
    0x08005018   0x08005018   0x00000040   Code   RO         3676    i.USBH_LL_OpenPipe  usbh_conf.o
    0x08005058   0x08005058   0x00000008   Code   RO         4428    i.USBH_LL_PortDisabled  usbh_core.o
    0x08005060   0x08005060   0x00000008   Code   RO         4429    i.USBH_LL_PortEnabled  usbh_core.o
    0x08005068   0x08005068   0x0000001e   Code   RO         3677    i.USBH_LL_ResetPort  usbh_conf.o
    0x08005086   0x08005086   0x00000006   Code   RO         4430    i.USBH_LL_SetTimer  usbh_core.o
    0x0800508c   0x0800508c   0x00000046   Code   RO         3678    i.USBH_LL_SetToggle  usbh_conf.o
    0x080050d2   0x080050d2   0x0000001e   Code   RO         3679    i.USBH_LL_Start     usbh_conf.o
    0x080050f0   0x080050f0   0x0000001e   Code   RO         3680    i.USBH_LL_Stop      usbh_conf.o
    0x0800510e   0x0800510e   0x00000040   Code   RO         3681    i.USBH_LL_SubmitURB  usbh_conf.o
    0x0800514e   0x0800514e   0x0000003c   Code   RO         4890    i.USBH_MSC_BOT_Abort  usbh_msc_bot.o
    0x0800518a   0x0800518a   0x00000002   PAD
    0x0800518c   0x0800518c   0x00000028   Code   RO         4891    i.USBH_MSC_BOT_Init  usbh_msc_bot.o
    0x080051b4   0x080051b4   0x0000026e   Code   RO         4892    i.USBH_MSC_BOT_Process  usbh_msc_bot.o
    0x08005422   0x08005422   0x00000024   Code   RO         4893    i.USBH_MSC_BOT_REQ_GetMaxLUN  usbh_msc_bot.o
    0x08005446   0x08005446   0x00000020   Code   RO         4894    i.USBH_MSC_BOT_REQ_Reset  usbh_msc_bot.o
    0x08005466   0x08005466   0x0000009c   Code   RO         4798    i.USBH_MSC_ClassRequest  usbh_msc.o
    0x08005502   0x08005502   0x00000002   PAD
    0x08005504   0x08005504   0x00000058   Code   RO         4895    i.USBH_MSC_DecodeCSW  usbh_msc_bot.o
    0x0800555c   0x0800555c   0x00000038   Code   RO         4799    i.USBH_MSC_GetLUNInfo  usbh_msc.o
    0x08005594   0x08005594   0x00000058   Code   RO         4801    i.USBH_MSC_InterfaceDeInit  usbh_msc.o
    0x080055ec   0x080055ec   0x000001c0   Code   RO         4802    i.USBH_MSC_InterfaceInit  usbh_msc.o
    0x080057ac   0x080057ac   0x000004c2   Code   RO         4804    i.USBH_MSC_Process  usbh_msc.o
    0x08005c6e   0x08005c6e   0x0000016c   Code   RO         4805    i.USBH_MSC_RdWrProcess  usbh_msc.o
    0x08005dda   0x08005dda   0x0000009c   Code   RO         4806    i.USBH_MSC_Read     usbh_msc.o
    0x08005e76   0x08005e76   0x00000100   Code   RO         4944    i.USBH_MSC_SCSI_Inquiry  usbh_msc_scsi.o
    0x08005f76   0x08005f76   0x000000a6   Code   RO         4945    i.USBH_MSC_SCSI_Read  usbh_msc_scsi.o
    0x0800601c   0x0800601c   0x000000a8   Code   RO         4946    i.USBH_MSC_SCSI_ReadCapacity  usbh_msc_scsi.o
    0x080060c4   0x080060c4   0x000000b2   Code   RO         4947    i.USBH_MSC_SCSI_RequestSense  usbh_msc_scsi.o
    0x08006176   0x08006176   0x00000062   Code   RO         4948    i.USBH_MSC_SCSI_TestUnitReady  usbh_msc_scsi.o
    0x080061d8   0x080061d8   0x000000a6   Code   RO         4949    i.USBH_MSC_SCSI_Write  usbh_msc_scsi.o
    0x0800627e   0x0800627e   0x00000006   Code   RO         4807    i.USBH_MSC_SOFProcess  usbh_msc.o
    0x08006284   0x08006284   0x0000002c   Code   RO         4808    i.USBH_MSC_UnitIsReady  usbh_msc.o
    0x080062b0   0x080062b0   0x0000009c   Code   RO         4809    i.USBH_MSC_Write    usbh_msc.o
    0x0800634c   0x0800634c   0x0000002a   Code   RO         4753    i.USBH_OpenPipe     usbh_pipes.o
    0x08006376   0x08006376   0x00000154   Code   RO         4567    i.USBH_ParseCfgDesc  usbh_ctlreq.o
    0x080064ca   0x080064ca   0x00000080   Code   RO         4568    i.USBH_ParseDevDesc  usbh_ctlreq.o
    0x0800654a   0x0800654a   0x000000b0   Code   RO         4569    i.USBH_ParseEPDesc  usbh_ctlreq.o
    0x080065fa   0x080065fa   0x00000026   Code   RO         4570    i.USBH_ParseInterfaceDesc  usbh_ctlreq.o
    0x08006620   0x08006620   0x00000036   Code   RO         4571    i.USBH_ParseStringDesc  usbh_ctlreq.o
    0x08006656   0x08006656   0x000002e2   Code   RO         4431    i.USBH_Process      usbh_core.o
    0x08006938   0x08006938   0x00000032   Code   RO         4433    i.USBH_RegisterClass  usbh_core.o
    0x0800696a   0x0800696a   0x00000028   Code   RO         4434    i.USBH_SelectInterface  usbh_core.o
    0x08006992   0x08006992   0x00000028   Code   RO         4572    i.USBH_SetAddress   usbh_ctlreq.o
    0x080069ba   0x080069ba   0x00000028   Code   RO         4573    i.USBH_SetCfg       usbh_ctlreq.o
    0x080069e2   0x080069e2   0x00000028   Code   RO         4574    i.USBH_SetFeature   usbh_ctlreq.o
    0x08006a0a   0x08006a0a   0x00000016   Code   RO         4435    i.USBH_Start        usbh_core.o
    0x08006a20   0x08006a20   0x00000038   Code   RO         3620    i.USBH_UserProcess  usb_host.o
    0x08006a58   0x08006a58   0x00000006   Code   RO         3525    i.USBH_initialize   usbh_diskio.o
    0x08006a5e   0x08006a5e   0x00000002   PAD
    0x08006a60   0x08006a60   0x00000084   Code   RO         3526    i.USBH_ioctl        usbh_diskio.o
    0x08006ae4   0x08006ae4   0x00000068   Code   RO         3527    i.USBH_read         usbh_diskio.o
    0x08006b4c   0x08006b4c   0x00000020   Code   RO         3528    i.USBH_status       usbh_diskio.o
    0x08006b6c   0x08006b6c   0x00000074   Code   RO         3529    i.USBH_write        usbh_diskio.o
    0x08006be0   0x08006be0   0x00000084   Code   RO         1287    i.USB_CoreInit      stm32f4xx_ll_usb.o
    0x08006c64   0x08006c64   0x00000058   Code   RO         1288    i.USB_CoreReset     stm32f4xx_ll_usb.o
    0x08006cbc   0x08006cbc   0x0000000e   Code   RO         1295    i.USB_DisableGlobalInt  stm32f4xx_ll_usb.o
    0x08006cca   0x08006cca   0x00000002   PAD
    0x08006ccc   0x08006ccc   0x00000044   Code   RO         1296    i.USB_DoPing        stm32f4xx_ll_usb.o
    0x08006d10   0x08006d10   0x0000004a   Code   RO         1297    i.USB_DriveVbus     stm32f4xx_ll_usb.o
    0x08006d5a   0x08006d5a   0x0000000e   Code   RO         1304    i.USB_EnableGlobalInt  stm32f4xx_ll_usb.o
    0x08006d68   0x08006d68   0x00000054   Code   RO         1305    i.USB_FlushRxFifo   stm32f4xx_ll_usb.o
    0x08006dbc   0x08006dbc   0x00000058   Code   RO         1306    i.USB_FlushTxFifo   stm32f4xx_ll_usb.o
    0x08006e14   0x08006e14   0x0000000e   Code   RO         1307    i.USB_GetCurrentFrame  stm32f4xx_ll_usb.o
    0x08006e22   0x08006e22   0x00000018   Code   RO         1309    i.USB_GetHostSpeed  stm32f4xx_ll_usb.o
    0x08006e3a   0x08006e3a   0x0000000a   Code   RO         1310    i.USB_GetMode       stm32f4xx_ll_usb.o
    0x08006e44   0x08006e44   0x00000172   Code   RO         1311    i.USB_HC_Halt       stm32f4xx_ll_usb.o
    0x08006fb6   0x08006fb6   0x000001c2   Code   RO         1312    i.USB_HC_Init       stm32f4xx_ll_usb.o
    0x08007178   0x08007178   0x0000000e   Code   RO         1313    i.USB_HC_ReadInterrupt  stm32f4xx_ll_usb.o
    0x08007186   0x08007186   0x00000002   PAD
    0x08007188   0x08007188   0x000001d0   Code   RO         1314    i.USB_HC_StartXfer  stm32f4xx_ll_usb.o
    0x08007358   0x08007358   0x000000fc   Code   RO         1315    i.USB_HostInit      stm32f4xx_ll_usb.o
    0x08007454   0x08007454   0x00000044   Code   RO         1316    i.USB_InitFSLSPClkSel  stm32f4xx_ll_usb.o
    0x08007498   0x08007498   0x0000000a   Code   RO         1321    i.USB_ReadInterrupts  stm32f4xx_ll_usb.o
    0x080074a2   0x080074a2   0x00000060   Code   RO         1322    i.USB_ReadPacket    stm32f4xx_ll_usb.o
    0x08007502   0x08007502   0x0000003c   Code   RO         1323    i.USB_ResetPort     stm32f4xx_ll_usb.o
    0x0800753e   0x0800753e   0x00000068   Code   RO         1324    i.USB_SetCurrentMode  stm32f4xx_ll_usb.o
    0x080075a6   0x080075a6   0x000000c6   Code   RO         1329    i.USB_StopHost      stm32f4xx_ll_usb.o
    0x0800766c   0x0800766c   0x00000044   Code   RO         1330    i.USB_WritePacket   stm32f4xx_ll_usb.o
    0x080076b0   0x080076b0   0x00000064   Code   RO           92    i.Unmount_USB       file_handling.o
    0x08007714   0x08007714   0x00000004   Code   RO          931    i.UsageFault_Handler  stm32f4xx_it.o
    0x08007718   0x08007718   0x0000001a   Code   RO          649    i.__NVIC_EnableIRQ  main.o
    0x08007732   0x08007732   0x00000002   PAD
    0x08007734   0x08007734   0x00000010   Code   RO          650    i.__NVIC_GetPriorityGrouping  main.o
    0x08007744   0x08007744   0x00000010   Code   RO         2753    i.__NVIC_GetPriorityGrouping  stm32f4xx_hal_cortex.o
    0x08007754   0x08007754   0x00000028   Code   RO          651    i.__NVIC_SetPriority  main.o
    0x0800777c   0x0800777c   0x00000028   Code   RO         2754    i.__NVIC_SetPriority  stm32f4xx_hal_cortex.o
    0x080077a4   0x080077a4   0x0000000e   Code   RO         5087    i._is_digit         c_w.l(__printf_wp.o)
    0x080077b2   0x080077b2   0x00000054   Code   RO           93    i.calculate_shift   file_handling.o
    0x08007806   0x08007806   0x00000002   PAD
    0x08007808   0x08007808   0x00000128   Code   RO          652    i.check_for_USB_storage_connection  main.o
    0x08007930   0x08007930   0x0000007c   Code   RO         3921    i.check_fs          ff.o
    0x080079ac   0x080079ac   0x00000080   Code   RO           94    i.check_if_file_exist  file_handling.o
    0x08007a2c   0x08007a2c   0x00000090   Code   RO           95    i.check_if_file_opens  file_handling.o
    0x08007abc   0x08007abc   0x00000044   Code   RO          432    i.chek_menu_member_for_the_file_type  gc9a01.o
    0x08007b00   0x08007b00   0x00000014   Code   RO         3922    i.chk_chr           ff.o
    0x08007b14   0x08007b14   0x0000007c   Code   RO         3923    i.chk_lock          ff.o
    0x08007b90   0x08007b90   0x0000001c   Code   RO          653    i.clear_and_set_root  main.o
    0x08007bac   0x08007bac   0x00000028   Code   RO         3924    i.clear_lock        ff.o
    0x08007bd4   0x08007bd4   0x00000016   Code   RO           96    i.clear_row         file_handling.o
    0x08007bea   0x08007bea   0x00000032   Code   RO         3925    i.clmt_clust        ff.o
    0x08007c1c   0x08007c1c   0x0000001a   Code   RO         3926    i.clust2sect        ff.o
    0x08007c36   0x08007c36   0x00000002   PAD
    0x08007c38   0x08007c38   0x00000098   Code   RO         3927    i.cmp_lfn           ff.o
    0x08007cd0   0x08007cd0   0x00000172   Code   RO           98    i.compress_row      file_handling.o
    0x08007e42   0x08007e42   0x000000de   Code   RO         3928    i.create_chain      ff.o
    0x08007f20   0x08007f20   0x00000230   Code   RO         3929    i.create_name       ff.o
    0x08008150   0x08008150   0x00000044   Code   RO         3930    i.dec_lock          ff.o
    0x08008194   0x08008194   0x00000018   Code   RO          654    i.delay_ms          main.o
    0x080081ac   0x080081ac   0x00000060   Code   RO         3931    i.dir_alloc         ff.o
    0x0800820c   0x0800820c   0x000000fc   Code   RO         3932    i.dir_find          ff.o
    0x08008308   0x08008308   0x0000010c   Code   RO         3933    i.dir_next          ff.o
    0x08008414   0x08008414   0x000000d2   Code   RO         3934    i.dir_read          ff.o
    0x080084e6   0x080084e6   0x00000142   Code   RO         3935    i.dir_register      ff.o
    0x08008628   0x08008628   0x0000009a   Code   RO         3937    i.dir_sdi           ff.o
    0x080086c2   0x080086c2   0x00000002   PAD
    0x080086c4   0x080086c4   0x0000002c   Code   RO         3864    i.disk_initialize   diskio.o
    0x080086f0   0x080086f0   0x00000028   Code   RO         3865    i.disk_ioctl        diskio.o
    0x08008718   0x08008718   0x00000030   Code   RO         3866    i.disk_read         diskio.o
    0x08008748   0x08008748   0x0000001c   Code   RO         3867    i.disk_status       diskio.o
    0x08008764   0x08008764   0x00000030   Code   RO         3868    i.disk_write        diskio.o
    0x08008794   0x08008794   0x00000028   Code   RO         3938    i.enq_lock          ff.o
    0x080087bc   0x080087bc   0x0000002c   Code   RO         3939    i.f_close           ff.o
    0x080087e8   0x080087e8   0x00000026   Code   RO         3940    i.f_closedir        ff.o
    0x0800880e   0x0800880e   0x000002b0   Code   RO         3943    i.f_lseek           ff.o
    0x08008abe   0x08008abe   0x00000002   PAD
    0x08008ac0   0x08008ac0   0x0000005c   Code   RO           99    i.f_lseek_with_error_message  file_handling.o
    0x08008b1c   0x08008b1c   0x00000060   Code   RO         3946    i.f_mount           ff.o
    0x08008b7c   0x08008b7c   0x0000023a   Code   RO         3947    i.f_open            ff.o
    0x08008db6   0x08008db6   0x00000098   Code   RO         3948    i.f_opendir         ff.o
    0x08008e4e   0x08008e4e   0x000001ac   Code   RO         3952    i.f_read            ff.o
    0x08008ffa   0x08008ffa   0x0000005c   Code   RO         3953    i.f_readdir         ff.o
    0x08009056   0x08009056   0x00000048   Code   RO         3955    i.f_stat            ff.o
    0x0800909e   0x0800909e   0x000000a0   Code   RO         3956    i.f_sync            ff.o
    0x0800913e   0x0800913e   0x00000002   PAD
    0x08009140   0x08009140   0x0000004c   Code   RO         4384    i.ff_convert        ccsbcs.o
    0x0800918c   0x0800918c   0x000000a4   Code   RO         4385    i.ff_wtoupper       ccsbcs.o
    0x08009230   0x08009230   0x00000300   Code   RO         3960    i.find_volume       ff.o
    0x08009530   0x08009530   0x000000a2   Code   RO         3961    i.follow_path       ff.o
    0x080095d2   0x080095d2   0x00000002   PAD
    0x080095d4   0x080095d4   0x000000b4   Code   RO         3962    i.gen_numname       ff.o
    0x08009688   0x08009688   0x00000026   Code   RO          433    i.get_active_menu_member  gc9a01.o
    0x080096ae   0x080096ae   0x000000e0   Code   RO         3963    i.get_fat           ff.o
    0x0800978e   0x0800978e   0x00000004   Code   RO         3581    i.get_fattime       fatfs.o
    0x08009792   0x08009792   0x00000142   Code   RO         3964    i.get_fileinfo      ff.o
    0x080098d4   0x080098d4   0x00000048   Code   RO         3965    i.get_ldnumber      ff.o
    0x0800991c   0x0800991c   0x000000bc   Code   RO         3966    i.inc_lock          ff.o
    0x080099d8   0x080099d8   0x00000026   Code   RO         3967    i.ld_clust          ff.o
    0x080099fe   0x080099fe   0x00000018   Code   RO         3968    i.ld_dword          ff.o
    0x08009a16   0x08009a16   0x0000000c   Code   RO         3969    i.ld_word           ff.o
    0x08009a22   0x08009a22   0x00000002   PAD
    0x08009a24   0x08009a24   0x0000030c   Code   RO          657    i.main              main.o
    0x08009d30   0x08009d30   0x00000024   Code   RO         3970    i.mem_cmp           ff.o
    0x08009d54   0x08009d54   0x0000001a   Code   RO         3971    i.mem_cpy           ff.o
    0x08009d6e   0x08009d6e   0x00000012   Code   RO         3972    i.mem_set           ff.o
    0x08009d80   0x08009d80   0x000000fc   Code   RO          434    i.menu_active_member_running_text_animation  gc9a01.o
    0x08009e7c   0x08009e7c   0x00000034   Code   RO         3973    i.move_window       ff.o
    0x08009eb0   0x08009eb0   0x00000088   Code   RO         3974    i.pick_lfn          ff.o
    0x08009f38   0x08009f38   0x00000138   Code   RO         3975    i.put_fat           ff.o
    0x0800a070   0x0800a070   0x00000080   Code   RO         3976    i.put_lfn           ff.o
    0x0800a0f0   0x0800a0f0   0x000000e0   Code   RO          101    i.read_BMP_header   file_handling.o
    0x0800a1d0   0x0800a1d0   0x000000d0   Code   RO          658    i.refresh_BMP_image  main.o
    0x0800a2a0   0x0800a2a0   0x000000e4   Code   RO          435    i.refresh_menu_member  gc9a01.o
    0x0800a384   0x0800a384   0x0000009a   Code   RO         3980    i.remove_chain      ff.o
    0x0800a41e   0x0800a41e   0x00000024   Code   RO         3981    i.st_clust          ff.o
    0x0800a442   0x0800a442   0x00000018   Code   RO         3982    i.st_dword          ff.o
    0x0800a45a   0x0800a45a   0x0000000c   Code   RO         3983    i.st_word           ff.o
    0x0800a466   0x0800a466   0x00000020   Code   RO         3984    i.sum_sfn           ff.o
    0x0800a486   0x0800a486   0x00000002   PAD
    0x0800a488   0x0800a488   0x00000090   Code   RO         3985    i.sync_fs           ff.o
    0x0800a518   0x0800a518   0x00000052   Code   RO         3986    i.sync_window       ff.o
    0x0800a56a   0x0800a56a   0x0000003c   Code   RO         3987    i.validate          ff.o
    0x0800a5a6   0x0800a5a6   0x00000002   PAD
    0x0800a5a8   0x0800a5a8   0x00000028   Code   RO          659    i.view_image_DOWN_button_handler  main.o
    0x0800a5d0   0x0800a5d0   0x00000028   Code   RO          660    i.view_image_LEFT_button_handler  main.o
    0x0800a5f8   0x0800a5f8   0x00000018   Code   RO          661    i.view_image_RIGHT_button_handler  main.o
    0x0800a610   0x0800a610   0x00000018   Code   RO          662    i.view_image_UP_button_handler  main.o
    0x0800a628   0x0800a628   0x00000174   Code   RO          663    i.view_menu_DOWN_button_handler  main.o
    0x0800a79c   0x0800a79c   0x000000e0   Code   RO          664    i.view_menu_LEFT_button_handler  main.o
    0x0800a87c   0x0800a87c   0x000002f4   Code   RO          665    i.view_menu_RIGHT_button_handler  main.o
    0x0800ab70   0x0800ab70   0x00000164   Code   RO          666    i.view_menu_UP_button_handler  main.o
    0x0800acd4   0x0800acd4   0x00000018   Code   RO          667    i.view_txt_DOWN_button_handler  main.o
    0x0800acec   0x0800acec   0x00000044   Code   RO          668    i.view_txt_LEFT_button_handler  main.o
    0x0800ad30   0x0800ad30   0x00000002   Code   RO          669    i.view_txt_RIGHT_button_handler  main.o
    0x0800ad32   0x0800ad32   0x00000002   PAD
    0x0800ad34   0x0800ad34   0x00000018   Code   RO          670    i.view_txt_UP_button_handler  main.o
    0x0800ad4c   0x0800ad4c   0x0000000a   Code   RO         5256    x$fpl$fpinit        fz_wm.l(fpinit.o)
    0x0800ad56   0x0800ad56   0x00000be0   Data   RO           42    .constdata          font16.o
    0x0800b936   0x0800b936   0x00000ed8   Data   RO           56    .constdata          font20.o
    0x0800c80e   0x0800c80e   0x0000002b   Data   RO          436    .constdata          gc9a01.o
    0x0800c839   0x0800c839   0x0000002b   Data   RO          672    .constdata          main.o
    0x0800c864   0x0800c864   0x00000040   Data   RO         3530    .constdata          usbh_diskio.o
    0x0800c8a4   0x0800c8a4   0x000000d4   Data   RO         3989    .constdata          ff.o
    0x0800c978   0x0800c978   0x000003da   Data   RO         4386    .constdata          ccsbcs.o
    0x0800cd52   0x0800cd52   0x00000002   PAD
    0x0800cd54   0x0800cd54   0x00000004   Data   RO         4811    .conststring        usbh_msc.o
    0x0800cd58   0x0800cd58   0x00000020   Data   RO         5345    Region$$Table       anon$$obj.o


    Execution Region RW_IRAM1 (Exec base: 0x20000000, Load base: 0x0800cd78, Size: 0x0000e3b0, Max: 0x00020000, ABSOLUTE, COMPRESSED[0x000063bc])

    Exec Addr    Load Addr    Size         Type   Attr      Idx    E Section Name        Object

    0x20000000   COMPRESSED   0x00000008   Data   RW           43    .data               font16.o
    0x20000008   COMPRESSED   0x00000008   Data   RW           57    .data               font20.o
    0x20000010   COMPRESSED   0x0000001c   Data   RW          104    .data               file_handling.o
    0x2000002c   COMPRESSED   0x0000000a   Data   RW          437    .data               gc9a01.o
    0x20000036   COMPRESSED   0x00000002   PAD
    0x20000038   COMPRESSED   0x00009b38   Data   RW          673    .data               main.o
    0x20009b70   COMPRESSED   0x00000009   Data   RW         2902    .data               stm32f4xx_hal.o
    0x20009b79   COMPRESSED   0x00000003   PAD
    0x20009b7c   COMPRESSED   0x00000004   Data   RW         3491    .data               system_stm32f4xx.o
    0x20009b80   COMPRESSED   0x00000005   Data   RW         3584    .data               fatfs.o
    0x20009b85   COMPRESSED   0x00000001   Data   RW         3623    .data               usb_host.o
    0x20009b86   COMPRESSED   0x00000002   PAD
    0x20009b88   COMPRESSED   0x00000006   Data   RW         3990    .data               ff.o
    0x20009b8e   COMPRESSED   0x00000002   PAD
    0x20009b90   COMPRESSED   0x00000020   Data   RW         4812    .data               usbh_msc.o
    0x20009bb0        -       0x00000118   Zero   RW          102    .bss                file_handling.o
    0x20009cc8        -       0x00000b18   Zero   RW          671    .bss                main.o
    0x2000a7e0        -       0x00000464   Zero   RW         3582    .bss                fatfs.o
    0x2000ac44        -       0x000003d8   Zero   RW         3621    .bss                usb_host.o
    0x2000b01c        -       0x00000304   Zero   RW         3682    .bss                usbh_conf.o
    0x2000b320        -       0x00000020   Zero   RW         3988    .bss                ff.o
    0x2000b340        -       0x0000000c   Zero   RW         4311    .bss                ff_gen_drv.o
    0x2000b34c        -       0x00000060   Zero   RW         5218    .bss                c_w.l(libspace.o)
    0x2000b3ac   COMPRESSED   0x00000004   PAD
    0x2000b3b0        -       0x00001000   Zero   RW            2    HEAP                startup_stm32f411xe.o
    0x2000c3b0        -       0x00002000   Zero   RW            1    STACK               startup_stm32f411xe.o


==============================================================================

Image component sizes


      Code (inc. data)   RO Data    RW Data    ZI Data      Debug   Object Name

       240         24        986          0          0       2391   ccsbcs.o
       208         24          0          0          0       3969   diskio.o
        32         12          0          5       1124       1756   fatfs.o
      8310        108        212          6         32      51400   ff.o
       102          6          0          0         12       1883   ff_gen_drv.o
      3064        730          0         28        280     398934   file_handling.o
         0          0       3040          8          0       1099   font16.o
         0          0       3800          8          0       1099   font20.o
         0          0          0          0          0       4508   font8.o
      3956        184         43         10          0      50160   gc9a01.o
      5222        610         43      39736       2840     152480   main.o
        64         26        408          0      12288        856   startup_stm32f411xe.o
       212         36          0          9          0       9361   stm32f4xx_hal.o
       304         22          0          0          0      34547   stm32f4xx_hal_cortex.o
       488         32          0          0          0       2789   stm32f4xx_hal_gpio.o
      5436          0          0          0          0      13881   stm32f4xx_hal_hcd.o
        72          4          0          0          0        882   stm32f4xx_hal_msp.o
       154         18          0          0          0      46979   stm32f4xx_it.o
       312          0          0          0          0       7379   stm32f4xx_ll_gpio.o
       108          0          0          0          0      14554   stm32f4xx_ll_spi.o
       176         28          0          0          0      30334   stm32f4xx_ll_tim.o
      2764         48          0          0          0      18719   stm32f4xx_ll_usb.o
        12          6          0          0          0        600   stm32f4xx_ll_utils.o
         0          0          0          0          0        552   syscall.o
        20          6          0          4          0       1171   system_stm32f4xx.o
       132         26          0          1        984       2470   usb_host.o
       914         16          0          0        772      15497   usbh_conf.o
      1942         22          0          0          0      11755   usbh_core.o
      1688         12          0          0          0      13610   usbh_ctlreq.o
       390         20         64          0          0       4505   usbh_diskio.o
       226          0          0          0          0       4596   usbh_ioreq.o
      2692         10          4         32          0      11121   usbh_msc.o
       878         26          0          0          0       5401   usbh_msc_bot.o
      1032          0          0          0          0       6007   usbh_msc_scsi.o
       172          0          0          0          0       4090   usbh_pipes.o
        32          4          0          0          0        602   usbh_platform.o

    ----------------------------------------------------------------------
     41406       2060       8634      39856      18332     931937   Object Totals
         0          0         32          0          0          0   (incl. Generated)
        52          0          2          9          0          0   (incl. Padding)

    ----------------------------------------------------------------------

      Code (inc. data)   RO Data    RW Data    ZI Data      Debug   Library Member Name

       100          0          0          0          0          0   __dclz77c.o
         8          0          0          0          0         68   __main.o
       284          0          0          0          0        156   __printf_wp.o
         0          0          0          0          0          0   __rtentry.o
        12          0          0          0          0          0   __rtentry2.o
         6          0          0          0          0          0   __rtentry4.o
        52          8          0          0          0          0   __scatter.o
        28          0          0          0          0          0   __scatter_zi.o
        44          0          0          0          0        108   _printf_char.o
        48          6          0          0          0         96   _printf_char_common.o
         6          0          0          0          0          0   _printf_d.o
       120         16          0          0          0         92   _printf_dec.o
       178          0          0          0          0         88   _printf_intcommon.o
         0          0          0          0          0          0   _printf_percent.o
         4          0          0          0          0          0   _printf_percent_end.o
         6          0          0          0          0          0   _printf_s.o
        82          0          0          0          0         80   _printf_str.o
        16          0          0          0          0         68   _snputc.o
        10          0          0          0          0         68   _sputc.o
        10          0          0          0          0         68   defsig_exit.o
        50          0          0          0          0         88   defsig_general.o
        80         58          0          0          0         76   defsig_rtmem_inner.o
        14          0          0          0          0         80   defsig_rtmem_outer.o
        18          0          0          0          0         80   exit.o
        94          0          0          0          0         80   h1_alloc.o
        52          0          0          0          0         68   h1_extend.o
        78          0          0          0          0         80   h1_free.o
        14          0          0          0          0         84   h1_init.o
         6          0          0          0          0        152   heapauxi.o
         4          0          0          0          0        136   hguard.o
         0          0          0          0          0          0   indicate_semi.o
       138          0          0          0          0        168   init_alloc.o
         2          0          0          0          0          0   libinit.o
        14          0          0          0          0          0   libinit2.o
         2          0          0          0          0          0   libshutdown.o
         2          0          0          0          0          0   libshutdown2.o
         8          4          0          0         96         68   libspace.o
         0          0          0          0          0          0   maybetermalloc1.o
        52          4          0          0          0         84   noretval__2snprintf.o
        40          6          0          0          0         84   noretval__2sprintf.o
         8          4          0          0          0         68   rt_heap_descriptor_intlibspace.o
        68          0          0          0          0         68   rt_memclr.o
        78          0          0          0          0         80   rt_memclr_w.o
       138          0          0          0          0         68   rt_memcpy_v6.o
       100          0          0          0          0         80   rt_memcpy_w.o
         2          0          0          0          0          0   rtexit.o
        10          0          0          0          0          0   rtexit2.o
       128          0          0          0          0         68   strcmpv7m.o
        72          0          0          0          0         80   strcpy.o
        62          0          0          0          0         76   strlen.o
        86          0          0          0          0         76   strncpy.o
        12          4          0          0          0         68   sys_exit.o
        74          0          0          0          0         80   sys_stackheap_outer.o
        14          0          0          0          0         76   sys_wrch.o
         2          0          0          0          0         68   use_no_semi.o
        10          0          0          0          0        116   fpinit.o

    ----------------------------------------------------------------------
      2560        110          0          0        100       3292   Library Totals
        14          0          0          0          4          0   (incl. Padding)

    ----------------------------------------------------------------------

      Code (inc. data)   RO Data    RW Data    ZI Data      Debug   Library Name

      2536        110          0          0         96       3176   c_w.l
        10          0          0          0          0        116   fz_wm.l

    ----------------------------------------------------------------------
      2560        110          0          0        100       3292   Library Totals

    ----------------------------------------------------------------------

==============================================================================


      Code (inc. data)   RO Data    RW Data    ZI Data      Debug   

     43966       2170       8634      39856      18432     903609   Grand Totals
     43966       2170       8634      25532      18432     903609   ELF Image Totals (compressed)
     43966       2170       8634      25532          0          0   ROM Totals

==============================================================================

    Total RO  Size (Code + RO Data)                52600 (  51.37kB)
    Total RW  Size (RW Data + ZI Data)             58288 (  56.92kB)
    Total ROM Size (Code + RO Data + RW Data)      78132 (  76.30kB)

==============================================================================

